Component: ARM Compiler 5.06 update 7 (build 960) Tool: armlink [4d3601]

==============================================================================

Section Cross References

    main.o(i.add_type) refers to main.o(i.key_password_add) for key_password_add
    main.o(i.add_type) refers to main.o(i.idcard_add) for idcard_add
    main.o(i.add_type) refers to main.o(i.finger_add) for finger_add
    main.o(i.finger_add) refers to strrchr.o(.text) for strrchr
    main.o(i.finger_add) refers to log.o(i.logd) for logd
    main.o(i.finger_add) refers to key.o(i.KEY_Read) for KEY_Read
    main.o(i.finger_add) refers to fpm383c.o(i.FPM383C_Add) for FPM383C_Add
    main.o(i.finger_add) refers to main.o(.constdata) for __FUNCTION__
    main.o(i.flash_read) refers to stmflash.o(i.STMFLASH_Read) for STMFLASH_Read
    main.o(i.flash_read) refers to main.o(.bss) for g_password
    main.o(i.flash_reset) refers to stmflash.o(i.STMFLASH_Write) for STMFLASH_Write
    main.o(i.flash_reset) refers to strrchr.o(.text) for strrchr
    main.o(i.flash_reset) refers to log.o(i.logd) for logd
    main.o(i.flash_reset) refers to main.o(.bss) for g_password
    main.o(i.flash_reset) refers to main.o(.constdata) for __FUNCTION__
    main.o(i.key_password_add) refers to _printf_percent.o(.ARM.Collect$$_printf_percent$$00000000) for _printf_percent
    main.o(i.key_password_add) refers to _printf_s.o(.ARM.Collect$$_printf_percent$$00000014) for _printf_s
    main.o(i.key_password_add) refers to _printf_str.o(.text) for _printf_str
    main.o(i.key_password_add) refers to strrchr.o(.text) for strrchr
    main.o(i.key_password_add) refers to log.o(i.logd) for logd
    main.o(i.key_password_add) refers to key.o(i.KEY_Read) for KEY_Read
    main.o(i.key_password_add) refers to strlen.o(.text) for strlen
    main.o(i.key_password_add) refers to __2snprintf.o(.text) for __2snprintf
    main.o(i.key_password_add) refers to stmflash.o(i.STMFLASH_Write) for STMFLASH_Write
    main.o(i.key_password_add) refers to tasks.o(i.vTaskDelay) for vTaskDelay
    main.o(i.key_password_add) refers to main.o(.constdata) for __FUNCTION__
    main.o(i.key_password_add) refers to main.o(.bss) for g_password
    main.o(i.key_process) refers to main.o(i.flash_reset) for flash_reset
    main.o(i.key_process) refers to mcu_api.o(i.mcu_reset_wifi) for mcu_reset_wifi
    main.o(i.key_process) refers to tasks.o(i.vTaskDelay) for vTaskDelay
    main.o(i.key_process) refers to mcu_api.o(i.mcu_set_wifi_mode) for mcu_set_wifi_mode
    main.o(i.key_process) refers to strrchr.o(.text) for strrchr
    main.o(i.key_process) refers to log.o(i.logd) for logd
    main.o(i.key_process) refers to mcu_api.o(i.mcu_get_wifi_work_state) for mcu_get_wifi_work_state
    main.o(i.key_process) refers to main.o(i.keypassword_open_process) for keypassword_open_process
    main.o(i.key_process) refers to main.o(i.user_add) for user_add
    main.o(i.key_process) refers to system.o(.data) for set_wifimode_flag
    main.o(i.key_process) refers to main.o(.constdata) for __FUNCTION__
    main.o(i.key_task) refers to _printf_percent.o(.ARM.Collect$$_printf_percent$$00000000) for _printf_percent
    main.o(i.key_task) refers to _printf_d.o(.ARM.Collect$$_printf_percent$$00000009) for _printf_d
    main.o(i.key_task) refers to _printf_dec.o(.text) for _printf_int_dec
    main.o(i.key_task) refers to strrchr.o(.text) for strrchr
    main.o(i.key_task) refers to log.o(i.logd) for logd
    main.o(i.key_task) refers to key.o(i.KEY_Read) for KEY_Read
    main.o(i.key_task) refers to rt_memclr_w.o(.text) for __aeabi_memclr4
    main.o(i.key_task) refers to __2snprintf.o(.text) for __2snprintf
    main.o(i.key_task) refers to oled.o(i.OLED_ShowString) for OLED_ShowString
    main.o(i.key_task) refers to main.o(i.key_process) for key_process
    main.o(i.key_task) refers to tasks.o(i.vTaskDelay) for vTaskDelay
    main.o(i.key_task) refers to main.o(.constdata) for __FUNCTION__
    main.o(i.key_task) refers to main.o(.data) for delay_time
    main.o(i.keypassword_open_process) refers to strrchr.o(.text) for strrchr
    main.o(i.keypassword_open_process) refers to log.o(i.logd) for logd
    main.o(i.keypassword_open_process) refers to key.o(i.KEY_Read) for KEY_Read
    main.o(i.keypassword_open_process) refers to strlen.o(.text) for strlen
    main.o(i.keypassword_open_process) refers to strcmpv7m.o(.text) for strcmp
    main.o(i.keypassword_open_process) refers to tasks.o(i.vTaskDelay) for vTaskDelay
    main.o(i.keypassword_open_process) refers to main.o(.constdata) for __FUNCTION__
    main.o(i.keypassword_open_process) refers to main.o(.bss) for g_password
    main.o(i.led0_task) refers to strrchr.o(.text) for strrchr
    main.o(i.led0_task) refers to log.o(i.logd) for logd
    main.o(i.led0_task) refers to iwdg.o(i.IWDG_Feed) for IWDG_Feed
    main.o(i.led0_task) refers to fpm383c.o(i.FPM383C_Loop) for FPM383C_Loop
    main.o(i.led0_task) refers to tasks.o(i.vTaskDelay) for vTaskDelay
[...]
    TIM3_IRQHandler                          0x08000327   Thumb Code     0  startup_stm32f10x_md.o(.text)
    TIM4_IRQHandler                          0x08000327   Thumb Code     0  startup_stm32f10x_md.o(.text)
    USBWakeUp_IRQHandler                     0x08000327   Thumb Code     0  startup_stm32f10x_md.o(.text)
    USB_HP_CAN1_TX_IRQHandler                0x08000327   Thumb Code     0  startup_stm32f10x_md.o(.text)
    USB_LP_CAN1_RX0_IRQHandler               0x08000327   Thumb Code     0  startup_stm32f10x_md.o(.text)
    WWDG_IRQHandler                          0x08000327   Thumb Code     0  startup_stm32f10x_md.o(.text)
    __user_initial_stackheap                 0x08000329   Thumb Code     0  startup_stm32f10x_md.o(.text)
    __use_no_semihosting                     0x0800034d   Thumb Code     2  use_no_semi_2.o(.text)
    __c89vsprintf                            0x08000351   Thumb Code    32  c89vsprintf.o(.text)
    __2printf                                0x08000375   Thumb Code    20  __2printf.o(.text)
    __2sprintf                               0x0800038d   Thumb Code    38  __2sprintf.o(.text)
    __2snprintf                              0x080003b9   Thumb Code    50  __2snprintf.o(.text)
    _printf_str                              0x080003f1   Thumb Code    82  _printf_str.o(.text)
    _printf_int_dec                          0x08000445   Thumb Code   104  _printf_dec.o(.text)
    __printf                                 0x080004bd   Thumb Code   388  __printf_flags_ss_wp.o(.text)
    strrchr                                  0x08000645   Thumb Code    22  strrchr.o(.text)
    strlen                                   0x0800065b   Thumb Code    62  strlen.o(.text)
    __aeabi_memcpy                           0x08000699   Thumb Code     0  rt_memcpy_v6.o(.text)
    __rt_memcpy                              0x08000699   Thumb Code   138  rt_memcpy_v6.o(.text)
    _memcpy_lastbytes                        0x080006ff   Thumb Code     0  rt_memcpy_v6.o(.text)
    __aeabi_memset                           0x08000723   Thumb Code    16  aeabi_memset.o(.text)
    __aeabi_memclr4                          0x08000733   Thumb Code     0  rt_memclr_w.o(.text)
    __aeabi_memclr8                          0x08000733   Thumb Code     0  rt_memclr_w.o(.text)
    __rt_memclr_w                            0x08000733   Thumb Code    78  rt_memclr_w.o(.text)
    _memset_w                                0x08000737   Thumb Code     0  rt_memclr_w.o(.text)
    strcmp                                   0x08000781   Thumb Code   128  strcmpv7m.o(.text)
    __use_two_region_memory                  0x08000801   Thumb Code     2  heapauxi.o(.text)
    __rt_heap_escrow$2region                 0x08000803   Thumb Code     2  heapauxi.o(.text)
    __rt_heap_expand$2region                 0x08000805   Thumb Code     2  heapauxi.o(.text)
    __I$use$semihosting                      0x08000807   Thumb Code     0  use_no_semi.o(.text)
    __use_no_semihosting_swi                 0x08000807   Thumb Code     2  use_no_semi.o(.text)
    _printf_pre_padding                      0x08000809   Thumb Code    44  _printf_pad.o(.text)
    _printf_post_padding                     0x08000835   Thumb Code    34  _printf_pad.o(.text)
    _printf_truncate_signed                  0x08000857   Thumb Code    18  _printf_truncate.o(.text)
    _printf_truncate_unsigned                0x08000869   Thumb Code    18  _printf_truncate.o(.text)
    _printf_int_common                       0x0800087b   Thumb Code   178  _printf_intcommon.o(.text)
    _printf_charcount                        0x0800092d   Thumb Code    40  _printf_charcount.o(.text)
    _printf_char_common                      0x0800095f   Thumb Code    32  _printf_char_common.o(.text)
    _sputc                                   0x08000985   Thumb Code    10  _sputc.o(.text)
    _snputc                                  0x0800098f   Thumb Code    16  _snputc.o(.text)
    _printf_cs_common                        0x0800099f   Thumb Code    20  _printf_char.o(.text)
    _printf_char                             0x080009b3   Thumb Code    16  _printf_char.o(.text)
    _printf_string                           0x080009c3   Thumb Code     8  _printf_char.o(.text)
    _printf_char_file                        0x080009cd   Thumb Code    32  _printf_char_file.o(.text)
    _printf_wctomb                           0x080009f1   Thumb Code   182  _printf_wctomb.o(.text)
    _printf_longlong_dec                     0x08000aad   Thumb Code   108  _printf_longlong_dec.o(.text)
    _printf_longlong_oct                     0x08000b29   Thumb Code    66  _printf_oct_int_ll.o(.text)
    _printf_int_oct                          0x08000b6b   Thumb Code    24  _printf_oct_int_ll.o(.text)
    _printf_ll_oct                           0x08000b83   Thumb Code    12  _printf_oct_int_ll.o(.text)
    _printf_longlong_hex                     0x08000b99   Thumb Code    86  _printf_hex_int_ll_ptr.o(.text)
    _printf_int_hex                          0x08000bef   Thumb Code    28  _printf_hex_int_ll_ptr.o(.text)
    _printf_ll_hex                           0x08000c0b   Thumb Code    12  _printf_hex_int_ll_ptr.o(.text)
    _printf_hex_ptr                          0x08000c17   Thumb Code    18  _printf_hex_int_ll_ptr.o(.text)
    __aeabi_memcpy4                          0x08000c2d   Thumb Code     0  rt_memcpy_w.o(.text)
    __aeabi_memcpy8                          0x08000c2d   Thumb Code     0  rt_memcpy_w.o(.text)
    __rt_memcpy_w                            0x08000c2d   Thumb Code   100  rt_memcpy_w.o(.text)
    _memcpy_lastbytes_aligned                0x08000c75   Thumb Code     0  rt_memcpy_w.o(.text)
    __aeabi_memclr                           0x08000c91   Thumb Code     0  rt_memclr.o(.text)
    __rt_memclr                              0x08000c91   Thumb Code    68  rt_memclr.o(.text)
    _memset                                  0x08000c95   Thumb Code     0  rt_memclr.o(.text)
    _ll_udiv10                               0x08000cd5   Thumb Code   138  lludiv10.o(.text)
    __lib_sel_fp_printf                      0x08000d5f   Thumb Code     2  _printf_fp_dec.o(.text)
    _printf_fp_dec_real                      0x08000f11   Thumb Code   620  _printf_fp_dec.o(.text)
    _printf_lcs_common                       0x0800117d   Thumb Code    20  _printf_wchar.o(.text)
    _printf_wchar                            0x08001191   Thumb Code    16  _printf_wchar.o(.text)
    _printf_wstring                          0x080011a1   Thumb Code     8  _printf_wchar.o(.text)
    ferror                                   0x080011a9   Thumb Code     8  ferror.o(.text)
    _wcrtomb                                 0x080011b1   Thumb Code    64  _wcrtomb.o(.text)
    __user_setup_stackheap                   0x080011f1   Thumb Code    74  sys_stackheap_outer.o(.text)
    __rt_ctype_table                         0x0800123d   Thumb Code    16  rt_ctype_table.o(.text)
    __rt_locale                              0x0800124d   Thumb Code     8  rt_locale_intlibspace.o(.text)
    _printf_fp_infnan                        0x08001255   Thumb Code   112  _printf_fp_infnan.o(.text)
    _btod_etento                             0x080012d5   Thumb Code   224  bigflt0.o(.text)
    exit                                     0x080013b9   Thumb Code    18  exit.o(.text)
    __user_libspace                          0x080013cd   Thumb Code     8  libspace.o(.text)
    __user_perproc_libspace                  0x080013cd   Thumb Code     0  libspace.o(.text)
    __user_perthread_libspace                0x080013cd   Thumb Code     0  libspace.o(.text)
    _btod_d2e                                0x080013d5   Thumb Code    62  btod.o(CL$$btod_d2e)
    _d2e_denorm_low                          0x08001413   Thumb Code    70  btod.o(CL$$btod_d2e_denorm_low)
    _d2e_norm_op1                            0x08001459   Thumb Code    96  btod.o(CL$$btod_d2e_norm_op1)
    __btod_div_common                        0x080014b9   Thumb Code   696  btod.o(CL$$btod_div_common)
    _e2e                                     0x080017f1   Thumb Code   220  btod.o(CL$$btod_e2e)
    _btod_ediv                               0x080018cd   Thumb Code    42  btod.o(CL$$btod_ediv)
    _btod_emul                               0x080018f7   Thumb Code    42  btod.o(CL$$btod_emul)
    __btod_mult_common                       0x08001921   Thumb Code   580  btod.o(CL$$btod_mult_common)
    BKP_DeInit                               0x08001b65   Thumb Code    16  stm32f10x_bkp.o(i.BKP_DeInit)
    BKP_ReadBackupRegister                   0x08001b75   Thumb Code    24  stm32f10x_bkp.o(i.BKP_ReadBackupRegister)
    BKP_WriteBackupRegister                  0x08001b91   Thumb Code    22  stm32f10x_bkp.o(i.BKP_WriteBackupRegister)
    BusFault_Handler                         0x08001bad   Thumb Code     4  stm32f10x_it.o(i.BusFault_Handler)
    DebugMon_Handler                         0x08001bb1   Thumb Code     2  stm32f10x_it.o(i.DebugMon_Handler)
    EXTI0_IRQHandler                         0x08001bb5   Thumb Code    30  fpm383c.o(i.EXTI0_IRQHandler)
    EXTI_ClearITPendingBit                   0x08001bd9   Thumb Code     6  stm32f10x_exti.o(i.EXTI_ClearITPendingBit)
    EXTI_GetITStatus                         0x08001be5   Thumb Code    34  stm32f10x_exti.o(i.EXTI_GetITStatus)
    EXTI_Init                                0x08001c0d   Thumb Code   142  stm32f10x_exti.o(i.EXTI_Init)
    FLASH_ErasePage                          0x08001ca1   Thumb Code    72  stm32f10x_flash.o(i.FLASH_ErasePage)
    FLASH_GetBank1Status                     0x08001ced   Thumb Code    48  stm32f10x_flash.o(i.FLASH_GetBank1Status)
    FLASH_Lock                               0x08001d21   Thumb Code    14  stm32f10x_flash.o(i.FLASH_Lock)
    FLASH_ProgramHalfWord                    0x08001d35   Thumb Code    60  stm32f10x_flash.o(i.FLASH_ProgramHalfWord)
    FLASH_Unlock                             0x08001d75   Thumb Code    12  stm32f10x_flash.o(i.FLASH_Unlock)
    FLASH_WaitForLastOperation               0x08001d8d   Thumb Code    38  stm32f10x_flash.o(i.FLASH_WaitForLastOperation)
    FPM383C_Add                              0x08001db5   Thumb Code    80  fpm383c.o(i.FPM383C_Add)
    FPM383C_ControlLED                       0x08001e55   Thumb Code    68  fpm383c.o(i.FPM383C_ControlLED)
    FPM383C_Enroll                           0x08001ea1   Thumb Code   202  fpm383c.o(i.FPM383C_Enroll)
    FPM383C_GPIO_Interrupt_Config            0x08001fcd   Thumb Code   104  fpm383c.o(i.FPM383C_GPIO_Interrupt_Config)
    FPM383C_GenChar1                         0x08002039   Thumb Code    66  fpm383c.o(i.FPM383C_GenChar1)
    FPM383C_GetImage                         0x08002089   Thumb Code    66  fpm383c.o(i.FPM383C_GetImage)
    FPM383C_Identify                         0x080020d9   Thumb Code   164  fpm383c.o(i.FPM383C_Identify)
    FPM383C_Init                             0x080021d5   Thumb Code    58  fpm383c.o(i.FPM383C_Init)
    FPM383C_Loop                             0x08002255   Thumb Code    96  fpm383c.o(i.FPM383C_Loop)
    FPM383C_SearchMB                         0x080022fd   Thumb Code    52  fpm383c.o(i.FPM383C_SearchMB)
    FPM383C_SendData                         0x0800233d   Thumb Code    48  fpm383c.o(i.FPM383C_SendData)
    FPM383C_Sleep                            0x08002375   Thumb Code    12  fpm383c.o(i.FPM383C_Sleep)
    GPIO_EXTILineConfig                      0x08002385   Thumb Code    60  stm32f10x_gpio.o(i.GPIO_EXTILineConfig)
    GPIO_Init                                0x080023c5   Thumb Code   278  stm32f10x_gpio.o(i.GPIO_Init)
    GPIO_PinRemapConfig                      0x080024dd   Thumb Code   138  stm32f10x_gpio.o(i.GPIO_PinRemapConfig)
    GPIO_ReadInputDataBit                    0x0800256d   Thumb Code    18  stm32f10x_gpio.o(i.GPIO_ReadInputDataBit)
    GPIO_ResetBits                           0x0800257f   Thumb Code     4  stm32f10x_gpio.o(i.GPIO_ResetBits)
    GPIO_SetBits                             0x08002583   Thumb Code     4  stm32f10x_gpio.o(i.GPIO_SetBits)
    GPIO_Write                               0x08002587   Thumb Code     4  stm32f10x_gpio.o(i.GPIO_Write)
    HardFault_Handler                        0x0800258b   Thumb Code     4  stm32f10x_it.o(i.HardFault_Handler)
    IWDG_Enable                              0x08002591   Thumb Code    10  stm32f10x_iwdg.o(i.IWDG_Enable)
    IWDG_Feed                                0x080025a1   Thumb Code     8  iwdg.o(i.IWDG_Feed)
    IWDG_Init                                0x080025a9   Thumb Code    36  iwdg.o(i.IWDG_Init)
    IWDG_ReloadCounter                       0x080025cd   Thumb Code    10  stm32f10x_iwdg.o(i.IWDG_ReloadCounter)
    IWDG_SetPrescaler                        0x080025dd   Thumb Code     6  stm32f10x_iwdg.o(i.IWDG_SetPrescaler)
    IWDG_SetReload                           0x080025e9   Thumb Code     6  stm32f10x_iwdg.o(i.IWDG_SetReload)
    IWDG_WriteAccessCmd                      0x080025f5   Thumb Code     6  stm32f10x_iwdg.o(i.IWDG_WriteAccessCmd)
    Is_Leap_Year                             0x08002601   Thumb Code    58  rtc.o(i.Is_Leap_Year)
    KEY_Read                                 0x0800263d   Thumb Code   750  key.o(i.KEY_Read)
    KEY_UserConfig                           0x08002931   Thumb Code    78  key.o(i.KEY_UserConfig)
    LED_Init                                 0x08002989   Thumb Code    84  led.o(i.LED_Init)
    MemManage_Handler                        0x080029e5   Thumb Code     4  stm32f10x_it.o(i.MemManage_Handler)
    NMI_Handler                              0x080029e9   Thumb Code     2  stm32f10x_it.o(i.NMI_Handler)
    NVIC_Config                              0x080029eb   Thumb Code    68  fpm383c.o(i.NVIC_Config)
    NVIC_Init                                0x08002a31   Thumb Code   100  misc.o(i.NVIC_Init)
    NVIC_PriorityGroupConfig                 0x08002aa1   Thumb Code    10  misc.o(i.NVIC_PriorityGroupConfig)
    OLED_Clear                               0x08002ab5   Thumb Code    62  oled.o(i.OLED_Clear)
    OLED_IIC_Start                           0x08002af5   Thumb Code    44  oled.o(i.OLED_IIC_Start)
    OLED_IIC_Stop                            0x08002b25   Thumb Code    34  oled.o(i.OLED_IIC_Stop)
    OLED_IIC_Wait_Ack                        0x08002b4d   Thumb Code    24  oled.o(i.OLED_IIC_Wait_Ack)
    OLED_Init                                0x08002b69   Thumb Code   282  oled.o(i.OLED_Init)
    OLED_Set_Pos                             0x08002c8d   Thumb Code    40  oled.o(i.OLED_Set_Pos)
    OLED_ShowChar                            0x08002cb5   Thumb Code   154  oled.o(i.OLED_ShowChar)
    OLED_ShowString                          0x08002d59   Thumb Code    54  oled.o(i.OLED_ShowString)
    OLED_WR_Byte                             0x08002d8f   Thumb Code    24  oled.o(i.OLED_WR_Byte)
    OLED_Write_IIC_Byte                      0x08002da9   Thumb Code    88  oled.o(i.OLED_Write_IIC_Byte)
    OLED_Write_IIC_Command                   0x08002e05   Thumb Code    44  oled.o(i.OLED_Write_IIC_Command)
    OLED_Write_IIC_Data                      0x08002e31   Thumb Code    44  oled.o(i.OLED_Write_IIC_Data)
    PWR_BackupAccessCmd                      0x08002e5d   Thumb Code     6  stm32f10x_pwr.o(i.PWR_BackupAccessCmd)
    Queue_Read_Byte                          0x08002e69   Thumb Code    46  system.o(i.Queue_Read_Byte)
    RCC_APB1PeriphClockCmd                   0x08002ea5   Thumb Code    26  stm32f10x_rcc.o(i.RCC_APB1PeriphClockCmd)
    RCC_APB2PeriphClockCmd                   0x08002ec5   Thumb Code    26  stm32f10x_rcc.o(i.RCC_APB2PeriphClockCmd)
    RCC_BackupResetCmd                       0x08002ee5   Thumb Code     6  stm32f10x_rcc.o(i.RCC_BackupResetCmd)
    RCC_GetClocksFreq                        0x08002ef1   Thumb Code   192  stm32f10x_rcc.o(i.RCC_GetClocksFreq)
    RCC_GetFlagStatus                        0x08002fc5   Thumb Code    56  stm32f10x_rcc.o(i.RCC_GetFlagStatus)
    RCC_LSEConfig                            0x08003001   Thumb Code    46  stm32f10x_rcc.o(i.RCC_LSEConfig)
    RCC_RTCCLKCmd                            0x08003035   Thumb Code     6  stm32f10x_rcc.o(i.RCC_RTCCLKCmd)
    RCC_RTCCLKConfig                         0x08003041   Thumb Code    12  stm32f10x_rcc.o(i.RCC_RTCCLKConfig)
    RTC_ClearITPendingBit                    0x08003051   Thumb Code    12  stm32f10x_rtc.o(i.RTC_ClearITPendingBit)
    RTC_EnterConfigMode                      0x08003061   Thumb Code    14  stm32f10x_rtc.o(i.RTC_EnterConfigMode)
    RTC_ExitConfigMode                       0x08003075   Thumb Code    16  stm32f10x_rtc.o(i.RTC_ExitConfigMode)
    RTC_Get                                  0x08003089   Thumb Code   240  rtc.o(i.RTC_Get)
    RTC_GetCounter                           0x08003189   Thumb Code    16  stm32f10x_rtc.o(i.RTC_GetCounter)
    RTC_GetITStatus                          0x0800319d   Thumb Code    32  stm32f10x_rtc.o(i.RTC_GetITStatus)
    RTC_Get_Week                             0x080031c1   Thumb Code   116  rtc.o(i.RTC_Get_Week)
    RTC_IRQHandler                           0x08003239   Thumb Code    40  rtc.o(i.RTC_IRQHandler)
    RTC_ITConfig                             0x08003261   Thumb Code    26  stm32f10x_rtc.o(i.RTC_ITConfig)
    RTC_Init                                 0x08003281   Thumb Code   190  rtc.o(i.RTC_Init)
    RTC_Set                                  0x08003361   Thumb Code   188  rtc.o(i.RTC_Set)
    RTC_SetCounter                           0x0800342d   Thumb Code    24  stm32f10x_rtc.o(i.RTC_SetCounter)
    RTC_SetPrescaler                         0x08003449   Thumb Code    26  stm32f10x_rtc.o(i.RTC_SetPrescaler)
    RTC_WaitForLastTask                      0x08003469   Thumb Code    16  stm32f10x_rtc.o(i.RTC_WaitForLastTask)
    RTC_WaitForSynchro                       0x0800347d   Thumb Code    30  stm32f10x_rtc.o(i.RTC_WaitForSynchro)
    STMFLASH_Read                            0x080034a1   Thumb Code    34  stmflash.o(i.STMFLASH_Read)
    STMFLASH_ReadHalfWord                    0x080034c3   Thumb Code     6  stmflash.o(i.STMFLASH_ReadHalfWord)
    STMFLASH_Write                           0x080034c9   Thumb Code   222  stmflash.o(i.STMFLASH_Write)
    STMFLASH_Write_NoCheck                   0x080035b1   Thumb Code    38  stmflash.o(i.STMFLASH_Write_NoCheck)
    SysTick_CLKSourceConfig                  0x080036c1   Thumb Code    40  misc.o(i.SysTick_CLKSourceConfig)
    SysTick_Handler                          0x080036e9   Thumb Code    16  delay.o(i.SysTick_Handler)
    SystemInit                               0x080036f9   Thumb Code    78  system_stm32f10x.o(i.SystemInit)
    UART3_SendByte                           0x08003759   Thumb Code    22  usart3.o(i.UART3_SendByte)
    USART1_IRQHandler                        0x08003775   Thumb Code   122  usart.o(i.USART1_IRQHandler)
    USART2_IRQHandler                        0x080037fd   Thumb Code    82  fpm383c.o(i.USART2_IRQHandler)
    USART3_IRQHandler                        0x0800385d   Thumb Code    30  usart3.o(i.USART3_IRQHandler)
    USART_2_Config                           0x08003881   Thumb Code   130  fpm383c.o(i.USART_2_Config)
    USART_ClearITPendingBit                  0x0800390d   Thumb Code    30  stm32f10x_usart.o(i.USART_ClearITPendingBit)
    USART_Cmd                                0x0800392b   Thumb Code    24  stm32f10x_usart.o(i.USART_Cmd)
    USART_GetFlagStatus                      0x08003943   Thumb Code    26  stm32f10x_usart.o(i.USART_GetFlagStatus)
    USART_GetITStatus                        0x0800395d   Thumb Code    84  stm32f10x_usart.o(i.USART_GetITStatus)
    USART_ITConfig                           0x080039b1   Thumb Code    74  stm32f10x_usart.o(i.USART_ITConfig)
    USART_Init                               0x080039fd   Thumb Code   210  stm32f10x_usart.o(i.USART_Init)
    USART_ReceiveData                        0x08003ad5   Thumb Code    10  stm32f10x_usart.o(i.USART_ReceiveData)
    USART_SendData                           0x08003adf   Thumb Code     8  stm32f10x_usart.o(i.USART_SendData)
    UsageFault_Handler                       0x08003ae7   Thumb Code     4  stm32f10x_it.o(i.UsageFault_Handler)
    __ARM_fpclassify                         0x08003aeb   Thumb Code    40  fpclassify.o(i.__ARM_fpclassify)
    _is_digit                                0x08003b13   Thumb Code    14  __printf_wp.o(i._is_digit)
    _sys_exit                                0x08003b21   Thumb Code     4  usart.o(i._sys_exit)
    data_handle                              0x08003b51   Thumb Code   636  system.o(i.data_handle)
    delay_init                               0x08003e35   Thumb Code    74  delay.o(i.delay_init)
    delay_ms                                 0x08003e91   Thumb Code    60  delay.o(i.delay_ms)
    delay_us                                 0x08003ed1   Thumb Code    68  delay.o(i.delay_us)
    dp_download_handle                       0x08003f19   Thumb Code    70  protocol.o(i.dp_download_handle)
    fputc                                    0x080041b9   Thumb Code    24  usart.o(i.fputc)
    get_check_sum                            0x080041d5   Thumb Code    28  system.o(i.get_check_sum)
    get_download_cmd_total                   0x0800421d   Thumb Code     4  protocol.o(i.get_download_cmd_total)
    get_queue_total_data                     0x08004221   Thumb Code    20  system.o(i.get_queue_total_data)
    hang1                                    0x0800423d   Thumb Code    28  key.o(i.hang1)
    hang2                                    0x08004261   Thumb Code    30  key.o(i.hang2)
    hang3                                    0x08004289   Thumb Code    30  key.o(i.hang3)
    hang4                                    0x080042b1   Thumb Code    28  key.o(i.hang4)
    key_task                                 0x08004651   Thumb Code   166  main.o(i.key_task)
    led0_task                                0x0800493d   Thumb Code   100  main.o(i.led0_task)
    logd                                     0x080049d1   Thumb Code    92  log.o(i.logd)
    main                                     0x08004a59   Thumb Code   236  main.o(i.main)
    mcu_dp_bool_update                       0x08004b9d   Thumb Code    94  mcu_api.o(i.mcu_dp_bool_update)
    mcu_dp_raw_update                        0x08004c01   Thumb Code   110  mcu_api.o(i.mcu_dp_raw_update)
    mcu_firm_update_handle                   0x08004c75   Thumb Code     6  protocol.o(i.mcu_firm_update_handle)
    mcu_get_dp_download_bool                 0x08004c7b   Thumb Code     6  mcu_api.o(i.mcu_get_dp_download_bool)
    mcu_get_wifi_work_state                  0x08004c81   Thumb Code     6  mcu_api.o(i.mcu_get_wifi_work_state)
    mcu_reset_wifi                           0x08004c8d   Thumb Code    18  mcu_api.o(i.mcu_reset_wifi)
    mcu_set_wifi_mode                        0x08004ca5   Thumb Code    32  mcu_api.o(i.mcu_set_wifi_mode)
    mcu_update_handle                        0x08004cc9   Thumb Code    30  protocol.o(i.mcu_update_handle)
    mcu_write_gltime                         0x08004ce7   Thumb Code     2  protocol.o(i.mcu_write_gltime)
    mul_temp_pass_handle                     0x08004cf1   Thumb Code   110  lock_api.o(i.mul_temp_pass_handle)
    my_memcpy                                0x08004d5f   Thumb Code    68  mcu_api.o(i.my_memcpy)
    my_strlen                                0x08004da3   Thumb Code    28  mcu_api.o(i.my_strlen)
    pass_check_handle                        0x08004dbf   Thumb Code    30  lock_api.o(i.pass_check_handle)
    pvPortMalloc                             0x080059e9   Thumb Code   262  heap_4.o(i.pvPortMalloc)
    pvTaskIncrementMutexHeldCount            0x08005b3d   Thumb Code    26  tasks.o(i.pvTaskIncrementMutexHeldCount)
    pxPortInitialiseStack                    0x08005b5d   Thumb Code    30  port.o(i.pxPortInitialiseStack)
    schedule_temp_pass_handle                0x08005bbd   Thumb Code   152  lock_api.o(i.schedule_temp_pass_handle)
    set_wifi_uart_buffer                     0x08005c55   Thumb Code    34  system.o(i.set_wifi_uart_buffer)
    set_wifi_uart_byte                       0x08005c7d   Thumb Code    12  system.o(i.set_wifi_uart_byte)
    start_task                               0x08005c8d   Thumb Code    84  main.o(i.start_task)
    switch_keyvalue                          0x08005d21   Thumb Code   100  key.o(i.switch_keyvalue)
    temp_pass_handle                         0x08005d85   Thumb Code     2  lock_api.o(i.temp_pass_handle)
    tuya_task                                0x08005d89   Thumb Code    50  main.o(i.tuya_task)
    uart_init                                0x08005ddd   Thumb Code   152  usart.o(i.uart_init)
    uart_receive_input                       0x08005e7d   Thumb Code    74  mcu_api.o(i.uart_receive_input)
    uart_transmit_output                     0x08005ed5   Thumb Code    20  protocol.o(i.uart_transmit_output)
    usart3_init                              0x08005ef1   Thumb Code   158  usart3.o(i.usart3_init)
    uxListRemove                             0x0800605d   Thumb Code    40  list.o(i.uxListRemove)
    vListInitialise                          0x08006085   Thumb Code    26  list.o(i.vListInitialise)
    vListInitialiseItem                      0x0800609f   Thumb Code     6  list.o(i.vListInitialiseItem)
    vListInsert                              0x080060a5   Thumb Code    52  list.o(i.vListInsert)
    vListInsertEnd                           0x080060d9   Thumb Code    24  list.o(i.vListInsertEnd)
    vPortEnterCritical                       0x080060f1   Thumb Code    68  port.o(i.vPortEnterCritical)
    vPortExitCritical                        0x08006179   Thumb Code    48  port.o(i.vPortExitCritical)
    vPortFree                                0x080061e9   Thumb Code   120  heap_4.o(i.vPortFree)
    vPortSetupTimerInterrupt                 0x080062a1   Thumb Code    26  port.o(i.vPortSetupTimerInterrupt)
    vPortValidateInterruptPriority           0x080062c1   Thumb Code    86  port.o(i.vPortValidateInterruptPriority)
    vQueueAddToRegistry                      0x08006361   Thumb Code    38  queue.o(i.vQueueAddToRegistry)
    vQueueWaitForMessageRestricted           0x0800638d   Thumb Code    74  queue.o(i.vQueueWaitForMessageRestricted)
    vTaskDelay                               0x080063d9   Thumb Code    72  tasks.o(i.vTaskDelay)
    vTaskDelete                              0x0800644d   Thumb Code   192  tasks.o(i.vTaskDelete)
    vTaskMissedYield                         0x08006559   Thumb Code     8  tasks.o(i.vTaskMissedYield)
    vTaskPlaceOnEventList                    0x08006565   Thumb Code    42  tasks.o(i.vTaskPlaceOnEventList)
    vTaskPlaceOnEventListRestricted          0x080065b9   Thumb Code    50  tasks.o(i.vTaskPlaceOnEventListRestricted)
    vTaskPriorityInherit                     0x08006615   Thumb Code   164  tasks.o(i.vTaskPriorityInherit)
    vTaskSetTimeOutState                     0x080066c5   Thumb Code    32  tasks.o(i.vTaskSetTimeOutState)
    vTaskStartScheduler                      0x08006711   Thumb Code   108  tasks.o(i.vTaskStartScheduler)
    vTaskSuspendAll                          0x080067bd   Thumb Code    12  tasks.o(i.vTaskSuspendAll)
    vTaskSwitchContext                       0x080067cd   Thumb Code   110  tasks.o(i.vTaskSwitchContext)
    wifi_protocol_init                       0x08006875   Thumb Code    24  mcu_api.o(i.wifi_protocol_init)
    wifi_test_result                         0x080068a1   Thumb Code     8  protocol.o(i.wifi_test_result)
    wifi_uart_service                        0x080068a9   Thumb Code   236  mcu_api.o(i.wifi_uart_service)
    wifi_uart_write_frame                    0x080069c1   Thumb Code    64  system.o(i.wifi_uart_write_frame)
    wifi_update_handle                       0x08006a05   Thumb Code    30  protocol.o(i.wifi_update_handle)
    xPortStartScheduler                      0x08006a25   Thumb Code   140  port.o(i.xPortStartScheduler)
    xPortSysTickHandler                      0x08006ac5   Thumb Code    46  port.o(i.xPortSysTickHandler)
    xQueueGenericCreate                      0x08006af9   Thumb Code    78  queue.o(i.xQueueGenericCreate)
    xQueueGenericReceive                     0x08006b6d   Thumb Code   416  queue.o(i.xQueueGenericReceive)
    xQueueGenericReset                       0x08006d35   Thumb Code   136  queue.o(i.xQueueGenericReset)
    xQueueGenericSend                        0x08006de5   Thumb Code   412  queue.o(i.xQueueGenericSend)
    xQueueGenericSendFromISR                 0x08006fa9   Thumb Code   234  queue.o(i.xQueueGenericSendFromISR)
    xTaskCheckForTimeOut                     0x080070b9   Thumb Code   116  tasks.o(i.xTaskCheckForTimeOut)
    xTaskCreate                              0x08007159   Thumb Code    96  tasks.o(i.xTaskCreate)
    xTaskGetSchedulerState                   0x080071b9   Thumb Code    24  tasks.o(i.xTaskGetSchedulerState)
    xTaskGetTickCount                        0x080071d9   Thumb Code     6  tasks.o(i.xTaskGetTickCount)
    xTaskIncrementTick                       0x080071e5   Thumb Code   272  tasks.o(i.xTaskIncrementTick)
    xTaskPriorityDisinherit                  0x08007345   Thumb Code   168  tasks.o(i.xTaskPriorityDisinherit)
    xTaskRemoveFromEventList                 0x0800741d   Thumb Code   118  tasks.o(i.xTaskRemoveFromEventList)
    xTaskResumeAll                           0x080074d1   Thumb Code   214  tasks.o(i.xTaskResumeAll)
    xTimerCreateTimerTask                    0x080075f1   Thumb Code    56  timers.o(i.xTimerCreateTimerTask)
    xTimerGenericCommand                     0x08007665   Thumb Code   118  timers.o(i.xTimerGenericCommand)
    _get_lc_numeric                          0x08007709   Thumb Code    44  lc_numeric_c.o(locale$$code)
    _get_lc_ctype                            0x08007735   Thumb Code    44  lc_ctype_c.o(locale$$code)
    _printf_fp_dec                           0x08007761   Thumb Code     4  printf1.o(x$fpl$printf1)
    __I$use$fp                               0x08007764   Number         0  usenofp.o(x$fpl$usenofp)
    F6x8                                     0x080077dc   Data         552  oled.o(.constdata)
    F8X16                                    0x08007a04   Data        1536  oled.o(.constdata)
    table_week                               0x0800804a   Data          12  rtc.o(.constdata)
    mon_table                                0x08008056   Data          12  rtc.o(.constdata)
    download_cmd                             0x08008062   Data          18  protocol.o(.constdata)
    Region$$Table$$Base                      0x0800814c   Number         0  anon$$obj.o(Region$$Table)
    Region$$Table$$Limit                     0x0800816c   Number         0  anon$$obj.o(Region$$Table)
    __ctype                                  0x08008195   Data           0  lc_ctype_c.o(locale$$data)
    StartTask_Handler                        0x20000000   Data           4  main.o(.data)
    LED0Task_Handler                         0x20000004   Data           4  main.o(.data)
    KEYTask_Handler                          0x20000008   Data           4  main.o(.data)
    TUYATask_Handler                         0x2000000c   Data           4  main.o(.data)
    delay_time                               0x20000010   Data           4  main.o(.data)
    SystemCoreClock                          0x20000014   Data           4  system_stm32f10x.o(.data)
    AHBPrescTable                            0x20000018   Data          16  system_stm32f10x.o(.data)
    USART2_STA                               0x20000028   Data           1  fpm383c.o(.data)
    PageID                                   0x2000002a   Data           2  fpm383c.o(.data)
    MatchScore                               0x2000002c   Data           2  fpm383c.o(.data)
    ScanStatus                               0x2000002e   Data           1  fpm383c.o(.data)
    StringEnroll                             0x2000002f   Data           7  fpm383c.o(.data)
    StringEmpty                              0x20000036   Data           7  fpm383c.o(.data)
    StringDelete                             0x2000003d   Data           7  fpm383c.o(.data)
    PS_BlueLEDBuffer                         0x20000044   Data          16  fpm383c.o(.data)
    PS_RedLEDBuffer                          0x20000054   Data          16  fpm383c.o(.data)
    PS_GreenLEDBuffer                        0x20000064   Data          16  fpm383c.o(.data)
    PS_SleepBuffer                           0x20000074   Data          12  fpm383c.o(.data)
    PS_EmptyBuffer                           0x20000080   Data          12  fpm383c.o(.data)
    PS_CancelBuffer                          0x2000008c   Data          12  fpm383c.o(.data)
    PS_AutoEnrollBuffer                      0x20000098   Data          17  fpm383c.o(.data)
    PS_GetImageBuffer                        0x200000a9   Data          12  fpm383c.o(.data)
    PS_GetChar1Buffer                        0x200000b5   Data          13  fpm383c.o(.data)
    PS_GetChar2Buffer                        0x200000c2   Data          13  fpm383c.o(.data)
    PS_SearchMBBuffer                        0x200000cf   Data          17  fpm383c.o(.data)
    PS_DeleteBuffer                          0x200000e0   Data          16  fpm383c.o(.data)
    __stdout                                 0x200000f8   Data           4  usart.o(.data)
    USART_RX_STA                             0x200000fc   Data           2  usart.o(.data)
    pxCurrentTCB                             0x20000114   Data           4  tasks.o(.data)
    queue_in                                 0x2000018c   Data           4  system.o(.data)
    queue_out                                0x20000190   Data           4  system.o(.data)
    stop_update_flag                         0x20000194   Data           1  system.o(.data)
    reset_wifi_flag                          0x20000195   Data           1  system.o(.data)
    set_wifimode_flag                        0x20000196   Data           1  system.o(.data)
    wifi_work_state                          0x20000197   Data           1  system.o(.data)
    cap_equip                                0x20000198   Data           1  system.o(.data)
    g_password                               0x200001a4   Data          55  main.o(.bss)
    USART2_ReceiveBuffer                     0x200001db   Data          20  fpm383c.o(.bss)
    calendar                                 0x200001f0   Data          10  rtc.o(.bss)
    STMFLASH_BUF                             0x200001fa   Data        2048  stmflash.o(.bss)
    USART_RX_BUF                             0x200009fa   Data         200  usart.o(.bss)
    USART_TX_BUF                             0x20000ac2   Data         200  usart.o(.bss)
    xQueueRegistry                           0x20000b8c   Data          64  queue.o(.bss)
    wifi_data_process_buf                    0x200036d8   Data         307  system.o(.bss)
    wifi_uart_rx_buf                         0x2000380b   Data         135  system.o(.bss)
    wifi_uart_tx_buf                         0x20003892   Data          55  system.o(.bss)
    __libspace_start                         0x200038cc   Data          96  libspace.o(.bss)
    __temporary_stack_top$libspace           0x2000392c   Data           0  libspace.o(.bss)



==============================================================================

Memory Map of the image

  Image Entry point : 0x0800030d

  Load Region LR_1 (Base: 0x08000000, Size: 0x0000843c, Max: 0xffffffff, ABSOLUTE, COMPRESSED[0x00008324])

    Execution Region ER_RO (Exec base: 0x08000000, Load base: 0x08000000, Size: 0x00008298, Max: 0xffffffff, ABSOLUTE)

    Exec Addr    Load Addr    Size         Type   Attr      Idx    E Section Name        Object

    0x08000000   0x08000000   0x000000ec   Data   RO         1052    RESET               startup_stm32f10x_md.o
    0x080000ec   0x080000ec   0x00000008   Code   RO         3609  * !!!main             c_w.l(__main.o)
    0x080000f4   0x080000f4   0x00000034   Code   RO         3932    !!!scatter          c_w.l(__scatter.o)
    0x08000128   0x08000128   0x0000005a   Code   RO         3930    !!dczerorl2         c_w.l(__dczerorl2.o)
    0x08000182   0x08000182   0x00000002   PAD
    0x08000184   0x08000184   0x0000001c   Code   RO         3934    !!handler_zi        c_w.l(__scatter_zi.o)
    0x080001a0   0x080001a0   0x00000000   Code   RO         3592    .ARM.Collect$$_printf_percent$$00000000  c_w.l(_printf_percent.o)
    0x080001a0   0x080001a0   0x00000006   Code   RO         3688    .ARM.Collect$$_printf_percent$$00000001  c_w.l(_printf_n.o)
    0x080001a6   0x080001a6   0x00000006   Code   RO         3690    .ARM.Collect$$_printf_percent$$00000002  c_w.l(_printf_p.o)
    0x080001ac   0x080001ac   0x00000006   Code   RO         3693    .ARM.Collect$$_printf_percent$$00000003  c_w.l(_printf_f.o)
    0x080001b2   0x080001b2   0x00000006   Code   RO         3694    .ARM.Collect$$_printf_percent$$00000004  c_w.l(_printf_e.o)
    0x080001b8   0x080001b8   0x00000006   Code   RO         3695    .ARM.Collect$$_printf_percent$$00000005  c_w.l(_printf_g.o)
    0x080001be   0x080001be   0x00000006   Code   RO         3696    .ARM.Collect$$_printf_percent$$00000006  c_w.l(_printf_a.o)
    0x080001c4   0x080001c4   0x0000000a   Code   RO         3701    .ARM.Collect$$_printf_percent$$00000007  c_w.l(_printf_ll.o)
    0x080001ce   0x080001ce   0x00000006   Code   RO         3692    .ARM.Collect$$_printf_percent$$00000008  c_w.l(_printf_i.o)
    0x080001d4   0x080001d4   0x00000006   Code   RO         3590    .ARM.Collect$$_printf_percent$$00000009  c_w.l(_printf_d.o)
    0x080001da   0x080001da   0x00000006   Code   RO         3591    .ARM.Collect$$_printf_percent$$0000000A  c_w.l(_printf_u.o)
    0x080001e0   0x080001e0   0x00000006   Code   RO         3691    .ARM.Collect$$_printf_percent$$0000000B  c_w.l(_printf_o.o)
    0x080001e6   0x080001e6   0x00000006   Code   RO         3689    .ARM.Collect$$_printf_percent$$0000000C  c_w.l(_printf_x.o)
    0x080001ec   0x080001ec   0x00000006   Code   RO         3698    .ARM.Collect$$_printf_percent$$0000000D  c_w.l(_printf_lli.o)
    0x080001f2   0x080001f2   0x00000006   Code   RO         3699    .ARM.Collect$$_printf_percent$$0000000E  c_w.l(_printf_lld.o)
    0x080001f8   0x080001f8   0x00000006   Code   RO         3700    .ARM.Collect$$_printf_percent$$0000000F  c_w.l(_printf_llu.o)
    0x080001fe   0x080001fe   0x00000006   Code   RO         3705    .ARM.Collect$$_printf_percent$$00000010  c_w.l(_printf_llo.o)
    0x08000204   0x08000204   0x00000006   Code   RO         3706    .ARM.Collect$$_printf_percent$$00000011  c_w.l(_printf_llx.o)
    0x0800020a   0x0800020a   0x0000000a   Code   RO         3702    .ARM.Collect$$_printf_percent$$00000012  c_w.l(_printf_l.o)
    0x08000214   0x08000214   0x00000006   Code   RO         3588    .ARM.Collect$$_printf_percent$$00000013  c_w.l(_printf_c.o)
    0x0800021a   0x0800021a   0x00000006   Code   RO         3589    .ARM.Collect$$_printf_percent$$00000014  c_w.l(_printf_s.o)
    0x08000220   0x08000220   0x00000006   Code   RO         3703    .ARM.Collect$$_printf_percent$$00000015  c_w.l(_printf_lc.o)
    0x08000226   0x08000226   0x00000006   Code   RO         3704    .ARM.Collect$$_printf_percent$$00000016  c_w.l(_printf_ls.o)
    0x0800022c   0x0800022c   0x00000004   Code   RO         3697    .ARM.Collect$$_printf_percent$$00000017  c_w.l(_printf_percent_end.o)
    0x08000230   0x08000230   0x00000002   Code   RO         3795    .ARM.Collect$$libinit$$00000000  c_w.l(libinit.o)
    0x08000232   0x08000232   0x00000000   Code   RO         3809    .ARM.Collect$$libinit$$00000002  c_w.l(libinit2.o)
    0x08000232   0x08000232   0x00000000   Code   RO         3811    .ARM.Collect$$libinit$$00000004  c_w.l(libinit2.o)
    0x08000232   0x08000232   0x00000000   Code   RO         3814    .ARM.Collect$$libinit$$0000000A  c_w.l(libinit2.o)
    0x08000232   0x08000232   0x00000000   Code   RO         3816    .ARM.Collect$$libinit$$0000000C  c_w.l(libinit2.o)
    0x08000232   0x08000232   0x00000000   Code   RO         3818    .ARM.Collect$$libinit$$0000000E  c_w.l(libinit2.o)
    0x08000232   0x08000232   0x00000006   Code   RO         3819    .ARM.Collect$$libinit$$0000000F  c_w.l(libinit2.o)
    0x08000238   0x08000238   0x00000000   Code   RO         3821    .ARM.Collect$$libinit$$00000011  c_w.l(libinit2.o)
    0x08000238   0x08000238   0x0000000c   Code   RO         3822    .ARM.Collect$$libinit$$00000012  c_w.l(libinit2.o)
    0x08000244   0x08000244   0x00000000   Code   RO         3823    .ARM.Collect$$libinit$$00000013  c_w.l(libinit2.o)
    0x08000244   0x08000244   0x00000000   Code   RO         3825    .ARM.Collect$$libinit$$00000015  c_w.l(libinit2.o)
    0x08000244   0x08000244   0x0000000a   Code   RO         3826    .ARM.Collect$$libinit$$00000016  c_w.l(libinit2.o)
    0x0800024e   0x0800024e   0x00000000   Code   RO         3827    .ARM.Collect$$libinit$$00000017  c_w.l(libinit2.o)
    0x0800024e   0x0800024e   0x00000000   Code   RO         3829    .ARM.Collect$$libinit$$00000019  c_w.l(libinit2.o)
    0x0800024e   0x0800024e   0x00000000   Code   RO         3831    .ARM.Collect$$libinit$$0000001B  c_w.l(libinit2.o)
    0x0800024e   0x0800024e   0x00000000   Code   RO         3833    .ARM.Collect$$libinit$$0000001D  c_w.l(libinit2.o)
    0x0800024e   0x0800024e   0x00000000   Code   RO         3835    .ARM.Collect$$libinit$$0000001F  c_w.l(libinit2.o)
    0x0800024e   0x0800024e   0x00000000   Code   RO         3837    .ARM.Collect$$libinit$$00000021  c_w.l(libinit2.o)
    0x0800024e   0x0800024e   0x00000000   Code   RO         3839    .ARM.Collect$$libinit$$00000023  c_w.l(libinit2.o)
    0x0800024e   0x0800024e   0x00000000   Code   RO         3841    .ARM.Collect$$libinit$$00000025  c_w.l(libinit2.o)
    0x0800024e   0x0800024e   0x00000000   Code   RO         3845    .ARM.Collect$$libinit$$0000002C  c_w.l(libinit2.o)
    0x0800024e   0x0800024e   0x00000000   Code   RO         3847    .ARM.Collect$$libinit$$0000002E  c_w.l(libinit2.o)
    0x0800024e   0x0800024e   0x00000000   Code   RO         3849    .ARM.Collect$$libinit$$00000030  c_w.l(libinit2.o)
    0x0800024e   0x0800024e   0x00000000   Code   RO         3851    .ARM.Collect$$libinit$$00000032  c_w.l(libinit2.o)
    0x0800024e   0x0800024e   0x00000002   Code   RO         3852    .ARM.Collect$$libinit$$00000033  c_w.l(libinit2.o)
    0x08000250   0x08000250   0x00000002   Code   RO         3870    .ARM.Collect$$libshutdown$$00000000  c_w.l(libshutdown.o)
    0x08000252   0x08000252   0x00000000   Code   RO         3880    .ARM.Collect$$libshutdown$$00000002  c_w.l(libshutdown2.o)
    0x08000252   0x08000252   0x00000000   Code   RO         3882    .ARM.Collect$$libshutdown$$00000004  c_w.l(libshutdown2.o)
    0x08000252   0x08000252   0x00000000   Code   RO         3884    .ARM.Collect$$libshutdown$$00000006  c_w.l(libshutdown2.o)
    0x08000252   0x08000252   0x00000000   Code   RO         3887    .ARM.Collect$$libshutdown$$00000009  c_w.l(libshutdown2.o)
    0x08000252   0x08000252   0x00000000   Code   RO         3890    .ARM.Collect$$libshutdown$$0000000C  c_w.l(libshutdown2.o)
    0x08000252   0x08000252   0x00000000   Code   RO         3892    .ARM.Collect$$libshutdown$$0000000E  c_w.l(libshutdown2.o)
    0x08000252   0x08000252   0x00000000   Code   RO         3895    .ARM.Collect$$libshutdown$$00000011  c_w.l(libshutdown2.o)
    0x08000252   0x08000252   0x00000002   Code   RO         3896    .ARM.Collect$$libshutdown$$00000012  c_w.l(libshutdown2.o)
    0x08000254   0x08000254   0x00000000   Code   RO         3637    .ARM.Collect$$rtentry$$00000000  c_w.l(__rtentry.o)
    0x08000254   0x08000254   0x00000000   Code   RO         3721    .ARM.Collect$$rtentry$$00000002  c_w.l(__rtentry2.o)
    0x08000254   0x08000254   0x00000006   Code   RO         3733    .ARM.Collect$$rtentry$$00000004  c_w.l(__rtentry4.o)
    0x0800025a   0x0800025a   0x00000000   Code   RO         3723    .ARM.Collect$$rtentry$$00000009  c_w.l(__rtentry2.o)
    0x0800025a   0x0800025a   0x00000004   Code   RO         3724    .ARM.Collect$$rtentry$$0000000A  c_w.l(__rtentry2.o)
    0x0800025e   0x0800025e   0x00000000   Code   RO         3726    .ARM.Collect$$rtentry$$0000000C  c_w.l(__rtentry2.o)
    0x0800025e   0x0800025e   0x00000008   Code   RO         3727    .ARM.Collect$$rtentry$$0000000D  c_w.l(__rtentry2.o)
    0x08000266   0x08000266   0x00000002   Code   RO         3803    .ARM.Collect$$rtexit$$00000000  c_w.l(rtexit.o)
    0x08000268   0x08000268   0x00000000   Code   RO         3854    .ARM.Collect$$rtexit$$00000002  c_w.l(rtexit2.o)
    0x08000268   0x08000268   0x00000004   Code   RO         3855    .ARM.Collect$$rtexit$$00000003  c_w.l(rtexit2.o)
    0x0800026c   0x0800026c   0x00000006   Code   RO         3856    .ARM.Collect$$rtexit$$00000004  c_w.l(rtexit2.o)
    0x08000272   0x08000272   0x00000002   PAD
    0x08000274   0x08000274   0x00000096   Code   RO         2992    .emb_text           port.o
    0x0800030a   0x0800030a   0x00000002   PAD
    0x0800030c   0x0800030c   0x00000040   Code   RO         1053  * .text               startup_stm32f10x_md.o
    0x0800034c   0x0800034c   0x00000002   Code   RO         3546    .text               c_w.l(use_no_semi_2.o)
    0x0800034e   0x0800034e   0x00000002   PAD
    0x08000350   0x08000350   0x00000024   Code   RO         3548    .text               c_w.l(c89vsprintf.o)
    0x08000374   0x08000374   0x00000018   Code   RO         3550    .text               c_w.l(__2printf.o)
    0x0800038c   0x0800038c   0x0000002c   Code   RO         3552    .text               c_w.l(__2sprintf.o)
    0x080003b8   0x080003b8   0x00000038   Code   RO         3554    .text               c_w.l(__2snprintf.o)
    0x080003f0   0x080003f0   0x00000052   Code   RO         3564    .text               c_w.l(_printf_str.o)
    0x08000442   0x08000442   0x00000002   PAD
    0x08000444   0x08000444   0x00000078   Code   RO         3566    .text               c_w.l(_printf_dec.o)
    0x080004bc   0x080004bc   0x00000188   Code   RO         3585    .text               c_w.l(__printf_flags_ss_wp.o)
    0x08000644   0x08000644   0x00000016   Code   RO         3595    .text               c_w.l(strrchr.o)
    0x0800065a   0x0800065a   0x0000003e   Code   RO         3597    .text               c_w.l(strlen.o)
    0x08000698   0x08000698   0x0000008a   Code   RO         3599    .text               c_w.l(rt_memcpy_v6.o)
    0x08000722   0x08000722   0x00000010   Code   RO         3601    .text               c_w.l(aeabi_memset.o)
    0x08000732   0x08000732   0x0000004e   Code   RO         3603    .text               c_w.l(rt_memclr_w.o)
    0x08000780   0x08000780   0x00000080   Code   RO         3605    .text               c_w.l(strcmpv7m.o)
    0x08000800   0x08000800   0x00000006   Code   RO         3607    .text               c_w.l(heapauxi.o)
    0x08000806   0x08000806   0x00000002   Code   RO         3635    .text               c_w.l(use_no_semi.o)
    0x08000808   0x08000808   0x0000004e   Code   RO         3638    .text               c_w.l(_printf_pad.o)
    0x08000856   0x08000856   0x00000024   Code   RO         3640    .text               c_w.l(_printf_truncate.o)
    0x0800087a   0x0800087a   0x000000b2   Code   RO         3642    .text               c_w.l(_printf_intcommon.o)
    0x0800092c   0x0800092c   0x00000028   Code   RO         3644    .text               c_w.l(_printf_charcount.o)
    0x08000954   0x08000954   0x00000030   Code   RO         3646    .text               c_w.l(_printf_char_common.o)
    0x08000984   0x08000984   0x0000000a   Code   RO         3648    .text               c_w.l(_sputc.o)
    0x0800098e   0x0800098e   0x00000010   Code   RO         3650    .text               c_w.l(_snputc.o)
    0x0800099e   0x0800099e   0x0000002c   Code   RO         3652    .text               c_w.l(_printf_char.o)
    0x080009ca   0x080009ca   0x00000002   PAD
    0x080009cc   0x080009cc   0x00000024   Code   RO         3654    .text               c_w.l(_printf_char_file.o)
    0x080009f0   0x080009f0   0x000000bc   Code   RO         3656    .text               c_w.l(_printf_wctomb.o)
    0x08000aac   0x08000aac   0x0000007c   Code   RO         3659    .text               c_w.l(_printf_longlong_dec.o)
    0x08000b28   0x08000b28   0x00000070   Code   RO         3665    .text               c_w.l(_printf_oct_int_ll.o)
    0x08000b98   0x08000b98   0x00000094   Code   RO         3685    .text               c_w.l(_printf_hex_int_ll_ptr.o)
    0x08000c2c   0x08000c2c   0x00000064   Code   RO         3707    .text               c_w.l(rt_memcpy_w.o)
    0x08000c90   0x08000c90   0x00000044   Code   RO         3709    .text               c_w.l(rt_memclr.o)
    0x08000cd4   0x08000cd4   0x0000008a   Code   RO         3735    .text               c_w.l(lludiv10.o)
    0x08000d5e   0x08000d5e   0x0000041e   Code   RO         3737    .text               c_w.l(_printf_fp_dec.o)
    0x0800117c   0x0800117c   0x0000002c   Code   RO         3741    .text               c_w.l(_printf_wchar.o)
    0x080011a8   0x080011a8   0x00000008   Code   RO         3743    .text               c_w.l(ferror.o)
    0x080011b0   0x080011b0   0x00000040   Code   RO         3747    .text               c_w.l(_wcrtomb.o)
    0x080011f0   0x080011f0   0x0000004a   Code   RO         3749    .text               c_w.l(sys_stackheap_outer.o)
    0x0800123a   0x0800123a   0x00000002   PAD
    0x0800123c   0x0800123c   0x00000010   Code   RO         3751    .text               c_w.l(rt_ctype_table.o)
    0x0800124c   0x0800124c   0x00000008   Code   RO         3756    .text               c_w.l(rt_locale_intlibspace.o)
    0x08001254   0x08001254   0x00000080   Code   RO         3758    .text               c_w.l(_printf_fp_infnan.o)
    0x080012d4   0x080012d4   0x000000e4   Code   RO         3760    .text               c_w.l(bigflt0.o)
    0x080013b8   0x080013b8   0x00000012   Code   RO         3788    .text               c_w.l(exit.o)
    0x080013ca   0x080013ca   0x00000002   PAD
    0x080013cc   0x080013cc   0x00000008   Code   RO         3800    .text               c_w.l(libspace.o)
    0x080013d4   0x080013d4   0x0000003e   Code   RO         3763    CL$$btod_d2e        c_w.l(btod.o)
    0x08001412   0x08001412   0x00000046   Code   RO         3765    CL$$btod_d2e_denorm_low  c_w.l(btod.o)
    0x08001458   0x08001458   0x00000060   Code   RO         3764    CL$$btod_d2e_norm_op1  c_w.l(btod.o)
    0x080014b8   0x080014b8   0x00000338   Code   RO         3773    CL$$btod_div_common  c_w.l(btod.o)
    0x080017f0   0x080017f0   0x000000dc   Code   RO         3770    CL$$btod_e2e        c_w.l(btod.o)
    0x080018cc   0x080018cc   0x0000002a   Code   RO         3767    CL$$btod_ediv       c_w.l(btod.o)
    0x080018f6   0x080018f6   0x0000002a   Code   RO         3766    CL$$btod_emul       c_w.l(btod.o)
    0x08001920   0x08001920   0x00000244   Code   RO         3772    CL$$btod_mult_common  c_w.l(btod.o)
    0x08001b64   0x08001b64   0x00000010   Code   RO         1799    i.BKP_DeInit        stm32f10x_bkp.o
    0x08001b74   0x08001b74   0x0000001c   Code   RO         1804    i.BKP_ReadBackupRegister  stm32f10x_bkp.o
    0x08001b90   0x08001b90   0x0000001c   Code   RO         1808    i.BKP_WriteBackupRegister  stm32f10x_bkp.o
    0x08001bac   0x08001bac   0x00000004   Code   RO          266    i.BusFault_Handler  stm32f10x_it.o
    0x08001bb0   0x08001bb0   0x00000002   Code   RO          267    i.DebugMon_Handler  stm32f10x_it.o
    0x08001bb2   0x08001bb2   0x00000002   PAD
    0x08001bb4   0x08001bb4   0x00000024   Code   RO          627    i.EXTI0_IRQHandler  fpm383c.o
    0x08001bd8   0x08001bd8   0x0000000c   Code   RO         1612    i.EXTI_ClearITPendingBit  stm32f10x_exti.o
    0x08001be4   0x08001be4   0x00000028   Code   RO         1616    i.EXTI_GetITStatus  stm32f10x_exti.o
    0x08001c0c   0x08001c0c   0x00000094   Code   RO         1617    i.EXTI_Init         stm32f10x_exti.o
    0x08001ca0   0x08001ca0   0x0000004c   Code   RO         1940    i.FLASH_ErasePage   stm32f10x_flash.o
    0x08001cec   0x08001cec   0x00000034   Code   RO         1941    i.FLASH_GetBank1Status  stm32f10x_flash.o
    0x08001d20   0x08001d20   0x00000014   Code   RO         1950    i.FLASH_Lock        stm32f10x_flash.o
    0x08001d34   0x08001d34   0x00000040   Code   RO         1953    i.FLASH_ProgramHalfWord  stm32f10x_flash.o
    0x08001d74   0x08001d74   0x00000018   Code   RO         1958    i.FLASH_Unlock      stm32f10x_flash.o
    0x08001d8c   0x08001d8c   0x00000026   Code   RO         1962    i.FLASH_WaitForLastOperation  stm32f10x_flash.o
    0x08001db2   0x08001db2   0x00000002   PAD
    0x08001db4   0x08001db4   0x000000a0   Code   RO          628    i.FPM383C_Add       fpm383c.o
    0x08001e54   0x08001e54   0x0000004c   Code   RO          629    i.FPM383C_ControlLED  fpm383c.o
    0x08001ea0   0x08001ea0   0x0000012c   Code   RO          632    i.FPM383C_Enroll    fpm383c.o
    0x08001fcc   0x08001fcc   0x0000006c   Code   RO          633    i.FPM383C_GPIO_Interrupt_Config  fpm383c.o
    0x08002038   0x08002038   0x00000050   Code   RO          634    i.FPM383C_GenChar1  fpm383c.o
    0x08002088   0x08002088   0x00000050   Code   RO          635    i.FPM383C_GetImage  fpm383c.o
    0x080020d8   0x080020d8   0x000000fc   Code   RO          636    i.FPM383C_Identify  fpm383c.o
    0x080021d4   0x080021d4   0x00000080   Code   RO          637    i.FPM383C_Init      fpm383c.o
    0x08002254   0x08002254   0x000000a8   Code   RO          638    i.FPM383C_Loop      fpm383c.o
    0x080022fc   0x080022fc   0x00000040   Code   RO          639    i.FPM383C_SearchMB  fpm383c.o
    0x0800233c   0x0800233c   0x00000038   Code   RO          640    i.FPM383C_SendData  fpm383c.o
    0x08002374   0x08002374   0x00000010   Code   RO          641    i.FPM383C_Sleep     fpm383c.o
    0x08002384   0x08002384   0x00000040   Code   RO         1096    i.GPIO_EXTILineConfig  stm32f10x_gpio.o
    0x080023c4   0x080023c4   0x00000116   Code   RO         1099    i.GPIO_Init         stm32f10x_gpio.o
    0x080024da   0x080024da   0x00000002   PAD
    0x080024dc   0x080024dc   0x00000090   Code   RO         1101    i.GPIO_PinRemapConfig  stm32f10x_gpio.o
    0x0800256c   0x0800256c   0x00000012   Code   RO         1103    i.GPIO_ReadInputDataBit  stm32f10x_gpio.o
    0x0800257e   0x0800257e   0x00000004   Code   RO         1106    i.GPIO_ResetBits    stm32f10x_gpio.o
    0x08002582   0x08002582   0x00000004   Code   RO         1107    i.GPIO_SetBits      stm32f10x_gpio.o
    0x08002586   0x08002586   0x00000004   Code   RO         1109    i.GPIO_Write        stm32f10x_gpio.o
    0x0800258a   0x0800258a   0x00000004   Code   RO          268    i.HardFault_Handler  stm32f10x_it.o
    0x0800258e   0x0800258e   0x00000002   PAD
    0x08002590   0x08002590   0x00000010   Code   RO         1665    i.IWDG_Enable       stm32f10x_iwdg.o
    0x080025a0   0x080025a0   0x00000008   Code   RO          749    i.IWDG_Feed         iwdg.o
    0x080025a8   0x080025a8   0x00000024   Code   RO          750    i.IWDG_Init         iwdg.o
    0x080025cc   0x080025cc   0x00000010   Code   RO         1667    i.IWDG_ReloadCounter  stm32f10x_iwdg.o
    0x080025dc   0x080025dc   0x0000000c   Code   RO         1668    i.IWDG_SetPrescaler  stm32f10x_iwdg.o
    0x080025e8   0x080025e8   0x0000000c   Code   RO         1669    i.IWDG_SetReload    stm32f10x_iwdg.o
    0x080025f4   0x080025f4   0x0000000c   Code   RO         1670    i.IWDG_WriteAccessCmd  stm32f10x_iwdg.o
    0x08002600   0x08002600   0x0000003a   Code   RO          767    i.Is_Leap_Year      rtc.o
    0x0800263a   0x0800263a   0x00000002   PAD
    0x0800263c   0x0800263c   0x000002f4   Code   RO          383    i.KEY_Read          key.o
    0x08002930   0x08002930   0x00000058   Code   RO          384    i.KEY_UserConfig    key.o
    0x08002988   0x08002988   0x0000005c   Code   RO          371    i.LED_Init          led.o
    0x080029e4   0x080029e4   0x00000004   Code   RO          269    i.MemManage_Handler  stm32f10x_it.o
    0x080029e8   0x080029e8   0x00000002   Code   RO          270    i.NMI_Handler       stm32f10x_it.o
    0x080029ea   0x080029ea   0x00000044   Code   RO          642    i.NVIC_Config       fpm383c.o
    0x08002a2e   0x08002a2e   0x00000002   PAD
    0x08002a30   0x08002a30   0x00000070   Code   RO         1057    i.NVIC_Init         misc.o
    0x08002aa0   0x08002aa0   0x00000014   Code   RO         1058    i.NVIC_PriorityGroupConfig  misc.o
    0x08002ab4   0x08002ab4   0x0000003e   Code   RO          433    i.OLED_Clear        oled.o
    0x08002af2   0x08002af2   0x00000002   PAD
    0x08002af4   0x08002af4   0x00000030   Code   RO          439    i.OLED_IIC_Start    oled.o
    0x08002b24   0x08002b24   0x00000028   Code   RO          440    i.OLED_IIC_Stop     oled.o
    0x08002b4c   0x08002b4c   0x0000001c   Code   RO          441    i.OLED_IIC_Wait_Ack  oled.o
    0x08002b68   0x08002b68   0x00000124   Code   RO          442    i.OLED_Init         oled.o
    0x08002c8c   0x08002c8c   0x00000028   Code   RO          449    i.OLED_Set_Pos      oled.o
    0x08002cb4   0x08002cb4   0x000000a4   Code   RO          451    i.OLED_ShowChar     oled.o
    0x08002d58   0x08002d58   0x00000036   Code   RO          453    i.OLED_ShowString   oled.o
    0x08002d8e   0x08002d8e   0x00000018   Code   RO          454    i.OLED_WR_Byte      oled.o
    0x08002da6   0x08002da6   0x00000002   PAD
    0x08002da8   0x08002da8   0x0000005c   Code   RO          455    i.OLED_Write_IIC_Byte  oled.o
    0x08002e04   0x08002e04   0x0000002c   Code   RO          456    i.OLED_Write_IIC_Command  oled.o
    0x08002e30   0x08002e30   0x0000002c   Code   RO          457    i.OLED_Write_IIC_Data  oled.o
    0x08002e5c   0x08002e5c   0x0000000c   Code   RO         1875    i.PWR_BackupAccessCmd  stm32f10x_pwr.o
    0x08002e68   0x08002e68   0x0000003c   Code   RO         3390    i.Queue_Read_Byte   system.o
    0x08002ea4   0x08002ea4   0x00000020   Code   RO         1233    i.RCC_APB1PeriphClockCmd  stm32f10x_rcc.o
    0x08002ec4   0x08002ec4   0x00000020   Code   RO         1235    i.RCC_APB2PeriphClockCmd  stm32f10x_rcc.o
    0x08002ee4   0x08002ee4   0x0000000c   Code   RO         1238    i.RCC_BackupResetCmd  stm32f10x_rcc.o
    0x08002ef0   0x08002ef0   0x000000d4   Code   RO         1243    i.RCC_GetClocksFreq  stm32f10x_rcc.o
    0x08002fc4   0x08002fc4   0x0000003c   Code   RO         1244    i.RCC_GetFlagStatus  stm32f10x_rcc.o
    0x08003000   0x08003000   0x00000034   Code   RO         1251    i.RCC_LSEConfig     stm32f10x_rcc.o
    0x08003034   0x08003034   0x0000000c   Code   RO         1258    i.RCC_RTCCLKCmd     stm32f10x_rcc.o
    0x08003040   0x08003040   0x00000010   Code   RO         1259    i.RCC_RTCCLKConfig  stm32f10x_rcc.o
    0x08003050   0x08003050   0x00000010   Code   RO         1708    i.RTC_ClearITPendingBit  stm32f10x_rtc.o
    0x08003060   0x08003060   0x00000014   Code   RO         1709    i.RTC_EnterConfigMode  stm32f10x_rtc.o
    0x08003074   0x08003074   0x00000014   Code   RO         1710    i.RTC_ExitConfigMode  stm32f10x_rtc.o
    0x08003088   0x08003088   0x00000100   Code   RO          768    i.RTC_Get           rtc.o
    0x08003188   0x08003188   0x00000014   Code   RO         1711    i.RTC_GetCounter    stm32f10x_rtc.o
    0x0800319c   0x0800319c   0x00000024   Code   RO         1714    i.RTC_GetITStatus   stm32f10x_rtc.o
    0x080031c0   0x080031c0   0x00000078   Code   RO          769    i.RTC_Get_Week      rtc.o
    0x08003238   0x08003238   0x00000028   Code   RO          770    i.RTC_IRQHandler    rtc.o
    0x08003260   0x08003260   0x00000020   Code   RO         1715    i.RTC_ITConfig      stm32f10x_rtc.o
    0x08003280   0x08003280   0x000000be   Code   RO          771    i.RTC_Init          rtc.o
    0x0800333e   0x0800333e   0x00000020   Code   RO          772    i.RTC_NVIC_Config   rtc.o
    0x0800335e   0x0800335e   0x00000002   PAD
    0x08003360   0x08003360   0x000000cc   Code   RO          773    i.RTC_Set           rtc.o
    0x0800342c   0x0800342c   0x0000001c   Code   RO         1717    i.RTC_SetCounter    stm32f10x_rtc.o
    0x08003448   0x08003448   0x00000020   Code   RO         1718    i.RTC_SetPrescaler  stm32f10x_rtc.o
    0x08003468   0x08003468   0x00000014   Code   RO         1719    i.RTC_WaitForLastTask  stm32f10x_rtc.o
    0x0800347c   0x0800347c   0x00000024   Code   RO         1720    i.RTC_WaitForSynchro  stm32f10x_rtc.o
    0x080034a0   0x080034a0   0x00000022   Code   RO          849    i.STMFLASH_Read     stmflash.o
    0x080034c2   0x080034c2   0x00000006   Code   RO          850    i.STMFLASH_ReadHalfWord  stmflash.o
    0x080034c8   0x080034c8   0x000000e8   Code   RO          851    i.STMFLASH_Write    stmflash.o
    0x080035b0   0x080035b0   0x00000026   Code   RO          852    i.STMFLASH_Write_NoCheck  stmflash.o
    0x080035d6   0x080035d6   0x00000008   Code   RO          337    i.SetSysClock       system_stm32f10x.o
    0x080035de   0x080035de   0x00000002   PAD
    0x080035e0   0x080035e0   0x000000e0   Code   RO          338    i.SetSysClockTo72   system_stm32f10x.o
    0x080036c0   0x080036c0   0x00000028   Code   RO         1061    i.SysTick_CLKSourceConfig  misc.o
    0x080036e8   0x080036e8   0x00000010   Code   RO          888    i.SysTick_Handler   delay.o
    0x080036f8   0x080036f8   0x00000060   Code   RO          340    i.SystemInit        system_stm32f10x.o
    0x08003758   0x08003758   0x0000001c   Code   RO          822    i.UART3_SendByte    usart3.o
    0x08003774   0x08003774   0x00000088   Code   RO          965    i.USART1_IRQHandler  usart.o
    0x080037fc   0x080037fc   0x00000060   Code   RO          643    i.USART2_IRQHandler  fpm383c.o
    0x0800385c   0x0800385c   0x00000024   Code   RO          823    i.USART3_IRQHandler  usart3.o
    0x08003880   0x08003880   0x0000008c   Code   RO          644    i.USART_2_Config    fpm383c.o
    0x0800390c   0x0800390c   0x0000001e   Code   RO         1432    i.USART_ClearITPendingBit  stm32f10x_usart.o
    0x0800392a   0x0800392a   0x00000018   Code   RO         1435    i.USART_Cmd         stm32f10x_usart.o
    0x08003942   0x08003942   0x0000001a   Code   RO         1438    i.USART_GetFlagStatus  stm32f10x_usart.o
    0x0800395c   0x0800395c   0x00000054   Code   RO         1439    i.USART_GetITStatus  stm32f10x_usart.o
    0x080039b0   0x080039b0   0x0000004a   Code   RO         1441    i.USART_ITConfig    stm32f10x_usart.o
    0x080039fa   0x080039fa   0x00000002   PAD
    0x080039fc   0x080039fc   0x000000d8   Code   RO         1442    i.USART_Init        stm32f10x_usart.o
    0x08003ad4   0x08003ad4   0x0000000a   Code   RO         1449    i.USART_ReceiveData  stm32f10x_usart.o
    0x08003ade   0x08003ade   0x00000008   Code   RO         1452    i.USART_SendData    stm32f10x_usart.o
    0x08003ae6   0x08003ae6   0x00000004   Code   RO          271    i.UsageFault_Handler  stm32f10x_it.o
    0x08003aea   0x08003aea   0x00000028   Code   RO         3798    i.__ARM_fpclassify  m_ws.l(fpclassify.o)
    0x08003b12   0x08003b12   0x0000000e   Code   RO         3578    i._is_digit         c_w.l(__printf_wp.o)
    0x08003b20   0x08003b20   0x00000004   Code   RO          966    i._sys_exit         usart.o
    0x08003b24   0x08003b24   0x0000002a   Code   RO            1    i.add_type          main.o
    0x08003b4e   0x08003b4e   0x00000002   PAD
    0x08003b50   0x08003b50   0x00000298   Code   RO         3391    i.data_handle       system.o
    0x08003de8   0x08003de8   0x0000004c   Code   RO         3392    i.data_point_handle  system.o
    0x08003e34   0x08003e34   0x0000005c   Code   RO          889    i.delay_init        delay.o
    0x08003e90   0x08003e90   0x00000040   Code   RO          890    i.delay_ms          delay.o
    0x08003ed0   0x08003ed0   0x00000048   Code   RO          891    i.delay_us          delay.o
    0x08003f18   0x08003f18   0x00000046   Code   RO         3307    i.dp_download_handle  protocol.o
    0x08003f5e   0x08003f5e   0x0000001c   Code   RO         3308    i.dp_download_initiative_message_handle  protocol.o
    0x08003f7a   0x08003f7a   0x00000028   Code   RO         3309    i.dp_download_lock_motor_state_handle  protocol.o
    0x08003fa2   0x08003fa2   0x0000001c   Code   RO         3310    i.dp_download_remote_no_dp_key_handle  protocol.o
    0x08003fbe   0x08003fbe   0x00000002   PAD
    0x08003fc0   0x08003fc0   0x00000144   Code   RO            2    i.finger_add        main.o
    0x08004104   0x08004104   0x00000038   Code   RO            3    i.flash_read        main.o
    0x0800413c   0x0800413c   0x0000007c   Code   RO            4    i.flash_reset       main.o
    0x080041b8   0x080041b8   0x0000001c   Code   RO          967    i.fputc             usart.o
    0x080041d4   0x080041d4   0x0000001c   Code   RO         3393    i.get_check_sum     system.o
    0x080041f0   0x080041f0   0x0000002c   Code   RO         3394    i.get_dowmload_dpid_index  system.o
    0x0800421c   0x0800421c   0x00000004   Code   RO         3311    i.get_download_cmd_total  protocol.o
    0x08004220   0x08004220   0x0000001c   Code   RO         3396    i.get_queue_total_data  system.o
    0x0800423c   0x0800423c   0x00000024   Code   RO          385    i.hang1             key.o
    0x08004260   0x08004260   0x00000028   Code   RO          386    i.hang2             key.o
    0x08004288   0x08004288   0x00000028   Code   RO          387    i.hang3             key.o
    0x080042b0   0x080042b0   0x00000024   Code   RO          388    i.hang4             key.o
    0x080042d4   0x080042d4   0x00000002   Code   RO            5    i.idcard_add        main.o
    0x080042d6   0x080042d6   0x00000002   PAD
    0x080042d8   0x080042d8   0x00000290   Code   RO            6    i.key_password_add  main.o
    0x08004568   0x08004568   0x000000e8   Code   RO            7    i.key_process       main.o
    0x08004650   0x08004650   0x000000d8   Code   RO            8    i.key_task          main.o
    0x08004728   0x08004728   0x00000214   Code   RO            9    i.keypassword_open_process  main.o
    0x0800493c   0x0800493c   0x00000094   Code   RO           10    i.led0_task         main.o
    0x080049d0   0x080049d0   0x00000088   Code   RO         1018    i.logd              log.o
    0x08004a58   0x08004a58   0x00000144   Code   RO           11    i.main              main.o
    0x08004b9c   0x08004b9c   0x00000064   Code   RO         3122    i.mcu_dp_bool_update  mcu_api.o
    0x08004c00   0x08004c00   0x00000074   Code   RO         3125    i.mcu_dp_raw_update  mcu_api.o
    0x08004c74   0x08004c74   0x00000006   Code   RO         3312    i.mcu_firm_update_handle  protocol.o
    0x08004c7a   0x08004c7a   0x00000006   Code   RO         3128    i.mcu_get_dp_download_bool  mcu_api.o
    0x08004c80   0x08004c80   0x0000000c   Code   RO         3133    i.mcu_get_wifi_work_state  mcu_api.o
    0x08004c8c   0x08004c8c   0x00000018   Code   RO         3135    i.mcu_reset_wifi    mcu_api.o
    0x08004ca4   0x08004ca4   0x00000024   Code   RO         3136    i.mcu_set_wifi_mode  mcu_api.o
    0x08004cc8   0x08004cc8   0x0000001e   Code   RO         3313    i.mcu_update_handle  protocol.o
    0x08004ce6   0x08004ce6   0x00000002   Code   RO         3315    i.mcu_write_gltime  protocol.o
    0x08004ce8   0x08004ce8   0x00000008   Code   RO         3476    i.mul_temp_pass_data  lock_api.o
    0x08004cf0   0x08004cf0   0x0000006e   Code   RO         3477    i.mul_temp_pass_handle  lock_api.o
    0x08004d5e   0x08004d5e   0x00000044   Code   RO         3138    i.my_memcpy         mcu_api.o
    0x08004da2   0x08004da2   0x0000001c   Code   RO         3142    i.my_strlen         mcu_api.o
    0x08004dbe   0x08004dbe   0x0000001e   Code   RO         3478    i.pass_check_handle  lock_api.o
    0x08004ddc   0x08004ddc   0x00000118   Code   RO         3397    i.product_info_update  system.o
    0x08004ef4   0x08004ef4   0x00000098   Code   RO         2502    i.prvAddCurrentTaskToDelayedList  tasks.o
    0x08004f8c   0x08004f8c   0x000000b8   Code   RO         2503    i.prvAddNewTaskToReadyList  tasks.o
    0x08005044   0x08005044   0x00000064   Code   RO         2862    i.prvCheckForValidListAndQueue  timers.o
    0x080050a8   0x080050a8   0x00000064   Code   RO         2504    i.prvCheckTasksWaitingTermination  tasks.o
    0x0800510c   0x0800510c   0x0000002a   Code   RO         2266    i.prvCopyDataFromQueue  queue.o
    0x08005136   0x08005136   0x0000007c   Code   RO         2267    i.prvCopyDataToQueue  queue.o
    0x080051b2   0x080051b2   0x00000012   Code   RO         2505    i.prvDeleteTCB      tasks.o
    0x080051c4   0x080051c4   0x00000028   Code   RO         2863    i.prvGetNextExpireTime  timers.o
    0x080051ec   0x080051ec   0x0000007c   Code   RO         3069    i.prvHeapInit       heap_4.o
    0x08005268   0x08005268   0x00000028   Code   RO         2506    i.prvIdleTask       tasks.o
    0x08005290   0x08005290   0x0000002e   Code   RO         2269    i.prvInitialiseNewQueue  queue.o
    0x080052be   0x080052be   0x00000002   PAD
    0x080052c0   0x080052c0   0x000000d0   Code   RO         2507    i.prvInitialiseNewTask  tasks.o
    0x08005390   0x08005390   0x00000068   Code   RO         2508    i.prvInitialiseTaskLists  tasks.o
    0x080053f8   0x080053f8   0x00000068   Code   RO         3070    i.prvInsertBlockIntoFreeList  heap_4.o
    0x08005460   0x08005460   0x00000058   Code   RO         2865    i.prvInsertTimerInActiveList  timers.o
    0x080054b8   0x080054b8   0x0000001a   Code   RO         2270    i.prvIsQueueEmpty   queue.o
    0x080054d2   0x080054d2   0x0000001e   Code   RO         2271    i.prvIsQueueFull    queue.o
    0x080054f0   0x080054f0   0x000000a0   Code   RO         2272    i.prvNotifyQueueSetContainer  queue.o
    0x08005590   0x08005590   0x00000080   Code   RO         2866    i.prvProcessExpiredTimer  timers.o
    0x08005610   0x08005610   0x0000012c   Code   RO         2867    i.prvProcessReceivedCommands  timers.o
    0x0800573c   0x0800573c   0x00000074   Code   RO         2868    i.prvProcessTimerOrBlockTask  timers.o
    0x080057b0   0x080057b0   0x00000034   Code   RO         2510    i.prvResetNextTaskUnblockTime  tasks.o
    0x080057e4   0x080057e4   0x0000002c   Code   RO         2869    i.prvSampleTimeNow  timers.o
    0x08005810   0x08005810   0x000000bc   Code   RO         2870    i.prvSwitchTimerLists  timers.o
    0x080058cc   0x080058cc   0x00000070   Code   RO         2993    i.prvTaskExitError  port.o
    0x0800593c   0x0800593c   0x0000001a   Code   RO         2871    i.prvTimerTask      timers.o
    0x08005956   0x08005956   0x00000092   Code   RO         2273    i.prvUnlockQueue    queue.o
    0x080059e8   0x080059e8   0x00000154   Code   RO         3071    i.pvPortMalloc      heap_4.o
    0x08005b3c   0x08005b3c   0x00000020   Code   RO         2514    i.pvTaskIncrementMutexHeldCount  tasks.o
    0x08005b5c   0x08005b5c   0x00000024   Code   RO         2994    i.pxPortInitialiseStack  port.o
    0x08005b80   0x08005b80   0x0000001a   Code   RO         3479    i.schedule_data_process  lock_api.o
    0x08005b9a   0x08005b9a   0x00000022   Code   RO         3480    i.schedule_temp_pass_data  lock_api.o
    0x08005bbc   0x08005bbc   0x00000098   Code   RO         3481    i.schedule_temp_pass_handle  lock_api.o
    0x08005c54   0x08005c54   0x00000028   Code   RO         3398    i.set_wifi_uart_buffer  system.o
    0x08005c7c   0x08005c7c   0x00000010   Code   RO         3399    i.set_wifi_uart_byte  system.o
    0x08005c8c   0x08005c8c   0x00000094   Code   RO           12    i.start_task        main.o
    0x08005d20   0x08005d20   0x00000064   Code   RO          389    i.switch_keyvalue   key.o
    0x08005d84   0x08005d84   0x00000002   Code   RO         3482    i.temp_pass_handle  lock_api.o
    0x08005d86   0x08005d86   0x00000002   PAD
    0x08005d88   0x08005d88   0x00000054   Code   RO           13    i.tuya_task         main.o
    0x08005ddc   0x08005ddc   0x000000a0   Code   RO          969    i.uart_init         usart.o
    0x08005e7c   0x08005e7c   0x00000058   Code   RO         3143    i.uart_receive_input  mcu_api.o
    0x08005ed4   0x08005ed4   0x0000001c   Code   RO         3316    i.uart_transmit_output  protocol.o
    0x08005ef0   0x08005ef0   0x000000a8   Code   RO          824    i.usart3_init       usart3.o
    0x08005f98   0x08005f98   0x000000c4   Code   RO           14    i.user_add          main.o
    0x0800605c   0x0800605c   0x00000028   Code   RO         2229    i.uxListRemove      list.o
    0x08006084   0x08006084   0x0000001a   Code   RO         2230    i.vListInitialise   list.o
    0x0800609e   0x0800609e   0x00000006   Code   RO         2231    i.vListInitialiseItem  list.o
    0x080060a4   0x080060a4   0x00000034   Code   RO         2232    i.vListInsert       list.o
    0x080060d8   0x080060d8   0x00000018   Code   RO         2233    i.vListInsertEnd    list.o
    0x080060f0   0x080060f0   0x00000088   Code   RO         2996    i.vPortEnterCritical  port.o
    0x08006178   0x08006178   0x00000070   Code   RO         2997    i.vPortExitCritical  port.o
    0x080061e8   0x080061e8   0x000000b8   Code   RO         3072    i.vPortFree         heap_4.o
    0x080062a0   0x080062a0   0x00000020   Code   RO         2998    i.vPortSetupTimerInterrupt  port.o
    0x080062c0   0x080062c0   0x000000a0   Code   RO         2999    i.vPortValidateInterruptPriority  port.o
    0x08006360   0x08006360   0x0000002c   Code   RO         2279    i.vQueueAddToRegistry  queue.o
    0x0800638c   0x0800638c   0x0000004a   Code   RO         2283    i.vQueueWaitForMessageRestricted  queue.o
    0x080063d6   0x080063d6   0x00000002   PAD
    0x080063d8   0x080063d8   0x00000074   Code   RO         2522    i.vTaskDelay        tasks.o
    0x0800644c   0x0800644c   0x0000010c   Code   RO         2524    i.vTaskDelete       tasks.o
    0x08006558   0x08006558   0x0000000c   Code   RO         2528    i.vTaskMissedYield  tasks.o
    0x08006564   0x08006564   0x00000054   Code   RO         2530    i.vTaskPlaceOnEventList  tasks.o
    0x080065b8   0x080065b8   0x0000005c   Code   RO         2531    i.vTaskPlaceOnEventListRestricted  tasks.o
    0x08006614   0x08006614   0x000000b0   Code   RO         2533    i.vTaskPriorityInherit  tasks.o
    0x080066c4   0x080066c4   0x0000004c   Code   RO         2537    i.vTaskSetTimeOutState  tasks.o
    0x08006710   0x08006710   0x000000ac   Code   RO         2538    i.vTaskStartScheduler  tasks.o
    0x080067bc   0x080067bc   0x00000010   Code   RO         2540    i.vTaskSuspendAll   tasks.o
    0x080067cc   0x080067cc   0x000000a8   Code   RO         2541    i.vTaskSwitchContext  tasks.o
    0x08006874   0x08006874   0x0000002c   Code   RO         3144    i.wifi_protocol_init  mcu_api.o
    0x080068a0   0x080068a0   0x00000008   Code   RO         3317    i.wifi_test_result  protocol.o
    0x080068a8   0x080068a8   0x000000f4   Code   RO         3145    i.wifi_uart_service  mcu_api.o
    0x0800699c   0x0800699c   0x00000024   Code   RO         3400    i.wifi_uart_write_data  system.o
    0x080069c0   0x080069c0   0x00000044   Code   RO         3401    i.wifi_uart_write_frame  system.o
    0x08006a04   0x08006a04   0x0000001e   Code   RO         3318    i.wifi_update_handle  protocol.o
    0x08006a22   0x08006a22   0x00000002   PAD
    0x08006a24   0x08006a24   0x000000a0   Code   RO         3000    i.xPortStartScheduler  port.o
    0x08006ac4   0x08006ac4   0x00000034   Code   RO         3001    i.xPortSysTickHandler  port.o
    0x08006af8   0x08006af8   0x00000074   Code   RO         2288    i.xQueueGenericCreate  queue.o
    0x08006b6c   0x08006b6c   0x000001c8   Code   RO         2289    i.xQueueGenericReceive  queue.o
    0x08006d34   0x08006d34   0x000000b0   Code   RO         2290    i.xQueueGenericReset  queue.o
    0x08006de4   0x08006de4   0x000001c4   Code   RO         2291    i.xQueueGenericSend  queue.o
    0x08006fa8   0x08006fa8   0x00000110   Code   RO         2292    i.xQueueGenericSendFromISR  queue.o
    0x080070b8   0x080070b8   0x000000a0   Code   RO         2542    i.xTaskCheckForTimeOut  tasks.o
    0x08007158   0x08007158   0x00000060   Code   RO         2543    i.xTaskCreate       tasks.o
    0x080071b8   0x080071b8   0x00000020   Code   RO         2547    i.xTaskGetSchedulerState  tasks.o
    0x080071d8   0x080071d8   0x0000000c   Code   RO         2548    i.xTaskGetTickCount  tasks.o
    0x080071e4   0x080071e4   0x00000160   Code   RO         2550    i.xTaskIncrementTick  tasks.o
    0x08007344   0x08007344   0x000000d8   Code   RO         2553    i.xTaskPriorityDisinherit  tasks.o
    0x0800741c   0x0800741c   0x000000b4   Code   RO         2554    i.xTaskRemoveFromEventList  tasks.o
    0x080074d0   0x080074d0   0x00000120   Code   RO         2556    i.xTaskResumeAll    tasks.o
    0x080075f0   0x080075f0   0x00000074   Code   RO         2875    i.xTimerCreateTimerTask  timers.o
    0x08007664   0x08007664   0x000000a4   Code   RO         2876    i.xTimerGenericCommand  timers.o
    0x08007708   0x08007708   0x0000002c   Code   RO         3786    locale$$code        c_w.l(lc_numeric_c.o)
    0x08007734   0x08007734   0x0000002c   Code   RO         3806    locale$$code        c_w.l(lc_ctype_c.o)
    0x08007760   0x08007760   0x00000004   Code   RO         3717    x$fpl$printf1       fz_ws.l(printf1.o)
    0x08007764   0x08007764   0x00000000   Code   RO         3719    x$fpl$usenofp       fz_ws.l(usenofp.o)
    0x08007764   0x08007764   0x00000078   Data   RO           16    .constdata          main.o
    0x080077dc   0x080077dc   0x00000828   Data   RO          461    .constdata          oled.o
    0x08008004   0x08008004   0x00000046   Data   RO          646    .constdata          fpm383c.o
    0x0800804a   0x0800804a   0x00000018   Data   RO          775    .constdata          rtc.o
    0x08008062   0x08008062   0x00000012   Data   RO         3319    .constdata          protocol.o
    0x08008074   0x08008074   0x00000011   Data   RO         3586    .constdata          c_w.l(__printf_flags_ss_wp.o)
    0x08008085   0x08008085   0x00000003   PAD
    0x08008088   0x08008088   0x00000008   Data   RO         3657    .constdata          c_w.l(_printf_wctomb.o)
    0x08008090   0x08008090   0x00000028   Data   RO         3686    .constdata          c_w.l(_printf_hex_int_ll_ptr.o)
    0x080080b8   0x080080b8   0x00000094   Data   RO         3761    .constdata          c_w.l(bigflt0.o)
    0x0800814c   0x0800814c   0x00000020   Data   RO         3928    Region$$Table       anon$$obj.o
    0x0800816c   0x0800816c   0x0000001c   Data   RO         3785    locale$$data        c_w.l(lc_numeric_c.o)
    0x08008188   0x08008188   0x00000110   Data   RO         3805    locale$$data        c_w.l(lc_ctype_c.o)


    Execution Region ER_RW (Exec base: 0x20000000, Load base: 0x08008298, Size: 0x000001a4, Max: 0xffffffff, ABSOLUTE, COMPRESSED[0x0000008c])

    Exec Addr    Load Addr    Size         Type   Attr      Idx    E Section Name        Object

    0x20000000   COMPRESSED   0x00000014   Data   RW           17    .data               main.o
    0x20000014   COMPRESSED   0x00000014   Data   RW          341    .data               system_stm32f10x.o
    0x20000028   COMPRESSED   0x000000c8   Data   RW          647    .data               fpm383c.o
    0x200000f0   COMPRESSED   0x00000002   Data   RW          776    .data               rtc.o
    0x200000f2   COMPRESSED   0x00000004   Data   RW          893    .data               delay.o
    0x200000f6   COMPRESSED   0x00000002   PAD
    0x200000f8   COMPRESSED   0x00000006   Data   RW          971    .data               usart.o
    0x200000fe   COMPRESSED   0x00000014   Data   RW         1263    .data               stm32f10x_rcc.o
    0x20000112   COMPRESSED   0x00000002   PAD
    0x20000114   COMPRESSED   0x0000003c   Data   RW         2559    .data               tasks.o
    0x20000150   COMPRESSED   0x00000014   Data   RW         2884    .data               timers.o
    0x20000164   COMPRESSED   0x0000000c   Data   RW         3002    .data               port.o
    0x20000170   COMPRESSED   0x00000018   Data   RW         3077    .data               heap_4.o
    0x20000188   COMPRESSED   0x00000002   Data   RW         3147    .data               mcu_api.o
    0x2000018a   COMPRESSED   0x00000002   PAD
    0x2000018c   COMPRESSED   0x00000015   Data   RW         3403    .data               system.o


    Execution Region ER_ZI (Exec base: 0x200001a4, Load base: 0x08008324, Size: 0x00003d8c, Max: 0xffffffff, ABSOLUTE)

    Exec Addr    Load Addr    Size         Type   Attr      Idx    E Section Name        Object

    0x200001a4        -       0x00000037   Zero   RW           15    .bss                main.o
    0x200001db        -       0x00000014   Zero   RW          645    .bss                fpm383c.o
    0x200001ef   0x08008324   0x00000001   PAD
    0x200001f0        -       0x0000000a   Zero   RW          774    .bss                rtc.o
    0x200001fa        -       0x00000800   Zero   RW          854    .bss                stmflash.o
    0x200009fa        -       0x00000190   Zero   RW          970    .bss                usart.o
    0x20000b8a   0x08008324   0x00000002   PAD
    0x20000b8c        -       0x00000040   Zero   RW         2303    .bss                queue.o
    0x20000bcc        -       0x000002e4   Zero   RW         2558    .bss                tasks.o
    0x20000eb0        -       0x00000028   Zero   RW         2883    .bss                timers.o
    0x20000ed8        -       0x00002800   Zero   RW         3076    .bss                heap_4.o
    0x200036d8        -       0x000001f1   Zero   RW         3402    .bss                system.o
    0x200038c9   0x08008324   0x00000003   PAD
    0x200038cc        -       0x00000060   Zero   RW         3801    .bss                c_w.l(libspace.o)
    0x2000392c   0x08008324   0x00000004   PAD
    0x20003930        -       0x00000200   Zero   RW         1051    HEAP                startup_stm32f10x_md.o
    0x20003b30        -       0x00000400   Zero   RW         1050    STACK               startup_stm32f10x_md.o


==============================================================================

Image component sizes


      Code (inc. data)   RO Data    RW Data    ZI Data      Debug   Object Name

       244         26          0          4          0       2205   delay.o
         0          0          0          0          0      10248   event_groups.o
      1828        502         70        200         20      10697   fpm383c.o
       752        176          0         24      10240       3699   heap_4.o
        44          0          0          0          0        956   iwdg.o
      1096         70          0          0          0       3934   key.o
        92          8          0          0          0        487   led.o
       148          0          0          0          0       2902   list.o
       362          0          0          0          0       4750   lock_api.o
       136         44          0          0          0        755   log.o
      3084        812        120         20         55     258363   main.o
       766         70          0          2          0       8017   mcu_api.o
       172         22          0          0          0       1961   misc.o
       932         38       2088          0          0       9148   oled.o
       950        320          0         12          0       9853   port.o
       274         20         18          0          0       6744   protocol.o
      2164        238          0          0         64      14925   queue.o
       900         36         24          2         10       5390   rtc.o
        64         26        236          0       1536        776   startup_stm32f10x_md.o
        72         10          0          0          0       2592   stm32f10x_bkp.o
       200         18          0          0          0       2012   stm32f10x_exti.o
       274         30          0          0          0       3286   stm32f10x_flash.o
       516         10          0          0          0       5453   stm32f10x_gpio.o
        20          0          0          0          0       2337   stm32f10x_it.o
        68         30          0          0          0       2362   stm32f10x_iwdg.o
        12          6          0          0          0        486   stm32f10x_pwr.o
       428         58          0         20          0       6914   stm32f10x_rcc.o
       260         48          0          0          0       4916   stm32f10x_rtc.o
       472          6          0          0          0       6595   stm32f10x_usart.o
       310         10          0          0       2048       3417   stmflash.o
         0          0          0          0          0         32   sys.o
      1340        172          0         21        497       8473   system.o
       328         28          0         20          0       1965   system_stm32f10x.o
      3406        878          0         60        740      27811   tasks.o
      1310        312          0         20         40       8139   timers.o
       328         26          0          6        400       4685   usart.o
       232         22          0          0          0       1655   usart3.o

    ----------------------------------------------------------------------
     23622       4072       2588        420      15656     448940   Object Totals
         0          0         32          0          0          0   (incl. Generated)
        38          0          0          9          6          0   (incl. Padding)

    ----------------------------------------------------------------------

      Code (inc. data)   RO Data    RW Data    ZI Data      Debug   Library Member Name

        24          4          0          0          0         84   __2printf.o
        56          6          0          0          0         88   __2snprintf.o
        44          6          0          0          0         84   __2sprintf.o
        90          0          0          0          0          0   __dczerorl2.o
         8          0          0          0          0         68   __main.o
       392          4         17          0          0         92   __printf_flags_ss_wp.o
        14          0          0          0          0         68   __printf_wp.o
         0          0          0          0          0          0   __rtentry.o
        12          0          0          0          0          0   __rtentry2.o
         6          0          0          0          0          0   __rtentry4.o
        52          8          0          0          0          0   __scatter.o
        28          0          0          0          0          0   __scatter_zi.o
         6          0          0          0          0          0   _printf_a.o
         6          0          0          0          0          0   _printf_c.o
        44          0          0          0          0        108   _printf_char.o
        48          6          0          0          0         96   _printf_char_common.o
        36          4          0          0          0         80   _printf_char_file.o
        40          0          0          0          0         68   _printf_charcount.o
         6          0          0          0          0          0   _printf_d.o
       120         16          0          0          0         92   _printf_dec.o
         6          0          0          0          0          0   _printf_e.o
         6          0          0          0          0          0   _printf_f.o
      1054          0          0          0          0        216   _printf_fp_dec.o
       128         16          0          0          0         84   _printf_fp_infnan.o
         6          0          0          0          0          0   _printf_g.o
       148          4         40          0          0        160   _printf_hex_int_ll_ptr.o
         6          0          0          0          0          0   _printf_i.o
       178          0          0          0          0         88   _printf_intcommon.o
        10          0          0          0          0          0   _printf_l.o
         6          0          0          0          0          0   _printf_lc.o
        10          0          0          0          0          0   _printf_ll.o
         6          0          0          0          0          0   _printf_lld.o
         6          0          0          0          0          0   _printf_lli.o
         6          0          0          0          0          0   _printf_llo.o
         6          0          0          0          0          0   _printf_llu.o
         6          0          0          0          0          0   _printf_llx.o
       124         16          0          0          0         92   _printf_longlong_dec.o
         6          0          0          0          0          0   _printf_ls.o
         6          0          0          0          0          0   _printf_n.o
         6          0          0          0          0          0   _printf_o.o
       112         10          0          0          0        124   _printf_oct_int_ll.o
         6          0          0          0          0          0   _printf_p.o
        78          0          0          0          0        108   _printf_pad.o
         0          0          0          0          0          0   _printf_percent.o
         4          0          0          0          0          0   _printf_percent_end.o
         6          0          0          0          0          0   _printf_s.o
        82          0          0          0          0         80   _printf_str.o
        36          0          0          0          0         84   _printf_truncate.o
         6          0          0          0          0          0   _printf_u.o
        44          0          0          0          0        108   _printf_wchar.o
       188          6          8          0          0         92   _printf_wctomb.o
         6          0          0          0          0          0   _printf_x.o
        16          0          0          0          0         68   _snputc.o
        10          0          0          0          0         68   _sputc.o
        64          0          0          0          0         92   _wcrtomb.o
        16          0          0          0          0         68   aeabi_memset.o
       228          4        148          0          0         96   bigflt0.o
      1936        128          0          0          0        672   btod.o
        36          4          0          0          0         76   c89vsprintf.o
        18          0          0          0          0         80   exit.o
         8          0          0          0          0         68   ferror.o
         6          0          0          0          0        152   heapauxi.o
        44         10        272          0          0         76   lc_ctype_c.o
        44         10         28          0          0         76   lc_numeric_c.o
         2          0          0          0          0          0   libinit.o
        30          0          0          0          0          0   libinit2.o
         2          0          0          0          0          0   libshutdown.o
         2          0          0          0          0          0   libshutdown2.o
         8          4          0          0         96         68   libspace.o
       138          0          0          0          0         80   lludiv10.o
        16          4          0          0          0         76   rt_ctype_table.o
         8          4          0          0          0         68   rt_locale_intlibspace.o
        68          0          0          0          0         68   rt_memclr.o
        78          0          0          0          0         80   rt_memclr_w.o
       138          0          0          0          0         68   rt_memcpy_v6.o
       100          0          0          0          0         80   rt_memcpy_w.o
         2          0          0          0          0          0   rtexit.o
        10          0          0          0          0          0   rtexit2.o
       128          0          0          0          0         68   strcmpv7m.o
        62          0          0          0          0         76   strlen.o
        22          0          0          0          0         68   strrchr.o
        74          0          0          0          0         80   sys_stackheap_outer.o
         2          0          0          0          0         68   use_no_semi.o
         2          0          0          0          0         68   use_no_semi_2.o
         4          0          0          0          0         68   printf1.o
         0          0          0          0          0          0   usenofp.o
        40          0          0          0          0         68   fpclassify.o

    ----------------------------------------------------------------------
      6706        274        516          0        100       4908   Library Totals
        14          0          3          0          4          0   (incl. Padding)

    ----------------------------------------------------------------------

      Code (inc. data)   RO Data    RW Data    ZI Data      Debug   Library Name

      6648        274        513          0         96       4772   c_w.l
         4          0          0          0          0         68   fz_ws.l
        40          0          0          0          0         68   m_ws.l

    ----------------------------------------------------------------------
      6706        274        516          0        100       4908   Library Totals

    ----------------------------------------------------------------------

==============================================================================


      Code (inc. data)   RO Data    RW Data    ZI Data      Debug   

     30328       4346       3104        420      15756     438452   Grand Totals
     30328       4346       3104        140      15756     438452   ELF Image Totals (compressed)
     30328       4346       3104        140          0          0   ROM Totals

==============================================================================

    Total RO  Size (Code + RO Data)                33432 (  32.65kB)
    Total RW  Size (RW Data + ZI Data)             16176 (  15.80kB)
    Total ROM Size (Code + RO Data + RW Data)      33572 (  32.79kB)

==============================================================================

