Component: ARM Compiler 5.06 update 7 (build 960) Tool: armlink [4d3601]

==============================================================================

Section Cross References

    main.o(i.add_type) refers to main.o(i.key_password_add) for key_password_add
    main.o(i.add_type) refers to main.o(i.idcard_add) for idcard_add
    main.o(i.add_type) refers to main.o(i.finger_add) for finger_add
    main.o(i.finger_add) refers to strrchr.o(.text) for strrchr
    main.o(i.finger_add) refers to log.o(i.logd) for logd
    main.o(i.finger_add) refers to key.o(i.KEY_Read) for KEY_Read
    main.o(i.finger_add) refers to fpm383c.o(i.FPM383C_Add) for FPM383C_Add
    main.o(i.finger_add) refers to main.o(.constdata) for __FUNCTION__
    main.o(i.flash_read) refers to stmflash.o(i.STMFLASH_Read) for STMFLASH_Read
    main.o(i.flash_read) refers to main.o(.bss) for g_password
    main.o(i.flash_reset) refers to stmflash.o(i.STMFLASH_Write) for STMFLASH_Write
    main.o(i.flash_reset) refers to strrchr.o(.text) for strrchr
    main.o(i.flash_reset) refers to log.o(i.logd) for logd
    main.o(i.flash_reset) refers to main.o(.bss) for g_password
    main.o(i.flash_reset) refers to main.o(.constdata) for __FUNCTION__
    main.o(i.key_password_add) refers to _printf_percent.o(.ARM.Collect$$_printf_percent$$00000000) for _printf_percent
    main.o(i.key_password_add) refers to _printf_s.o(.ARM.Collect$$_printf_percent$$00000014) for _printf_s
    main.o(i.key_password_add) refers to _printf_str.o(.text) for _printf_str
    main.o(i.key_password_add) refers to strrchr.o(.text) for strrchr
    main.o(i.key_password_add) refers to log.o(i.logd) for logd
    main.o(i.key_password_add) refers to key.o(i.KEY_Read) for KEY_Read
    main.o(i.key_password_add) refers to strlen.o(.text) for strlen
    main.o(i.key_password_add) refers to __2snprintf.o(.text) for __2snprintf
    main.o(i.key_password_add) refers to stmflash.o(i.STMFLASH_Write) for STMFLASH_Write
    main.o(i.key_password_add) refers to tasks.o(i.vTaskDelay) for vTaskDelay
    main.o(i.key_password_add) refers to main.o(.constdata) for __FUNCTION__
    main.o(i.key_password_add) refers to main.o(.bss) for g_password
    main.o(i.key_process) refers to main.o(i.flash_reset) for flash_reset
    main.o(i.key_process) refers to mcu_api.o(i.mcu_reset_wifi) for mcu_reset_wifi
    main.o(i.key_process) refers to tasks.o(i.vTaskDelay) for vTaskDelay
    main.o(i.key_process) refers to mcu_api.o(i.mcu_set_wifi_mode) for mcu_set_wifi_mode
    main.o(i.key_process) refers to strrchr.o(.text) for strrchr
    main.o(i.key_process) refers to log.o(i.logd) for logd
    main.o(i.key_process) refers to mcu_api.o(i.mcu_get_wifi_work_state) for mcu_get_wifi_work_state
    main.o(i.key_process) refers to main.o(i.keypassword_open_process) for keypassword_open_process
    main.o(i.key_process) refers to main.o(i.user_add) for user_add
    main.o(i.key_process) refers to system.o(.data) for set_wifimode_flag
    main.o(i.key_process) refers to main.o(.constdata) for __FUNCTION__
    main.o(i.key_task) refers to _printf_percent.o(.ARM.Collect$$_printf_percent$$00000000) for _printf_percent
    main.o(i.key_task) refers to _printf_d.o(.ARM.Collect$$_printf_percent$$00000009) for _printf_d
    main.o(i.key_task) refers to _printf_dec.o(.text) for _printf_int_dec
    main.o(i.key_task) refers to strrchr.o(.text) for strrchr
    main.o(i.key_task) refers to log.o(i.logd) for logd
    main.o(i.key_task) refers to key.o(i.KEY_Read) for KEY_Read
    main.o(i.key_task) refers to rt_memclr_w.o(.text) for __aeabi_memclr4
    main.o(i.key_task) refers to __2snprintf.o(.text) for __2snprintf
    main.o(i.key_task) refers to oled.o(i.OLED_ShowString) for OLED_ShowString
    main.o(i.key_task) refers to main.o(i.key_process) for key_process
    main.o(i.key_task) refers to tasks.o(i.vTaskDelay) for vTaskDelay
    main.o(i.key_task) refers to main.o(.constdata) for __FUNCTION__
    main.o(i.key_task) refers to main.o(.data) for delay_time
    main.o(i.keypassword_open_process) refers to strrchr.o(.text) for strrchr
    main.o(i.keypassword_open_process) refers to log.o(i.logd) for logd
    main.o(i.keypassword_open_process) refers to key.o(i.KEY_Read) for KEY_Read
    main.o(i.keypassword_open_process) refers to strlen.o(.text) for strlen
    main.o(i.keypassword_open_process) refers to strcmpv7m.o(.text) for strcmp
    main.o(i.keypassword_open_process) refers to tasks.o(i.vTaskDelay) for vTaskDelay
    main.o(i.keypassword_open_process) refers to main.o(.constdata) for __FUNCTION__
    main.o(i.keypassword_open_process) refers to main.o(.bss) for g_password
    main.o(i.led0_task) refers to strrchr.o(.text) for strrchr
    main.o(i.led0_task) refers to log.o(i.logd) for logd
    main.o(i.led0_task) refers to iwdg.o(i.IWDG_Feed) for IWDG_Feed
    main.o(i.led0_task) refers to fpm383c.o(i.FPM383C_Loop) for FPM383C_Loop
    main.o(i.led0_task) refers to tasks.o(i.vTaskDelay) for vTaskDelay
[...]
    __I$use$semihosting                      0x080007db   Thumb Code     0  use_no_semi.o(.text)
    __use_no_semihosting_swi                 0x080007db   Thumb Code     2  use_no_semi.o(.text)
    _printf_pre_padding                      0x080007dd   Thumb Code    44  _printf_pad.o(.text)
    _printf_post_padding                     0x08000809   Thumb Code    34  _printf_pad.o(.text)
    _printf_truncate_signed                  0x0800082b   Thumb Code    18  _printf_truncate.o(.text)
    _printf_truncate_unsigned                0x0800083d   Thumb Code    18  _printf_truncate.o(.text)
    _printf_int_common                       0x0800084f   Thumb Code   178  _printf_intcommon.o(.text)
    _printf_charcount                        0x08000901   Thumb Code    40  _printf_charcount.o(.text)
    _printf_char_common                      0x08000933   Thumb Code    32  _printf_char_common.o(.text)
    _sputc                                   0x08000959   Thumb Code    10  _sputc.o(.text)
    _snputc                                  0x08000963   Thumb Code    16  _snputc.o(.text)
    _printf_cs_common                        0x08000973   Thumb Code    20  _printf_char.o(.text)
    _printf_char                             0x08000987   Thumb Code    16  _printf_char.o(.text)
    _printf_string                           0x08000997   Thumb Code     8  _printf_char.o(.text)
    _printf_char_file                        0x080009a1   Thumb Code    32  _printf_char_file.o(.text)
    _printf_wctomb                           0x080009c5   Thumb Code   182  _printf_wctomb.o(.text)
    _printf_longlong_dec                     0x08000a81   Thumb Code   108  _printf_longlong_dec.o(.text)
    _printf_longlong_oct                     0x08000afd   Thumb Code    66  _printf_oct_int_ll.o(.text)
    _printf_int_oct                          0x08000b3f   Thumb Code    24  _printf_oct_int_ll.o(.text)
    _printf_ll_oct                           0x08000b57   Thumb Code    12  _printf_oct_int_ll.o(.text)
    _printf_longlong_hex                     0x08000b6d   Thumb Code    86  _printf_hex_int_ll_ptr.o(.text)
    _printf_int_hex                          0x08000bc3   Thumb Code    28  _printf_hex_int_ll_ptr.o(.text)
    _printf_ll_hex                           0x08000bdf   Thumb Code    12  _printf_hex_int_ll_ptr.o(.text)
    _printf_hex_ptr                          0x08000beb   Thumb Code    18  _printf_hex_int_ll_ptr.o(.text)
    __aeabi_memcpy4                          0x08000c01   Thumb Code     0  rt_memcpy_w.o(.text)
    __aeabi_memcpy8                          0x08000c01   Thumb Code     0  rt_memcpy_w.o(.text)
    __rt_memcpy_w                            0x08000c01   Thumb Code   100  rt_memcpy_w.o(.text)
    _memcpy_lastbytes_aligned                0x08000c49   Thumb Code     0  rt_memcpy_w.o(.text)
    __aeabi_memclr                           0x08000c65   Thumb Code     0  rt_memclr.o(.text)
    __rt_memclr                              0x08000c65   Thumb Code    68  rt_memclr.o(.text)
    _memset                                  0x08000c69   Thumb Code     0  rt_memclr.o(.text)
    _ll_udiv10                               0x08000ca9   Thumb Code   138  lludiv10.o(.text)
    __lib_sel_fp_printf                      0x08000d33   Thumb Code     2  _printf_fp_dec.o(.text)
    _printf_fp_dec_real                      0x08000ee5   Thumb Code   620  _printf_fp_dec.o(.text)
    _printf_lcs_common                       0x08001151   Thumb Code    20  _printf_wchar.o(.text)
    _printf_wchar                            0x08001165   Thumb Code    16  _printf_wchar.o(.text)
    _printf_wstring                          0x08001175   Thumb Code     8  _printf_wchar.o(.text)
    ferror                                   0x0800117d   Thumb Code     8  ferror.o(.text)
    _wcrtomb                                 0x08001185   Thumb Code    64  _wcrtomb.o(.text)
    __user_setup_stackheap                   0x080011c5   Thumb Code    74  sys_stackheap_outer.o(.text)
    __rt_ctype_table                         0x08001211   Thumb Code    16  rt_ctype_table.o(.text)
    __rt_locale                              0x08001221   Thumb Code     8  rt_locale_intlibspace.o(.text)
    _printf_fp_infnan                        0x08001229   Thumb Code   112  _printf_fp_infnan.o(.text)
    _btod_etento                             0x080012a9   Thumb Code   224  bigflt0.o(.text)
    exit                                     0x0800138d   Thumb Code    18  exit.o(.text)
    __user_libspace                          0x080013a1   Thumb Code     8  libspace.o(.text)
    __user_perproc_libspace                  0x080013a1   Thumb Code     0  libspace.o(.text)
    __user_perthread_libspace                0x080013a1   Thumb Code     0  libspace.o(.text)
    _btod_d2e                                0x080013a9   Thumb Code    62  btod.o(CL$$btod_d2e)
    _d2e_denorm_low                          0x080013e7   Thumb Code    70  btod.o(CL$$btod_d2e_denorm_low)
    _d2e_norm_op1                            0x0800142d   Thumb Code    96  btod.o(CL$$btod_d2e_norm_op1)
    __btod_div_common                        0x0800148d   Thumb Code   696  btod.o(CL$$btod_div_common)
    _e2e                                     0x080017c5   Thumb Code   220  btod.o(CL$$btod_e2e)
    _btod_ediv                               0x080018a1   Thumb Code    42  btod.o(CL$$btod_ediv)
    _btod_emul                               0x080018cb   Thumb Code    42  btod.o(CL$$btod_emul)
    __btod_mult_common                       0x080018f5   Thumb Code   580  btod.o(CL$$btod_mult_common)
    BKP_DeInit                               0x08001b39   Thumb Code    16  stm32f10x_bkp.o(i.BKP_DeInit)
    BKP_ReadBackupRegister                   0x08001b49   Thumb Code    24  stm32f10x_bkp.o(i.BKP_ReadBackupRegister)
    BKP_WriteBackupRegister                  0x08001b65   Thumb Code    22  stm32f10x_bkp.o(i.BKP_WriteBackupRegister)
    BusFault_Handler                         0x08001b81   Thumb Code     4  stm32f10x_it.o(i.BusFault_Handler)
    ClearBitMask                             0x08001b85   Thumb Code    26  rc522.o(i.ClearBitMask)
    DebugMon_Handler                         0x08001b9f   Thumb Code     2  stm32f10x_it.o(i.DebugMon_Handler)
    EXTI0_IRQHandler                         0x08001ba1   Thumb Code    30  fpm383c.o(i.EXTI0_IRQHandler)
    EXTI_ClearITPendingBit                   0x08001bc5   Thumb Code     6  stm32f10x_exti.o(i.EXTI_ClearITPendingBit)
    EXTI_GetITStatus                         0x08001bd1   Thumb Code    34  stm32f10x_exti.o(i.EXTI_GetITStatus)
    EXTI_Init                                0x08001bf9   Thumb Code   142  stm32f10x_exti.o(i.EXTI_Init)
    FLASH_ErasePage                          0x08001c8d   Thumb Code    72  stm32f10x_flash.o(i.FLASH_ErasePage)
    FLASH_GetBank1Status                     0x08001cd9   Thumb Code    48  stm32f10x_flash.o(i.FLASH_GetBank1Status)
    FLASH_Lock                               0x08001d0d   Thumb Code    14  stm32f10x_flash.o(i.FLASH_Lock)
    FLASH_ProgramHalfWord                    0x08001d21   Thumb Code    60  stm32f10x_flash.o(i.FLASH_ProgramHalfWord)
    FLASH_Unlock                             0x08001d61   Thumb Code    12  stm32f10x_flash.o(i.FLASH_Unlock)
    FLASH_WaitForLastOperation               0x08001d79   Thumb Code    38  stm32f10x_flash.o(i.FLASH_WaitForLastOperation)
    FPM383C_Add                              0x08001da1   Thumb Code    80  fpm383c.o(i.FPM383C_Add)
    FPM383C_ControlLED                       0x08001e41   Thumb Code    68  fpm383c.o(i.FPM383C_ControlLED)
    FPM383C_Enroll                           0x08001e8d   Thumb Code   202  fpm383c.o(i.FPM383C_Enroll)
    FPM383C_GPIO_Interrupt_Config            0x08001fb9   Thumb Code   104  fpm383c.o(i.FPM383C_GPIO_Interrupt_Config)
    FPM383C_GenChar1                         0x08002025   Thumb Code    66  fpm383c.o(i.FPM383C_GenChar1)
    FPM383C_GetImage                         0x08002075   Thumb Code    66  fpm383c.o(i.FPM383C_GetImage)
    FPM383C_Identify                         0x080020c5   Thumb Code   164  fpm383c.o(i.FPM383C_Identify)
    FPM383C_Init                             0x080021c1   Thumb Code    58  fpm383c.o(i.FPM383C_Init)
    FPM383C_Loop                             0x08002241   Thumb Code    96  fpm383c.o(i.FPM383C_Loop)
    FPM383C_SearchMB                         0x080022e9   Thumb Code    52  fpm383c.o(i.FPM383C_SearchMB)
    FPM383C_SendData                         0x08002329   Thumb Code    48  fpm383c.o(i.FPM383C_SendData)
    FPM383C_Sleep                            0x08002361   Thumb Code    12  fpm383c.o(i.FPM383C_Sleep)
    GPIO_EXTILineConfig                      0x08002371   Thumb Code    60  stm32f10x_gpio.o(i.GPIO_EXTILineConfig)
    GPIO_Init                                0x080023b1   Thumb Code   278  stm32f10x_gpio.o(i.GPIO_Init)
    GPIO_PinRemapConfig                      0x080024c9   Thumb Code   138  stm32f10x_gpio.o(i.GPIO_PinRemapConfig)
    GPIO_ReadInputDataBit                    0x08002559   Thumb Code    18  stm32f10x_gpio.o(i.GPIO_ReadInputDataBit)
    GPIO_ResetBits                           0x0800256b   Thumb Code     4  stm32f10x_gpio.o(i.GPIO_ResetBits)
    GPIO_SetBits                             0x0800256f   Thumb Code     4  stm32f10x_gpio.o(i.GPIO_SetBits)
    GPIO_Write                               0x08002573   Thumb Code     4  stm32f10x_gpio.o(i.GPIO_Write)
    HardFault_Handler                        0x08002577   Thumb Code     4  stm32f10x_it.o(i.HardFault_Handler)
    IWDG_Enable                              0x0800257d   Thumb Code    10  stm32f10x_iwdg.o(i.IWDG_Enable)
    IWDG_Feed                                0x0800258d   Thumb Code     8  iwdg.o(i.IWDG_Feed)
    IWDG_Init                                0x08002595   Thumb Code    36  iwdg.o(i.IWDG_Init)
    IWDG_ReloadCounter                       0x080025b9   Thumb Code    10  stm32f10x_iwdg.o(i.IWDG_ReloadCounter)
    IWDG_SetPrescaler                        0x080025c9   Thumb Code     6  stm32f10x_iwdg.o(i.IWDG_SetPrescaler)
    IWDG_SetReload                           0x080025d5   Thumb Code     6  stm32f10x_iwdg.o(i.IWDG_SetReload)
    IWDG_WriteAccessCmd                      0x080025e1   Thumb Code     6  stm32f10x_iwdg.o(i.IWDG_WriteAccessCmd)
    Is_Leap_Year                             0x080025ed   Thumb Code    58  rtc.o(i.Is_Leap_Year)
    KEY_Read                                 0x08002629   Thumb Code   778  key.o(i.KEY_Read)
    KEY_UserConfig                           0x08002941   Thumb Code    78  key.o(i.KEY_UserConfig)
    LED_Init                                 0x08002999   Thumb Code    92  led.o(i.LED_Init)
    M500PcdConfigISOType                     0x080029fd   Thumb Code    84  rc522.o(i.M500PcdConfigISOType)
    MemManage_Handler                        0x08002a51   Thumb Code     4  stm32f10x_it.o(i.MemManage_Handler)
    NMI_Handler                              0x08002a55   Thumb Code     2  stm32f10x_it.o(i.NMI_Handler)
    NVIC_Config                              0x08002a57   Thumb Code    68  fpm383c.o(i.NVIC_Config)
    NVIC_Init                                0x08002a9d   Thumb Code   100  misc.o(i.NVIC_Init)
    NVIC_PriorityGroupConfig                 0x08002b0d   Thumb Code    10  misc.o(i.NVIC_PriorityGroupConfig)
    OLED_Clear                               0x08002b21   Thumb Code    62  oled.o(i.OLED_Clear)
    OLED_IIC_Start                           0x08002b61   Thumb Code    44  oled.o(i.OLED_IIC_Start)
    OLED_IIC_Stop                            0x08002b91   Thumb Code    34  oled.o(i.OLED_IIC_Stop)
    OLED_IIC_Wait_Ack                        0x08002bb9   Thumb Code    24  oled.o(i.OLED_IIC_Wait_Ack)
    OLED_Init                                0x08002bd5   Thumb Code   282  oled.o(i.OLED_Init)
    OLED_Set_Pos                             0x08002cf9   Thumb Code    40  oled.o(i.OLED_Set_Pos)
    OLED_ShowChar                            0x08002d21   Thumb Code   154  oled.o(i.OLED_ShowChar)
    OLED_ShowString                          0x08002dc5   Thumb Code    54  oled.o(i.OLED_ShowString)
    OLED_WR_Byte                             0x08002dfb   Thumb Code    24  oled.o(i.OLED_WR_Byte)
    OLED_Write_IIC_Byte                      0x08002e15   Thumb Code    88  oled.o(i.OLED_Write_IIC_Byte)
    OLED_Write_IIC_Command                   0x08002e71   Thumb Code    44  oled.o(i.OLED_Write_IIC_Command)
    OLED_Write_IIC_Data                      0x08002e9d   Thumb Code    44  oled.o(i.OLED_Write_IIC_Data)
    PWR_BackupAccessCmd                      0x08002ec9   Thumb Code     6  stm32f10x_pwr.o(i.PWR_BackupAccessCmd)
    PcdAntennaOn                             0x08002ed5   Thumb Code    26  rc522.o(i.PcdAntennaOn)
    PcdAnticoll                              0x08002eef   Thumb Code   114  rc522.o(i.PcdAnticoll)
    PcdComMF522                              0x08002f61   Thumb Code   306  rc522.o(i.PcdComMF522)
    PcdRequest                               0x08003093   Thumb Code    86  rc522.o(i.PcdRequest)
    PcdReset                                 0x080030e9   Thumb Code   124  rc522.o(i.PcdReset)
    RC522_Handel                             0x08003169   Thumb Code   136  rc522.o(i.RC522_Handel)
    RC522_Init                               0x08003241   Thumb Code    24  rc522.o(i.RC522_Init)
    RCC_APB1PeriphClockCmd                   0x08003309   Thumb Code    26  stm32f10x_rcc.o(i.RCC_APB1PeriphClockCmd)
    RCC_APB2PeriphClockCmd                   0x08003329   Thumb Code    26  stm32f10x_rcc.o(i.RCC_APB2PeriphClockCmd)
    RCC_BackupResetCmd                       0x08003349   Thumb Code     6  stm32f10x_rcc.o(i.RCC_BackupResetCmd)
    RCC_GetClocksFreq                        0x08003355   Thumb Code   192  stm32f10x_rcc.o(i.RCC_GetClocksFreq)
    RCC_GetFlagStatus                        0x08003429   Thumb Code    56  stm32f10x_rcc.o(i.RCC_GetFlagStatus)
    RCC_LSEConfig                            0x08003465   Thumb Code    46  stm32f10x_rcc.o(i.RCC_LSEConfig)
    RCC_RTCCLKCmd                            0x08003499   Thumb Code     6  stm32f10x_rcc.o(i.RCC_RTCCLKCmd)
    RCC_RTCCLKConfig                         0x080034a5   Thumb Code    12  stm32f10x_rcc.o(i.RCC_RTCCLKConfig)
    RTC_ClearITPendingBit                    0x080034b5   Thumb Code    12  stm32f10x_rtc.o(i.RTC_ClearITPendingBit)
    RTC_EnterConfigMode                      0x080034c5   Thumb Code    14  stm32f10x_rtc.o(i.RTC_EnterConfigMode)
    RTC_ExitConfigMode                       0x080034d9   Thumb Code    16  stm32f10x_rtc.o(i.RTC_ExitConfigMode)
    RTC_Get                                  0x080034ed   Thumb Code   240  rtc.o(i.RTC_Get)
    RTC_GetCounter                           0x080035ed   Thumb Code    16  stm32f10x_rtc.o(i.RTC_GetCounter)
    RTC_GetITStatus                          0x08003601   Thumb Code    32  stm32f10x_rtc.o(i.RTC_GetITStatus)
    RTC_Get_Week                             0x08003625   Thumb Code   116  rtc.o(i.RTC_Get_Week)
    RTC_IRQHandler                           0x0800369d   Thumb Code    40  rtc.o(i.RTC_IRQHandler)
    RTC_ITConfig                             0x080036c5   Thumb Code    26  stm32f10x_rtc.o(i.RTC_ITConfig)
    RTC_Init                                 0x080036e5   Thumb Code   190  rtc.o(i.RTC_Init)
    RTC_Set                                  0x080037c5   Thumb Code   188  rtc.o(i.RTC_Set)
    RTC_SetCounter                           0x08003891   Thumb Code    24  stm32f10x_rtc.o(i.RTC_SetCounter)
    RTC_SetPrescaler                         0x080038ad   Thumb Code    26  stm32f10x_rtc.o(i.RTC_SetPrescaler)
    RTC_WaitForLastTask                      0x080038cd   Thumb Code    16  stm32f10x_rtc.o(i.RTC_WaitForLastTask)
    RTC_WaitForSynchro                       0x080038e1   Thumb Code    30  stm32f10x_rtc.o(i.RTC_WaitForSynchro)
    ReadRawRC                                0x08003905   Thumb Code    46  rc522.o(i.ReadRawRC)
    SPI_RC522_ReadByte                       0x08003939   Thumb Code    72  rc522.o(i.SPI_RC522_ReadByte)
    SPI_RC522_SendByte                       0x08003985   Thumb Code    80  rc522.o(i.SPI_RC522_SendByte)
    STMFLASH_Read                            0x080039d9   Thumb Code    34  stmflash.o(i.STMFLASH_Read)
    STMFLASH_ReadHalfWord                    0x080039fb   Thumb Code     6  stmflash.o(i.STMFLASH_ReadHalfWord)
    STMFLASH_Write                           0x08003a01   Thumb Code   222  stmflash.o(i.STMFLASH_Write)
    STMFLASH_Write_NoCheck                   0x08003ae9   Thumb Code    38  stmflash.o(i.STMFLASH_Write_NoCheck)
    SetBitMask                               0x08003b0f   Thumb Code    26  rc522.o(i.SetBitMask)
    SysTick_CLKSourceConfig                  0x08003c11   Thumb Code    40  misc.o(i.SysTick_CLKSourceConfig)
    SysTick_Handler                          0x08003c39   Thumb Code    16  delay.o(i.SysTick_Handler)
    SystemInit                               0x08003c49   Thumb Code    78  system_stm32f10x.o(i.SystemInit)
    UART3_SendByte                           0x08003ca9   Thumb Code    22  usart3.o(i.UART3_SendByte)
    USART1_IRQHandler                        0x08003cc5   Thumb Code   122  usart.o(i.USART1_IRQHandler)
    USART2_IRQHandler                        0x08003d4d   Thumb Code    82  fpm383c.o(i.USART2_IRQHandler)
    USART3_IRQHandler                        0x08003dad   Thumb Code    30  usart3.o(i.USART3_IRQHandler)
    USART_2_Config                           0x08003dd1   Thumb Code   130  fpm383c.o(i.USART_2_Config)
    USART_ClearITPendingBit                  0x08003e5d   Thumb Code    30  stm32f10x_usart.o(i.USART_ClearITPendingBit)
    USART_Cmd                                0x08003e7b   Thumb Code    24  stm32f10x_usart.o(i.USART_Cmd)
    USART_GetFlagStatus                      0x08003e93   Thumb Code    26  stm32f10x_usart.o(i.USART_GetFlagStatus)
    USART_GetITStatus                        0x08003ead   Thumb Code    84  stm32f10x_usart.o(i.USART_GetITStatus)
    USART_ITConfig                           0x08003f01   Thumb Code    74  stm32f10x_usart.o(i.USART_ITConfig)
    USART_Init                               0x08003f4d   Thumb Code   210  stm32f10x_usart.o(i.USART_Init)
    USART_ReceiveData                        0x08004025   Thumb Code    10  stm32f10x_usart.o(i.USART_ReceiveData)
    USART_SendData                           0x0800402f   Thumb Code     8  stm32f10x_usart.o(i.USART_SendData)
    UsageFault_Handler                       0x08004037   Thumb Code     4  stm32f10x_it.o(i.UsageFault_Handler)
    WriteRawRC                               0x0800403d   Thumb Code    42  rc522.o(i.WriteRawRC)
    __ARM_fpclassify                         0x0800406d   Thumb Code    40  fpclassify.o(i.__ARM_fpclassify)
    _is_digit                                0x08004095   Thumb Code    14  __printf_wp.o(i._is_digit)
    _sys_exit                                0x080040a3   Thumb Code     4  usart.o(i._sys_exit)
    all_data_update                          0x080040d1   Thumb Code     2  protocol.o(i.all_data_update)
    data_handle                              0x080040d5   Thumb Code   510  system.o(i.data_handle)
    delay_init                               0x08004341   Thumb Code    74  delay.o(i.delay_init)
    delay_ms                                 0x0800439d   Thumb Code    60  delay.o(i.delay_ms)
    delay_us                                 0x080043dd   Thumb Code    68  delay.o(i.delay_us)
    dp_download_handle                       0x08004425   Thumb Code    70  protocol.o(i.dp_download_handle)
    fputc                                    0x080047c1   Thumb Code    24  usart.o(i.fputc)
    get_check_sum                            0x080047dd   Thumb Code    28  system.o(i.get_check_sum)
    get_download_cmd_total                   0x08004825   Thumb Code     4  protocol.o(i.get_download_cmd_total)
    hang1                                    0x08004839   Thumb Code    28  key.o(i.hang1)
    hang2                                    0x0800485d   Thumb Code    30  key.o(i.hang2)
    hang3                                    0x08004885   Thumb Code    30  key.o(i.hang3)
    hang4                                    0x080048ad   Thumb Code    28  key.o(i.hang4)
    key_task                                 0x08004c81   Thumb Code   166  main.o(i.key_task)
    led0_task                                0x08004f75   Thumb Code   104  main.o(i.led0_task)
    logd                                     0x0800500d   Thumb Code    92  log.o(i.logd)
    main                                     0x08005095   Thumb Code   256  main.o(i.main)
    mcu_dp_bool_update                       0x080051f1   Thumb Code    94  mcu_api.o(i.mcu_dp_bool_update)
    mcu_dp_raw_update                        0x08005255   Thumb Code   110  mcu_api.o(i.mcu_dp_raw_update)
    mcu_firm_update_handle                   0x080052c9   Thumb Code     6  protocol.o(i.mcu_firm_update_handle)
    mcu_get_dp_download_bool                 0x080052cf   Thumb Code     6  mcu_api.o(i.mcu_get_dp_download_bool)
    mcu_get_wifi_work_state                  0x080052d5   Thumb Code     6  mcu_api.o(i.mcu_get_wifi_work_state)
    mcu_reset_wifi                           0x080052e1   Thumb Code    18  mcu_api.o(i.mcu_reset_wifi)
    mcu_set_wifi_mode                        0x080052f9   Thumb Code    32  mcu_api.o(i.mcu_set_wifi_mode)
    my_memcpy                                0x0800531d   Thumb Code    68  mcu_api.o(i.my_memcpy)
    my_strlen                                0x08005361   Thumb Code    28  mcu_api.o(i.my_strlen)
    pvPortMalloc                             0x08005f51   Thumb Code   262  heap_4.o(i.pvPortMalloc)
    pvTaskIncrementMutexHeldCount            0x080060a5   Thumb Code    26  tasks.o(i.pvTaskIncrementMutexHeldCount)
    pxPortInitialiseStack                    0x080060c5   Thumb Code    30  port.o(i.pxPortInitialiseStack)
    set_wifi_uart_buffer                     0x080060e9   Thumb Code    34  system.o(i.set_wifi_uart_buffer)
    set_wifi_uart_byte                       0x08006111   Thumb Code    12  system.o(i.set_wifi_uart_byte)
    start_task                               0x08006121   Thumb Code    84  main.o(i.start_task)
    switch_keyvalue                          0x080061b5   Thumb Code   100  key.o(i.switch_keyvalue)
    take_byte_rxbuff                         0x08006219   Thumb Code    46  system.o(i.take_byte_rxbuff)
    tuya_task                                0x08006255   Thumb Code    50  main.o(i.tuya_task)
    uart_init                                0x080062a9   Thumb Code   152  usart.o(i.uart_init)
    uart_receive_input                       0x08006349   Thumb Code    74  mcu_api.o(i.uart_receive_input)
    uart_transmit_output                     0x080063a1   Thumb Code    20  protocol.o(i.uart_transmit_output)
    usart3_init                              0x080063bd   Thumb Code   158  usart3.o(i.usart3_init)
    uxListRemove                             0x08006529   Thumb Code    40  list.o(i.uxListRemove)
    vListInitialise                          0x08006551   Thumb Code    26  list.o(i.vListInitialise)
    vListInitialiseItem                      0x0800656b   Thumb Code     6  list.o(i.vListInitialiseItem)
    vListInsert                              0x08006571   Thumb Code    52  list.o(i.vListInsert)
    vListInsertEnd                           0x080065a5   Thumb Code    24  list.o(i.vListInsertEnd)
    vPortEnterCritical                       0x080065bd   Thumb Code    68  port.o(i.vPortEnterCritical)
    vPortExitCritical                        0x08006645   Thumb Code    48  port.o(i.vPortExitCritical)
    vPortFree                                0x080066b5   Thumb Code   120  heap_4.o(i.vPortFree)
    vPortSetupTimerInterrupt                 0x0800676d   Thumb Code    26  port.o(i.vPortSetupTimerInterrupt)
    vPortValidateInterruptPriority           0x0800678d   Thumb Code    86  port.o(i.vPortValidateInterruptPriority)
    vQueueAddToRegistry                      0x0800682d   Thumb Code    38  queue.o(i.vQueueAddToRegistry)
    vQueueWaitForMessageRestricted           0x08006859   Thumb Code    74  queue.o(i.vQueueWaitForMessageRestricted)
    vTaskDelay                               0x080068a5   Thumb Code    72  tasks.o(i.vTaskDelay)
    vTaskDelete                              0x08006919   Thumb Code   192  tasks.o(i.vTaskDelete)
    vTaskMissedYield                         0x08006a25   Thumb Code     8  tasks.o(i.vTaskMissedYield)
    vTaskPlaceOnEventList                    0x08006a31   Thumb Code    42  tasks.o(i.vTaskPlaceOnEventList)
    vTaskPlaceOnEventListRestricted          0x08006a85   Thumb Code    50  tasks.o(i.vTaskPlaceOnEventListRestricted)
    vTaskPriorityInherit                     0x08006ae1   Thumb Code   164  tasks.o(i.vTaskPriorityInherit)
    vTaskSetTimeOutState                     0x08006b91   Thumb Code    32  tasks.o(i.vTaskSetTimeOutState)
    vTaskStartScheduler                      0x08006bdd   Thumb Code   108  tasks.o(i.vTaskStartScheduler)
    vTaskSuspendAll                          0x08006c89   Thumb Code    12  tasks.o(i.vTaskSuspendAll)
    vTaskSwitchContext                       0x08006c99   Thumb Code   110  tasks.o(i.vTaskSwitchContext)
    wifi_protocol_init                       0x08006d41   Thumb Code    24  mcu_api.o(i.wifi_protocol_init)
    wifi_test_result                         0x08006d6d   Thumb Code     8  protocol.o(i.wifi_test_result)
    wifi_uart_service                        0x08006d75   Thumb Code   242  mcu_api.o(i.wifi_uart_service)
    wifi_uart_write_frame                    0x08006e95   Thumb Code    64  system.o(i.wifi_uart_write_frame)
    with_data_rxbuff                         0x08006ed9   Thumb Code    20  system.o(i.with_data_rxbuff)
    xPortStartScheduler                      0x08006ef5   Thumb Code   140  port.o(i.xPortStartScheduler)
    xPortSysTickHandler                      0x08006f95   Thumb Code    46  port.o(i.xPortSysTickHandler)
    xQueueGenericCreate                      0x08006fc9   Thumb Code    78  queue.o(i.xQueueGenericCreate)
    xQueueGenericReceive                     0x0800703d   Thumb Code   416  queue.o(i.xQueueGenericReceive)
    xQueueGenericReset                       0x08007205   Thumb Code   136  queue.o(i.xQueueGenericReset)
    xQueueGenericSend                        0x080072b5   Thumb Code   412  queue.o(i.xQueueGenericSend)
    xQueueGenericSendFromISR                 0x08007479   Thumb Code   234  queue.o(i.xQueueGenericSendFromISR)
    xTaskCheckForTimeOut                     0x08007589   Thumb Code   116  tasks.o(i.xTaskCheckForTimeOut)
    xTaskCreate                              0x08007629   Thumb Code    96  tasks.o(i.xTaskCreate)
    xTaskGetSchedulerState                   0x08007689   Thumb Code    24  tasks.o(i.xTaskGetSchedulerState)
    xTaskGetTickCount                        0x080076a9   Thumb Code     6  tasks.o(i.xTaskGetTickCount)
    xTaskIncrementTick                       0x080076b5   Thumb Code   272  tasks.o(i.xTaskIncrementTick)
    xTaskPriorityDisinherit                  0x08007815   Thumb Code   168  tasks.o(i.xTaskPriorityDisinherit)
    xTaskRemoveFromEventList                 0x080078ed   Thumb Code   118  tasks.o(i.xTaskRemoveFromEventList)
    xTaskResumeAll                           0x080079a1   Thumb Code   214  tasks.o(i.xTaskResumeAll)
    xTimerCreateTimerTask                    0x08007ac1   Thumb Code    56  timers.o(i.xTimerCreateTimerTask)
    xTimerGenericCommand                     0x08007b35   Thumb Code   118  timers.o(i.xTimerGenericCommand)
    _get_lc_numeric                          0x08007bd9   Thumb Code    44  lc_numeric_c.o(locale$$code)
    _get_lc_ctype                            0x08007c05   Thumb Code    44  lc_ctype_c.o(locale$$code)
    _printf_fp_dec                           0x08007c31   Thumb Code     4  printf1.o(x$fpl$printf1)
    __I$use$fp                               0x08007c34   Number         0  usenofp.o(x$fpl$usenofp)
    F6x8                                     0x08007cac   Data         552  oled.o(.constdata)
    F8X16                                    0x08007ed4   Data        1536  oled.o(.constdata)
    table_week                               0x0800851a   Data          12  rtc.o(.constdata)
    mon_table                                0x08008526   Data          12  rtc.o(.constdata)
    download_cmd                             0x0800853f   Data          18  protocol.o(.constdata)
    Region$$Table$$Base                      0x08008670   Number         0  anon$$obj.o(Region$$Table)
    Region$$Table$$Limit                     0x08008690   Number         0  anon$$obj.o(Region$$Table)
    __ctype                                  0x080086b9   Data           0  lc_ctype_c.o(locale$$data)
    StartTask_Handler                        0x20000000   Data           4  main.o(.data)
    LED0Task_Handler                         0x20000004   Data           4  main.o(.data)
    KEYTask_Handler                          0x20000008   Data           4  main.o(.data)
    TUYATask_Handler                         0x2000000c   Data           4  main.o(.data)
    delay_time                               0x20000010   Data           4  main.o(.data)
    SystemCoreClock                          0x20000014   Data           4  system_stm32f10x.o(.data)
    AHBPrescTable                            0x20000018   Data          16  system_stm32f10x.o(.data)
    USART2_STA                               0x20000028   Data           1  fpm383c.o(.data)
    PageID                                   0x2000002a   Data           2  fpm383c.o(.data)
    MatchScore                               0x2000002c   Data           2  fpm383c.o(.data)
    ScanStatus                               0x2000002e   Data           1  fpm383c.o(.data)
    StringEnroll                             0x2000002f   Data           7  fpm383c.o(.data)
    StringEmpty                              0x20000036   Data           7  fpm383c.o(.data)
    StringDelete                             0x2000003d   Data           7  fpm383c.o(.data)
    PS_BlueLEDBuffer                         0x20000044   Data          16  fpm383c.o(.data)
    PS_RedLEDBuffer                          0x20000054   Data          16  fpm383c.o(.data)
    PS_GreenLEDBuffer                        0x20000064   Data          16  fpm383c.o(.data)
    PS_SleepBuffer                           0x20000074   Data          12  fpm383c.o(.data)
    PS_EmptyBuffer                           0x20000080   Data          12  fpm383c.o(.data)
    PS_CancelBuffer                          0x2000008c   Data          12  fpm383c.o(.data)
    PS_AutoEnrollBuffer                      0x20000098   Data          17  fpm383c.o(.data)
    PS_GetImageBuffer                        0x200000a9   Data          12  fpm383c.o(.data)
    PS_GetChar1Buffer                        0x200000b5   Data          13  fpm383c.o(.data)
    PS_GetChar2Buffer                        0x200000c2   Data          13  fpm383c.o(.data)
    PS_SearchMBBuffer                        0x200000cf   Data          17  fpm383c.o(.data)
    PS_DeleteBuffer                          0x200000e0   Data          16  fpm383c.o(.data)
    CT                                       0x200000f2   Data           2  rc522.o(.data)
    SN                                       0x200000f4   Data           4  rc522.o(.data)
    lxl_bit                                  0x200000f8   Data           1  rc522.o(.data)
    card1_bit                                0x200000f9   Data           1  rc522.o(.data)
    card2_bit                                0x200000fa   Data           1  rc522.o(.data)
    card3_bit                                0x200000fb   Data           1  rc522.o(.data)
    card4_bit                                0x200000fc   Data           1  rc522.o(.data)
    total                                    0x200000fd   Data           1  rc522.o(.data)
    lxl                                      0x200000fe   Data           4  rc522.o(.data)
    card_1                                   0x20000102   Data           4  rc522.o(.data)
    card_2                                   0x20000106   Data           4  rc522.o(.data)
    card_3                                   0x2000010a   Data           4  rc522.o(.data)
    card_4                                   0x2000010e   Data           4  rc522.o(.data)
    KEY                                      0x20000112   Data           6  rc522.o(.data)
    AUDIO_OPEN                               0x20000118   Data           6  rc522.o(.data)
    RFID1                                    0x2000011e   Data          16  rc522.o(.data)
    status                                   0x2000012e   Data           1  rc522.o(.data)
    s                                        0x2000012f   Data           1  rc522.o(.data)
    __stdout                                 0x20000134   Data           4  usart.o(.data)
    USART_RX_STA                             0x20000138   Data           2  usart.o(.data)
    pxCurrentTCB                             0x20000150   Data           4  tasks.o(.data)
    rx_buf_in                                0x200001c8   Data           4  system.o(.data)
    rx_buf_out                               0x200001cc   Data           4  system.o(.data)
    stop_update_flag                         0x200001d0   Data           1  system.o(.data)
    reset_wifi_flag                          0x200001d1   Data           1  system.o(.data)
    set_wifimode_flag                        0x200001d2   Data           1  system.o(.data)
    wifi_work_state                          0x200001d3   Data           1  system.o(.data)
    g_password                               0x200001e0   Data          55  main.o(.bss)
    USART2_ReceiveBuffer                     0x20000217   Data          20  fpm383c.o(.bss)
    calendar                                 0x2000022c   Data          10  rtc.o(.bss)
    STMFLASH_BUF                             0x20000236   Data        2048  stmflash.o(.bss)
    USART_RX_BUF                             0x20000a36   Data         200  usart.o(.bss)
    USART_TX_BUF                             0x20000afe   Data         200  usart.o(.bss)
    xQueueRegistry                           0x20000bc8   Data          64  queue.o(.bss)
    wifi_data_process_buf                    0x20003714   Data         307  system.o(.bss)
    wifi_uart_rx_buf                         0x20003847   Data         135  system.o(.bss)
    wifi_uart_tx_buf                         0x200038ce   Data          55  system.o(.bss)
    __libspace_start                         0x20003908   Data          96  libspace.o(.bss)
    __temporary_stack_top$libspace           0x20003968   Data           0  libspace.o(.bss)



==============================================================================

Memory Map of the image

  Image Entry point : 0x0800030d

  Load Region LR_1 (Base: 0x08000000, Size: 0x0000899c, Max: 0xffffffff, ABSOLUTE, COMPRESSED[0x00008878])

    Execution Region ER_RO (Exec base: 0x08000000, Load base: 0x08000000, Size: 0x000087bc, Max: 0xffffffff, ABSOLUTE)

    Exec Addr    Load Addr    Size         Type   Attr      Idx    E Section Name        Object

    0x08000000   0x08000000   0x000000ec   Data   RO         1172    RESET               startup_stm32f10x_md.o
    0x080000ec   0x080000ec   0x00000008   Code   RO         3639  * !!!main             c_w.l(__main.o)
    0x080000f4   0x080000f4   0x00000034   Code   RO         3962    !!!scatter          c_w.l(__scatter.o)
    0x08000128   0x08000128   0x0000005a   Code   RO         3960    !!dczerorl2         c_w.l(__dczerorl2.o)
    0x08000182   0x08000182   0x00000002   PAD
    0x08000184   0x08000184   0x0000001c   Code   RO         3964    !!handler_zi        c_w.l(__scatter_zi.o)
    0x080001a0   0x080001a0   0x00000000   Code   RO         3622    .ARM.Collect$$_printf_percent$$00000000  c_w.l(_printf_percent.o)
    0x080001a0   0x080001a0   0x00000006   Code   RO         3718    .ARM.Collect$$_printf_percent$$00000001  c_w.l(_printf_n.o)
    0x080001a6   0x080001a6   0x00000006   Code   RO         3720    .ARM.Collect$$_printf_percent$$00000002  c_w.l(_printf_p.o)
    0x080001ac   0x080001ac   0x00000006   Code   RO         3723    .ARM.Collect$$_printf_percent$$00000003  c_w.l(_printf_f.o)
    0x080001b2   0x080001b2   0x00000006   Code   RO         3724    .ARM.Collect$$_printf_percent$$00000004  c_w.l(_printf_e.o)
    0x080001b8   0x080001b8   0x00000006   Code   RO         3725    .ARM.Collect$$_printf_percent$$00000005  c_w.l(_printf_g.o)
    0x080001be   0x080001be   0x00000006   Code   RO         3726    .ARM.Collect$$_printf_percent$$00000006  c_w.l(_printf_a.o)
    0x080001c4   0x080001c4   0x0000000a   Code   RO         3731    .ARM.Collect$$_printf_percent$$00000007  c_w.l(_printf_ll.o)
    0x080001ce   0x080001ce   0x00000006   Code   RO         3722    .ARM.Collect$$_printf_percent$$00000008  c_w.l(_printf_i.o)
    0x080001d4   0x080001d4   0x00000006   Code   RO         3620    .ARM.Collect$$_printf_percent$$00000009  c_w.l(_printf_d.o)
    0x080001da   0x080001da   0x00000006   Code   RO         3621    .ARM.Collect$$_printf_percent$$0000000A  c_w.l(_printf_u.o)
    0x080001e0   0x080001e0   0x00000006   Code   RO         3721    .ARM.Collect$$_printf_percent$$0000000B  c_w.l(_printf_o.o)
    0x080001e6   0x080001e6   0x00000006   Code   RO         3719    .ARM.Collect$$_printf_percent$$0000000C  c_w.l(_printf_x.o)
    0x080001ec   0x080001ec   0x00000006   Code   RO         3728    .ARM.Collect$$_printf_percent$$0000000D  c_w.l(_printf_lli.o)
    0x080001f2   0x080001f2   0x00000006   Code   RO         3729    .ARM.Collect$$_printf_percent$$0000000E  c_w.l(_printf_lld.o)
    0x080001f8   0x080001f8   0x00000006   Code   RO         3730    .ARM.Collect$$_printf_percent$$0000000F  c_w.l(_printf_llu.o)
    0x080001fe   0x080001fe   0x00000006   Code   RO         3735    .ARM.Collect$$_printf_percent$$00000010  c_w.l(_printf_llo.o)
    0x08000204   0x08000204   0x00000006   Code   RO         3736    .ARM.Collect$$_printf_percent$$00000011  c_w.l(_printf_llx.o)
    0x0800020a   0x0800020a   0x0000000a   Code   RO         3732    .ARM.Collect$$_printf_percent$$00000012  c_w.l(_printf_l.o)
    0x08000214   0x08000214   0x00000006   Code   RO         3618    .ARM.Collect$$_printf_percent$$00000013  c_w.l(_printf_c.o)
    0x0800021a   0x0800021a   0x00000006   Code   RO         3619    .ARM.Collect$$_printf_percent$$00000014  c_w.l(_printf_s.o)
    0x08000220   0x08000220   0x00000006   Code   RO         3733    .ARM.Collect$$_printf_percent$$00000015  c_w.l(_printf_lc.o)
    0x08000226   0x08000226   0x00000006   Code   RO         3734    .ARM.Collect$$_printf_percent$$00000016  c_w.l(_printf_ls.o)
    0x0800022c   0x0800022c   0x00000004   Code   RO         3727    .ARM.Collect$$_printf_percent$$00000017  c_w.l(_printf_percent_end.o)
    0x08000230   0x08000230   0x00000002   Code   RO         3825    .ARM.Collect$$libinit$$00000000  c_w.l(libinit.o)
    0x08000232   0x08000232   0x00000000   Code   RO         3839    .ARM.Collect$$libinit$$00000002  c_w.l(libinit2.o)
    0x08000232   0x08000232   0x00000000   Code   RO         3841    .ARM.Collect$$libinit$$00000004  c_w.l(libinit2.o)
    0x08000232   0x08000232   0x00000000   Code   RO         3844    .ARM.Collect$$libinit$$0000000A  c_w.l(libinit2.o)
    0x08000232   0x08000232   0x00000000   Code   RO         3846    .ARM.Collect$$libinit$$0000000C  c_w.l(libinit2.o)
    0x08000232   0x08000232   0x00000000   Code   RO         3848    .ARM.Collect$$libinit$$0000000E  c_w.l(libinit2.o)
    0x08000232   0x08000232   0x00000006   Code   RO         3849    .ARM.Collect$$libinit$$0000000F  c_w.l(libinit2.o)
    0x08000238   0x08000238   0x00000000   Code   RO         3851    .ARM.Collect$$libinit$$00000011  c_w.l(libinit2.o)
    0x08000238   0x08000238   0x0000000c   Code   RO         3852    .ARM.Collect$$libinit$$00000012  c_w.l(libinit2.o)
    0x08000244   0x08000244   0x00000000   Code   RO         3853    .ARM.Collect$$libinit$$00000013  c_w.l(libinit2.o)
    0x08000244   0x08000244   0x00000000   Code   RO         3855    .ARM.Collect$$libinit$$00000015  c_w.l(libinit2.o)
    0x08000244   0x08000244   0x0000000a   Code   RO         3856    .ARM.Collect$$libinit$$00000016  c_w.l(libinit2.o)
    0x0800024e   0x0800024e   0x00000000   Code   RO         3857    .ARM.Collect$$libinit$$00000017  c_w.l(libinit2.o)
    0x0800024e   0x0800024e   0x00000000   Code   RO         3859    .ARM.Collect$$libinit$$00000019  c_w.l(libinit2.o)
    0x0800024e   0x0800024e   0x00000000   Code   RO         3861    .ARM.Collect$$libinit$$0000001B  c_w.l(libinit2.o)
    0x0800024e   0x0800024e   0x00000000   Code   RO         3863    .ARM.Collect$$libinit$$0000001D  c_w.l(libinit2.o)
    0x0800024e   0x0800024e   0x00000000   Code   RO         3865    .ARM.Collect$$libinit$$0000001F  c_w.l(libinit2.o)
    0x0800024e   0x0800024e   0x00000000   Code   RO         3867    .ARM.Collect$$libinit$$00000021  c_w.l(libinit2.o)
    0x0800024e   0x0800024e   0x00000000   Code   RO         3869    .ARM.Collect$$libinit$$00000023  c_w.l(libinit2.o)
    0x0800024e   0x0800024e   0x00000000   Code   RO         3871    .ARM.Collect$$libinit$$00000025  c_w.l(libinit2.o)
    0x0800024e   0x0800024e   0x00000000   Code   RO         3875    .ARM.Collect$$libinit$$0000002C  c_w.l(libinit2.o)
    0x0800024e   0x0800024e   0x00000000   Code   RO         3877    .ARM.Collect$$libinit$$0000002E  c_w.l(libinit2.o)
    0x0800024e   0x0800024e   0x00000000   Code   RO         3879    .ARM.Collect$$libinit$$00000030  c_w.l(libinit2.o)
    0x0800024e   0x0800024e   0x00000000   Code   RO         3881    .ARM.Collect$$libinit$$00000032  c_w.l(libinit2.o)
    0x0800024e   0x0800024e   0x00000002   Code   RO         3882    .ARM.Collect$$libinit$$00000033  c_w.l(libinit2.o)
    0x08000250   0x08000250   0x00000002   Code   RO         3900    .ARM.Collect$$libshutdown$$00000000  c_w.l(libshutdown.o)
    0x08000252   0x08000252   0x00000000   Code   RO         3910    .ARM.Collect$$libshutdown$$00000002  c_w.l(libshutdown2.o)
    0x08000252   0x08000252   0x00000000   Code   RO         3912    .ARM.Collect$$libshutdown$$00000004  c_w.l(libshutdown2.o)
    0x08000252   0x08000252   0x00000000   Code   RO         3914    .ARM.Collect$$libshutdown$$00000006  c_w.l(libshutdown2.o)
    0x08000252   0x08000252   0x00000000   Code   RO         3917    .ARM.Collect$$libshutdown$$00000009  c_w.l(libshutdown2.o)
    0x08000252   0x08000252   0x00000000   Code   RO         3920    .ARM.Collect$$libshutdown$$0000000C  c_w.l(libshutdown2.o)
    0x08000252   0x08000252   0x00000000   Code   RO         3922    .ARM.Collect$$libshutdown$$0000000E  c_w.l(libshutdown2.o)
    0x08000252   0x08000252   0x00000000   Code   RO         3925    .ARM.Collect$$libshutdown$$00000011  c_w.l(libshutdown2.o)
    0x08000252   0x08000252   0x00000002   Code   RO         3926    .ARM.Collect$$libshutdown$$00000012  c_w.l(libshutdown2.o)
    0x08000254   0x08000254   0x00000000   Code   RO         3667    .ARM.Collect$$rtentry$$00000000  c_w.l(__rtentry.o)
    0x08000254   0x08000254   0x00000000   Code   RO         3751    .ARM.Collect$$rtentry$$00000002  c_w.l(__rtentry2.o)
    0x08000254   0x08000254   0x00000006   Code   RO         3763    .ARM.Collect$$rtentry$$00000004  c_w.l(__rtentry4.o)
    0x0800025a   0x0800025a   0x00000000   Code   RO         3753    .ARM.Collect$$rtentry$$00000009  c_w.l(__rtentry2.o)
    0x0800025a   0x0800025a   0x00000004   Code   RO         3754    .ARM.Collect$$rtentry$$0000000A  c_w.l(__rtentry2.o)
    0x0800025e   0x0800025e   0x00000000   Code   RO         3756    .ARM.Collect$$rtentry$$0000000C  c_w.l(__rtentry2.o)
    0x0800025e   0x0800025e   0x00000008   Code   RO         3757    .ARM.Collect$$rtentry$$0000000D  c_w.l(__rtentry2.o)
    0x08000266   0x08000266   0x00000002   Code   RO         3833    .ARM.Collect$$rtexit$$00000000  c_w.l(rtexit.o)
    0x08000268   0x08000268   0x00000000   Code   RO         3884    .ARM.Collect$$rtexit$$00000002  c_w.l(rtexit2.o)
    0x08000268   0x08000268   0x00000004   Code   RO         3885    .ARM.Collect$$rtexit$$00000003  c_w.l(rtexit2.o)
    0x0800026c   0x0800026c   0x00000006   Code   RO         3886    .ARM.Collect$$rtexit$$00000004  c_w.l(rtexit2.o)
    0x08000272   0x08000272   0x00000002   PAD
    0x08000274   0x08000274   0x00000096   Code   RO         3112    .emb_text           port.o
    0x0800030a   0x0800030a   0x00000002   PAD
    0x0800030c   0x0800030c   0x00000040   Code   RO         1173  * .text               startup_stm32f10x_md.o
    0x0800034c   0x0800034c   0x00000002   Code   RO         3576    .text               c_w.l(use_no_semi_2.o)
    0x0800034e   0x0800034e   0x00000002   PAD
    0x08000350   0x08000350   0x00000024   Code   RO         3578    .text               c_w.l(c89vsprintf.o)
    0x08000374   0x08000374   0x00000018   Code   RO         3580    .text               c_w.l(__2printf.o)
    0x0800038c   0x0800038c   0x00000038   Code   RO         3584    .text               c_w.l(__2snprintf.o)
    0x080003c4   0x080003c4   0x00000052   Code   RO         3594    .text               c_w.l(_printf_str.o)
    0x08000416   0x08000416   0x00000002   PAD
    0x08000418   0x08000418   0x00000078   Code   RO         3596    .text               c_w.l(_printf_dec.o)
    0x08000490   0x08000490   0x00000188   Code   RO         3615    .text               c_w.l(__printf_flags_ss_wp.o)
    0x08000618   0x08000618   0x00000016   Code   RO         3625    .text               c_w.l(strrchr.o)
    0x0800062e   0x0800062e   0x0000003e   Code   RO         3627    .text               c_w.l(strlen.o)
    0x0800066c   0x0800066c   0x0000008a   Code   RO         3629    .text               c_w.l(rt_memcpy_v6.o)
    0x080006f6   0x080006f6   0x00000010   Code   RO         3631    .text               c_w.l(aeabi_memset.o)
    0x08000706   0x08000706   0x0000004e   Code   RO         3633    .text               c_w.l(rt_memclr_w.o)
    0x08000754   0x08000754   0x00000080   Code   RO         3635    .text               c_w.l(strcmpv7m.o)
    0x080007d4   0x080007d4   0x00000006   Code   RO         3637    .text               c_w.l(heapauxi.o)
    0x080007da   0x080007da   0x00000002   Code   RO         3665    .text               c_w.l(use_no_semi.o)
    0x080007dc   0x080007dc   0x0000004e   Code   RO         3668    .text               c_w.l(_printf_pad.o)
    0x0800082a   0x0800082a   0x00000024   Code   RO         3670    .text               c_w.l(_printf_truncate.o)
    0x0800084e   0x0800084e   0x000000b2   Code   RO         3672    .text               c_w.l(_printf_intcommon.o)
    0x08000900   0x08000900   0x00000028   Code   RO         3674    .text               c_w.l(_printf_charcount.o)
    0x08000928   0x08000928   0x00000030   Code   RO         3676    .text               c_w.l(_printf_char_common.o)
    0x08000958   0x08000958   0x0000000a   Code   RO         3678    .text               c_w.l(_sputc.o)
    0x08000962   0x08000962   0x00000010   Code   RO         3680    .text               c_w.l(_snputc.o)
    0x08000972   0x08000972   0x0000002c   Code   RO         3682    .text               c_w.l(_printf_char.o)
    0x0800099e   0x0800099e   0x00000002   PAD
    0x080009a0   0x080009a0   0x00000024   Code   RO         3684    .text               c_w.l(_printf_char_file.o)
    0x080009c4   0x080009c4   0x000000bc   Code   RO         3686    .text               c_w.l(_printf_wctomb.o)
    0x08000a80   0x08000a80   0x0000007c   Code   RO         3689    .text               c_w.l(_printf_longlong_dec.o)
    0x08000afc   0x08000afc   0x00000070   Code   RO         3695    .text               c_w.l(_printf_oct_int_ll.o)
    0x08000b6c   0x08000b6c   0x00000094   Code   RO         3715    .text               c_w.l(_printf_hex_int_ll_ptr.o)
    0x08000c00   0x08000c00   0x00000064   Code   RO         3737    .text               c_w.l(rt_memcpy_w.o)
    0x08000c64   0x08000c64   0x00000044   Code   RO         3739    .text               c_w.l(rt_memclr.o)
    0x08000ca8   0x08000ca8   0x0000008a   Code   RO         3765    .text               c_w.l(lludiv10.o)
    0x08000d32   0x08000d32   0x0000041e   Code   RO         3767    .text               c_w.l(_printf_fp_dec.o)
    0x08001150   0x08001150   0x0000002c   Code   RO         3771    .text               c_w.l(_printf_wchar.o)
    0x0800117c   0x0800117c   0x00000008   Code   RO         3773    .text               c_w.l(ferror.o)
    0x08001184   0x08001184   0x00000040   Code   RO         3777    .text               c_w.l(_wcrtomb.o)
    0x080011c4   0x080011c4   0x0000004a   Code   RO         3779    .text               c_w.l(sys_stackheap_outer.o)
    0x0800120e   0x0800120e   0x00000002   PAD
    0x08001210   0x08001210   0x00000010   Code   RO         3781    .text               c_w.l(rt_ctype_table.o)
    0x08001220   0x08001220   0x00000008   Code   RO         3786    .text               c_w.l(rt_locale_intlibspace.o)
    0x08001228   0x08001228   0x00000080   Code   RO         3788    .text               c_w.l(_printf_fp_infnan.o)
    0x080012a8   0x080012a8   0x000000e4   Code   RO         3790    .text               c_w.l(bigflt0.o)
    0x0800138c   0x0800138c   0x00000012   Code   RO         3818    .text               c_w.l(exit.o)
    0x0800139e   0x0800139e   0x00000002   PAD
    0x080013a0   0x080013a0   0x00000008   Code   RO         3830    .text               c_w.l(libspace.o)
    0x080013a8   0x080013a8   0x0000003e   Code   RO         3793    CL$$btod_d2e        c_w.l(btod.o)
    0x080013e6   0x080013e6   0x00000046   Code   RO         3795    CL$$btod_d2e_denorm_low  c_w.l(btod.o)
    0x0800142c   0x0800142c   0x00000060   Code   RO         3794    CL$$btod_d2e_norm_op1  c_w.l(btod.o)
    0x0800148c   0x0800148c   0x00000338   Code   RO         3803    CL$$btod_div_common  c_w.l(btod.o)
    0x080017c4   0x080017c4   0x000000dc   Code   RO         3800    CL$$btod_e2e        c_w.l(btod.o)
    0x080018a0   0x080018a0   0x0000002a   Code   RO         3797    CL$$btod_ediv       c_w.l(btod.o)
    0x080018ca   0x080018ca   0x0000002a   Code   RO         3796    CL$$btod_emul       c_w.l(btod.o)
    0x080018f4   0x080018f4   0x00000244   Code   RO         3802    CL$$btod_mult_common  c_w.l(btod.o)
    0x08001b38   0x08001b38   0x00000010   Code   RO         1919    i.BKP_DeInit        stm32f10x_bkp.o
    0x08001b48   0x08001b48   0x0000001c   Code   RO         1924    i.BKP_ReadBackupRegister  stm32f10x_bkp.o
    0x08001b64   0x08001b64   0x0000001c   Code   RO         1928    i.BKP_WriteBackupRegister  stm32f10x_bkp.o
    0x08001b80   0x08001b80   0x00000004   Code   RO          267    i.BusFault_Handler  stm32f10x_it.o
    0x08001b84   0x08001b84   0x0000001a   Code   RO          893    i.ClearBitMask      rc522.o
    0x08001b9e   0x08001b9e   0x00000002   Code   RO          268    i.DebugMon_Handler  stm32f10x_it.o
    0x08001ba0   0x08001ba0   0x00000024   Code   RO          628    i.EXTI0_IRQHandler  fpm383c.o
    0x08001bc4   0x08001bc4   0x0000000c   Code   RO         1732    i.EXTI_ClearITPendingBit  stm32f10x_exti.o
    0x08001bd0   0x08001bd0   0x00000028   Code   RO         1736    i.EXTI_GetITStatus  stm32f10x_exti.o
    0x08001bf8   0x08001bf8   0x00000094   Code   RO         1737    i.EXTI_Init         stm32f10x_exti.o
    0x08001c8c   0x08001c8c   0x0000004c   Code   RO         2060    i.FLASH_ErasePage   stm32f10x_flash.o
    0x08001cd8   0x08001cd8   0x00000034   Code   RO         2061    i.FLASH_GetBank1Status  stm32f10x_flash.o
    0x08001d0c   0x08001d0c   0x00000014   Code   RO         2070    i.FLASH_Lock        stm32f10x_flash.o
    0x08001d20   0x08001d20   0x00000040   Code   RO         2073    i.FLASH_ProgramHalfWord  stm32f10x_flash.o
    0x08001d60   0x08001d60   0x00000018   Code   RO         2078    i.FLASH_Unlock      stm32f10x_flash.o
    0x08001d78   0x08001d78   0x00000026   Code   RO         2082    i.FLASH_WaitForLastOperation  stm32f10x_flash.o
    0x08001d9e   0x08001d9e   0x00000002   PAD
    0x08001da0   0x08001da0   0x000000a0   Code   RO          629    i.FPM383C_Add       fpm383c.o
    0x08001e40   0x08001e40   0x0000004c   Code   RO          630    i.FPM383C_ControlLED  fpm383c.o
    0x08001e8c   0x08001e8c   0x0000012c   Code   RO          633    i.FPM383C_Enroll    fpm383c.o
    0x08001fb8   0x08001fb8   0x0000006c   Code   RO          634    i.FPM383C_GPIO_Interrupt_Config  fpm383c.o
    0x08002024   0x08002024   0x00000050   Code   RO          635    i.FPM383C_GenChar1  fpm383c.o
    0x08002074   0x08002074   0x00000050   Code   RO          636    i.FPM383C_GetImage  fpm383c.o
    0x080020c4   0x080020c4   0x000000fc   Code   RO          637    i.FPM383C_Identify  fpm383c.o
    0x080021c0   0x080021c0   0x00000080   Code   RO          638    i.FPM383C_Init      fpm383c.o
    0x08002240   0x08002240   0x000000a8   Code   RO          639    i.FPM383C_Loop      fpm383c.o
    0x080022e8   0x080022e8   0x00000040   Code   RO          640    i.FPM383C_SearchMB  fpm383c.o
    0x08002328   0x08002328   0x00000038   Code   RO          641    i.FPM383C_SendData  fpm383c.o
    0x08002360   0x08002360   0x00000010   Code   RO          642    i.FPM383C_Sleep     fpm383c.o
    0x08002370   0x08002370   0x00000040   Code   RO         1216    i.GPIO_EXTILineConfig  stm32f10x_gpio.o
    0x080023b0   0x080023b0   0x00000116   Code   RO         1219    i.GPIO_Init         stm32f10x_gpio.o
    0x080024c6   0x080024c6   0x00000002   PAD
    0x080024c8   0x080024c8   0x00000090   Code   RO         1221    i.GPIO_PinRemapConfig  stm32f10x_gpio.o
    0x08002558   0x08002558   0x00000012   Code   RO         1223    i.GPIO_ReadInputDataBit  stm32f10x_gpio.o
    0x0800256a   0x0800256a   0x00000004   Code   RO         1226    i.GPIO_ResetBits    stm32f10x_gpio.o
    0x0800256e   0x0800256e   0x00000004   Code   RO         1227    i.GPIO_SetBits      stm32f10x_gpio.o
    0x08002572   0x08002572   0x00000004   Code   RO         1229    i.GPIO_Write        stm32f10x_gpio.o
    0x08002576   0x08002576   0x00000004   Code   RO          269    i.HardFault_Handler  stm32f10x_it.o
    0x0800257a   0x0800257a   0x00000002   PAD
    0x0800257c   0x0800257c   0x00000010   Code   RO         1785    i.IWDG_Enable       stm32f10x_iwdg.o
    0x0800258c   0x0800258c   0x00000008   Code   RO          750    i.IWDG_Feed         iwdg.o
    0x08002594   0x08002594   0x00000024   Code   RO          751    i.IWDG_Init         iwdg.o
    0x080025b8   0x080025b8   0x00000010   Code   RO         1787    i.IWDG_ReloadCounter  stm32f10x_iwdg.o
    0x080025c8   0x080025c8   0x0000000c   Code   RO         1788    i.IWDG_SetPrescaler  stm32f10x_iwdg.o
    0x080025d4   0x080025d4   0x0000000c   Code   RO         1789    i.IWDG_SetReload    stm32f10x_iwdg.o
    0x080025e0   0x080025e0   0x0000000c   Code   RO         1790    i.IWDG_WriteAccessCmd  stm32f10x_iwdg.o
    0x080025ec   0x080025ec   0x0000003a   Code   RO          768    i.Is_Leap_Year      rtc.o
    0x08002626   0x08002626   0x00000002   PAD
    0x08002628   0x08002628   0x00000318   Code   RO          384    i.KEY_Read          key.o
    0x08002940   0x08002940   0x00000058   Code   RO          385    i.KEY_UserConfig    key.o
    0x08002998   0x08002998   0x00000064   Code   RO          372    i.LED_Init          led.o
    0x080029fc   0x080029fc   0x00000054   Code   RO          894    i.M500PcdConfigISOType  rc522.o
    0x08002a50   0x08002a50   0x00000004   Code   RO          270    i.MemManage_Handler  stm32f10x_it.o
    0x08002a54   0x08002a54   0x00000002   Code   RO          271    i.NMI_Handler       stm32f10x_it.o
    0x08002a56   0x08002a56   0x00000044   Code   RO          643    i.NVIC_Config       fpm383c.o
    0x08002a9a   0x08002a9a   0x00000002   PAD
    0x08002a9c   0x08002a9c   0x00000070   Code   RO         1177    i.NVIC_Init         misc.o
    0x08002b0c   0x08002b0c   0x00000014   Code   RO         1178    i.NVIC_PriorityGroupConfig  misc.o
    0x08002b20   0x08002b20   0x0000003e   Code   RO          434    i.OLED_Clear        oled.o
    0x08002b5e   0x08002b5e   0x00000002   PAD
    0x08002b60   0x08002b60   0x00000030   Code   RO          440    i.OLED_IIC_Start    oled.o
    0x08002b90   0x08002b90   0x00000028   Code   RO          441    i.OLED_IIC_Stop     oled.o
    0x08002bb8   0x08002bb8   0x0000001c   Code   RO          442    i.OLED_IIC_Wait_Ack  oled.o
    0x08002bd4   0x08002bd4   0x00000124   Code   RO          443    i.OLED_Init         oled.o
    0x08002cf8   0x08002cf8   0x00000028   Code   RO          450    i.OLED_Set_Pos      oled.o
    0x08002d20   0x08002d20   0x000000a4   Code   RO          452    i.OLED_ShowChar     oled.o
    0x08002dc4   0x08002dc4   0x00000036   Code   RO          454    i.OLED_ShowString   oled.o
    0x08002dfa   0x08002dfa   0x00000018   Code   RO          455    i.OLED_WR_Byte      oled.o
    0x08002e12   0x08002e12   0x00000002   PAD
    0x08002e14   0x08002e14   0x0000005c   Code   RO          456    i.OLED_Write_IIC_Byte  oled.o
    0x08002e70   0x08002e70   0x0000002c   Code   RO          457    i.OLED_Write_IIC_Command  oled.o
    0x08002e9c   0x08002e9c   0x0000002c   Code   RO          458    i.OLED_Write_IIC_Data  oled.o
    0x08002ec8   0x08002ec8   0x0000000c   Code   RO         1995    i.PWR_BackupAccessCmd  stm32f10x_pwr.o
    0x08002ed4   0x08002ed4   0x0000001a   Code   RO          896    i.PcdAntennaOn      rc522.o
    0x08002eee   0x08002eee   0x00000072   Code   RO          897    i.PcdAnticoll       rc522.o
    0x08002f60   0x08002f60   0x00000132   Code   RO          898    i.PcdComMF522       rc522.o
    0x08003092   0x08003092   0x00000056   Code   RO          899    i.PcdRequest        rc522.o
    0x080030e8   0x080030e8   0x00000080   Code   RO          900    i.PcdReset          rc522.o
    0x08003168   0x08003168   0x000000d8   Code   RO          902    i.RC522_Handel      rc522.o
    0x08003240   0x08003240   0x0000001c   Code   RO          903    i.RC522_Init        rc522.o
    0x0800325c   0x0800325c   0x000000ac   Code   RO          904    i.RC522_SPI_Config  rc522.o
    0x08003308   0x08003308   0x00000020   Code   RO         1353    i.RCC_APB1PeriphClockCmd  stm32f10x_rcc.o
    0x08003328   0x08003328   0x00000020   Code   RO         1355    i.RCC_APB2PeriphClockCmd  stm32f10x_rcc.o
    0x08003348   0x08003348   0x0000000c   Code   RO         1358    i.RCC_BackupResetCmd  stm32f10x_rcc.o
    0x08003354   0x08003354   0x000000d4   Code   RO         1363    i.RCC_GetClocksFreq  stm32f10x_rcc.o
    0x08003428   0x08003428   0x0000003c   Code   RO         1364    i.RCC_GetFlagStatus  stm32f10x_rcc.o
    0x08003464   0x08003464   0x00000034   Code   RO         1371    i.RCC_LSEConfig     stm32f10x_rcc.o
    0x08003498   0x08003498   0x0000000c   Code   RO         1378    i.RCC_RTCCLKCmd     stm32f10x_rcc.o
    0x080034a4   0x080034a4   0x00000010   Code   RO         1379    i.RCC_RTCCLKConfig  stm32f10x_rcc.o
    0x080034b4   0x080034b4   0x00000010   Code   RO         1828    i.RTC_ClearITPendingBit  stm32f10x_rtc.o
    0x080034c4   0x080034c4   0x00000014   Code   RO         1829    i.RTC_EnterConfigMode  stm32f10x_rtc.o
    0x080034d8   0x080034d8   0x00000014   Code   RO         1830    i.RTC_ExitConfigMode  stm32f10x_rtc.o
    0x080034ec   0x080034ec   0x00000100   Code   RO          769    i.RTC_Get           rtc.o
    0x080035ec   0x080035ec   0x00000014   Code   RO         1831    i.RTC_GetCounter    stm32f10x_rtc.o
    0x08003600   0x08003600   0x00000024   Code   RO         1834    i.RTC_GetITStatus   stm32f10x_rtc.o
    0x08003624   0x08003624   0x00000078   Code   RO          770    i.RTC_Get_Week      rtc.o
    0x0800369c   0x0800369c   0x00000028   Code   RO          771    i.RTC_IRQHandler    rtc.o
    0x080036c4   0x080036c4   0x00000020   Code   RO         1835    i.RTC_ITConfig      stm32f10x_rtc.o
    0x080036e4   0x080036e4   0x000000be   Code   RO          772    i.RTC_Init          rtc.o
    0x080037a2   0x080037a2   0x00000020   Code   RO          773    i.RTC_NVIC_Config   rtc.o
    0x080037c2   0x080037c2   0x00000002   PAD
    0x080037c4   0x080037c4   0x000000cc   Code   RO          774    i.RTC_Set           rtc.o
    0x08003890   0x08003890   0x0000001c   Code   RO         1837    i.RTC_SetCounter    stm32f10x_rtc.o
    0x080038ac   0x080038ac   0x00000020   Code   RO         1838    i.RTC_SetPrescaler  stm32f10x_rtc.o
    0x080038cc   0x080038cc   0x00000014   Code   RO         1839    i.RTC_WaitForLastTask  stm32f10x_rtc.o
    0x080038e0   0x080038e0   0x00000024   Code   RO         1840    i.RTC_WaitForSynchro  stm32f10x_rtc.o
    0x08003904   0x08003904   0x00000034   Code   RO          905    i.ReadRawRC         rc522.o
    0x08003938   0x08003938   0x0000004c   Code   RO          906    i.SPI_RC522_ReadByte  rc522.o
    0x08003984   0x08003984   0x00000054   Code   RO          907    i.SPI_RC522_SendByte  rc522.o
    0x080039d8   0x080039d8   0x00000022   Code   RO          853    i.STMFLASH_Read     stmflash.o
    0x080039fa   0x080039fa   0x00000006   Code   RO          854    i.STMFLASH_ReadHalfWord  stmflash.o
    0x08003a00   0x08003a00   0x000000e8   Code   RO          855    i.STMFLASH_Write    stmflash.o
    0x08003ae8   0x08003ae8   0x00000026   Code   RO          856    i.STMFLASH_Write_NoCheck  stmflash.o
    0x08003b0e   0x08003b0e   0x0000001a   Code   RO          908    i.SetBitMask        rc522.o
    0x08003b28   0x08003b28   0x00000008   Code   RO          338    i.SetSysClock       system_stm32f10x.o
    0x08003b30   0x08003b30   0x000000e0   Code   RO          339    i.SetSysClockTo72   system_stm32f10x.o
    0x08003c10   0x08003c10   0x00000028   Code   RO         1181    i.SysTick_CLKSourceConfig  misc.o
    0x08003c38   0x08003c38   0x00000010   Code   RO         1011    i.SysTick_Handler   delay.o
    0x08003c48   0x08003c48   0x00000060   Code   RO          341    i.SystemInit        system_stm32f10x.o
    0x08003ca8   0x08003ca8   0x0000001c   Code   RO          823    i.UART3_SendByte    usart3.o
    0x08003cc4   0x08003cc4   0x00000088   Code   RO         1088    i.USART1_IRQHandler  usart.o
    0x08003d4c   0x08003d4c   0x00000060   Code   RO          644    i.USART2_IRQHandler  fpm383c.o
    0x08003dac   0x08003dac   0x00000024   Code   RO          824    i.USART3_IRQHandler  usart3.o
    0x08003dd0   0x08003dd0   0x0000008c   Code   RO          645    i.USART_2_Config    fpm383c.o
    0x08003e5c   0x08003e5c   0x0000001e   Code   RO         1552    i.USART_ClearITPendingBit  stm32f10x_usart.o
    0x08003e7a   0x08003e7a   0x00000018   Code   RO         1555    i.USART_Cmd         stm32f10x_usart.o
    0x08003e92   0x08003e92   0x0000001a   Code   RO         1558    i.USART_GetFlagStatus  stm32f10x_usart.o
    0x08003eac   0x08003eac   0x00000054   Code   RO         1559    i.USART_GetITStatus  stm32f10x_usart.o
    0x08003f00   0x08003f00   0x0000004a   Code   RO         1561    i.USART_ITConfig    stm32f10x_usart.o
    0x08003f4a   0x08003f4a   0x00000002   PAD
    0x08003f4c   0x08003f4c   0x000000d8   Code   RO         1562    i.USART_Init        stm32f10x_usart.o
    0x08004024   0x08004024   0x0000000a   Code   RO         1569    i.USART_ReceiveData  stm32f10x_usart.o
    0x0800402e   0x0800402e   0x00000008   Code   RO         1572    i.USART_SendData    stm32f10x_usart.o
    0x08004036   0x08004036   0x00000004   Code   RO          272    i.UsageFault_Handler  stm32f10x_it.o
    0x0800403a   0x0800403a   0x00000002   PAD
    0x0800403c   0x0800403c   0x00000030   Code   RO          909    i.WriteRawRC        rc522.o
    0x0800406c   0x0800406c   0x00000028   Code   RO         3828    i.__ARM_fpclassify  m_ws.l(fpclassify.o)
    0x08004094   0x08004094   0x0000000e   Code   RO         3608    i._is_digit         c_w.l(__printf_wp.o)
    0x080040a2   0x080040a2   0x00000004   Code   RO         1089    i._sys_exit         usart.o
    0x080040a6   0x080040a6   0x0000002a   Code   RO            1    i.add_type          main.o
    0x080040d0   0x080040d0   0x00000002   Code   RO         3410    i.all_data_update   protocol.o
    0x080040d2   0x080040d2   0x00000002   PAD
    0x080040d4   0x080040d4   0x00000220   Code   RO         3488    i.data_handle       system.o
    0x080042f4   0x080042f4   0x0000004c   Code   RO         3489    i.data_point_handle  system.o
    0x08004340   0x08004340   0x0000005c   Code   RO         1012    i.delay_init        delay.o
    0x0800439c   0x0800439c   0x00000040   Code   RO         1013    i.delay_ms          delay.o
    0x080043dc   0x080043dc   0x00000048   Code   RO         1014    i.delay_us          delay.o
    0x08004424   0x08004424   0x00000046   Code   RO         3411    i.dp_download_handle  protocol.o
    0x0800446a   0x0800446a   0x0000001c   Code   RO         3412    i.dp_download_initiative_message_handle  protocol.o
    0x08004486   0x08004486   0x00000002   PAD
    0x08004488   0x08004488   0x000000bc   Code   RO         3413    i.dp_download_lock_motor_state_handle  protocol.o
    0x08004544   0x08004544   0x00000084   Code   RO         3414    i.dp_download_remote_no_dp_key_handle  protocol.o
    0x080045c8   0x080045c8   0x00000144   Code   RO            2    i.finger_add        main.o
    0x0800470c   0x0800470c   0x00000038   Code   RO            3    i.flash_read        main.o
    0x08004744   0x08004744   0x0000007c   Code   RO            4    i.flash_reset       main.o
    0x080047c0   0x080047c0   0x0000001c   Code   RO         1090    i.fputc             usart.o
    0x080047dc   0x080047dc   0x0000001c   Code   RO         3490    i.get_check_sum     system.o
    0x080047f8   0x080047f8   0x0000002c   Code   RO         3491    i.get_dowmload_dpid_index  system.o
    0x08004824   0x08004824   0x00000004   Code   RO         3415    i.get_download_cmd_total  protocol.o
    0x08004828   0x08004828   0x0000000e   Code   RO         3492    i.get_mcu_wifi_mode  system.o
    0x08004836   0x08004836   0x00000002   PAD
    0x08004838   0x08004838   0x00000024   Code   RO          386    i.hang1             key.o
    0x0800485c   0x0800485c   0x00000028   Code   RO          387    i.hang2             key.o
    0x08004884   0x08004884   0x00000028   Code   RO          388    i.hang3             key.o
    0x080048ac   0x080048ac   0x00000024   Code   RO          389    i.hang4             key.o
    0x080048d0   0x080048d0   0x00000034   Code   RO         3493    i.heat_beat_check   system.o
    0x08004904   0x08004904   0x00000002   Code   RO            5    i.idcard_add        main.o
    0x08004906   0x08004906   0x00000002   PAD
    0x08004908   0x08004908   0x00000290   Code   RO            6    i.key_password_add  main.o
    0x08004b98   0x08004b98   0x000000e8   Code   RO            7    i.key_process       main.o
    0x08004c80   0x08004c80   0x000000d8   Code   RO            8    i.key_task          main.o
    0x08004d58   0x08004d58   0x0000021c   Code   RO            9    i.keypassword_open_process  main.o
    0x08004f74   0x08004f74   0x00000098   Code   RO           10    i.led0_task         main.o
    0x0800500c   0x0800500c   0x00000088   Code   RO         1141    i.logd              log.o
    0x08005094   0x08005094   0x0000015c   Code   RO           11    i.main              main.o
    0x080051f0   0x080051f0   0x00000064   Code   RO         3241    i.mcu_dp_bool_update  mcu_api.o
    0x08005254   0x08005254   0x00000074   Code   RO         3244    i.mcu_dp_raw_update  mcu_api.o
    0x080052c8   0x080052c8   0x00000006   Code   RO         3416    i.mcu_firm_update_handle  protocol.o
    0x080052ce   0x080052ce   0x00000006   Code   RO         3247    i.mcu_get_dp_download_bool  mcu_api.o
    0x080052d4   0x080052d4   0x0000000c   Code   RO         3251    i.mcu_get_wifi_work_state  mcu_api.o
    0x080052e0   0x080052e0   0x00000018   Code   RO         3253    i.mcu_reset_wifi    mcu_api.o
    0x080052f8   0x080052f8   0x00000024   Code   RO         3254    i.mcu_set_wifi_mode  mcu_api.o
    0x0800531c   0x0800531c   0x00000044   Code   RO         3256    i.my_memcpy         mcu_api.o
    0x08005360   0x08005360   0x0000001c   Code   RO         3260    i.my_strlen         mcu_api.o
    0x0800537c   0x0800537c   0x000000e0   Code   RO         3494    i.product_info_update  system.o
    0x0800545c   0x0800545c   0x00000098   Code   RO         2622    i.prvAddCurrentTaskToDelayedList  tasks.o
    0x080054f4   0x080054f4   0x000000b8   Code   RO         2623    i.prvAddNewTaskToReadyList  tasks.o
    0x080055ac   0x080055ac   0x00000064   Code   RO         2982    i.prvCheckForValidListAndQueue  timers.o
    0x08005610   0x08005610   0x00000064   Code   RO         2624    i.prvCheckTasksWaitingTermination  tasks.o
    0x08005674   0x08005674   0x0000002a   Code   RO         2386    i.prvCopyDataFromQueue  queue.o
    0x0800569e   0x0800569e   0x0000007c   Code   RO         2387    i.prvCopyDataToQueue  queue.o
    0x0800571a   0x0800571a   0x00000012   Code   RO         2625    i.prvDeleteTCB      tasks.o
    0x0800572c   0x0800572c   0x00000028   Code   RO         2983    i.prvGetNextExpireTime  timers.o
    0x08005754   0x08005754   0x0000007c   Code   RO         3189    i.prvHeapInit       heap_4.o
    0x080057d0   0x080057d0   0x00000028   Code   RO         2626    i.prvIdleTask       tasks.o
    0x080057f8   0x080057f8   0x0000002e   Code   RO         2389    i.prvInitialiseNewQueue  queue.o
    0x08005826   0x08005826   0x00000002   PAD
    0x08005828   0x08005828   0x000000d0   Code   RO         2627    i.prvInitialiseNewTask  tasks.o
    0x080058f8   0x080058f8   0x00000068   Code   RO         2628    i.prvInitialiseTaskLists  tasks.o
    0x08005960   0x08005960   0x00000068   Code   RO         3190    i.prvInsertBlockIntoFreeList  heap_4.o
    0x080059c8   0x080059c8   0x00000058   Code   RO         2985    i.prvInsertTimerInActiveList  timers.o
    0x08005a20   0x08005a20   0x0000001a   Code   RO         2390    i.prvIsQueueEmpty   queue.o
    0x08005a3a   0x08005a3a   0x0000001e   Code   RO         2391    i.prvIsQueueFull    queue.o
    0x08005a58   0x08005a58   0x000000a0   Code   RO         2392    i.prvNotifyQueueSetContainer  queue.o
    0x08005af8   0x08005af8   0x00000080   Code   RO         2986    i.prvProcessExpiredTimer  timers.o
    0x08005b78   0x08005b78   0x0000012c   Code   RO         2987    i.prvProcessReceivedCommands  timers.o
    0x08005ca4   0x08005ca4   0x00000074   Code   RO         2988    i.prvProcessTimerOrBlockTask  timers.o
    0x08005d18   0x08005d18   0x00000034   Code   RO         2630    i.prvResetNextTaskUnblockTime  tasks.o
    0x08005d4c   0x08005d4c   0x0000002c   Code   RO         2989    i.prvSampleTimeNow  timers.o
    0x08005d78   0x08005d78   0x000000bc   Code   RO         2990    i.prvSwitchTimerLists  timers.o
    0x08005e34   0x08005e34   0x00000070   Code   RO         3113    i.prvTaskExitError  port.o
    0x08005ea4   0x08005ea4   0x0000001a   Code   RO         2991    i.prvTimerTask      timers.o
    0x08005ebe   0x08005ebe   0x00000092   Code   RO         2393    i.prvUnlockQueue    queue.o
    0x08005f50   0x08005f50   0x00000154   Code   RO         3191    i.pvPortMalloc      heap_4.o
    0x080060a4   0x080060a4   0x00000020   Code   RO         2634    i.pvTaskIncrementMutexHeldCount  tasks.o
    0x080060c4   0x080060c4   0x00000024   Code   RO         3114    i.pxPortInitialiseStack  port.o
    0x080060e8   0x080060e8   0x00000028   Code   RO         3495    i.set_wifi_uart_buffer  system.o
    0x08006110   0x08006110   0x00000010   Code   RO         3496    i.set_wifi_uart_byte  system.o
    0x08006120   0x08006120   0x00000094   Code   RO           12    i.start_task        main.o
    0x080061b4   0x080061b4   0x00000064   Code   RO          390    i.switch_keyvalue   key.o
    0x08006218   0x08006218   0x0000003c   Code   RO         3497    i.take_byte_rxbuff  system.o
    0x08006254   0x08006254   0x00000054   Code   RO           13    i.tuya_task         main.o
    0x080062a8   0x080062a8   0x000000a0   Code   RO         1092    i.uart_init         usart.o
    0x08006348   0x08006348   0x00000058   Code   RO         3262    i.uart_receive_input  mcu_api.o
    0x080063a0   0x080063a0   0x0000001c   Code   RO         3419    i.uart_transmit_output  protocol.o
    0x080063bc   0x080063bc   0x000000a8   Code   RO          825    i.usart3_init       usart3.o
    0x08006464   0x08006464   0x000000c4   Code   RO           14    i.user_add          main.o
    0x08006528   0x08006528   0x00000028   Code   RO         2349    i.uxListRemove      list.o
    0x08006550   0x08006550   0x0000001a   Code   RO         2350    i.vListInitialise   list.o
    0x0800656a   0x0800656a   0x00000006   Code   RO         2351    i.vListInitialiseItem  list.o
    0x08006570   0x08006570   0x00000034   Code   RO         2352    i.vListInsert       list.o
    0x080065a4   0x080065a4   0x00000018   Code   RO         2353    i.vListInsertEnd    list.o
    0x080065bc   0x080065bc   0x00000088   Code   RO         3116    i.vPortEnterCritical  port.o
    0x08006644   0x08006644   0x00000070   Code   RO         3117    i.vPortExitCritical  port.o
    0x080066b4   0x080066b4   0x000000b8   Code   RO         3192    i.vPortFree         heap_4.o
    0x0800676c   0x0800676c   0x00000020   Code   RO         3118    i.vPortSetupTimerInterrupt  port.o
    0x0800678c   0x0800678c   0x000000a0   Code   RO         3119    i.vPortValidateInterruptPriority  port.o
    0x0800682c   0x0800682c   0x0000002c   Code   RO         2399    i.vQueueAddToRegistry  queue.o
    0x08006858   0x08006858   0x0000004a   Code   RO         2403    i.vQueueWaitForMessageRestricted  queue.o
    0x080068a2   0x080068a2   0x00000002   PAD
    0x080068a4   0x080068a4   0x00000074   Code   RO         2642    i.vTaskDelay        tasks.o
    0x08006918   0x08006918   0x0000010c   Code   RO         2644    i.vTaskDelete       tasks.o
    0x08006a24   0x08006a24   0x0000000c   Code   RO         2648    i.vTaskMissedYield  tasks.o
    0x08006a30   0x08006a30   0x00000054   Code   RO         2650    i.vTaskPlaceOnEventList  tasks.o
    0x08006a84   0x08006a84   0x0000005c   Code   RO         2651    i.vTaskPlaceOnEventListRestricted  tasks.o
    0x08006ae0   0x08006ae0   0x000000b0   Code   RO         2653    i.vTaskPriorityInherit  tasks.o
    0x08006b90   0x08006b90   0x0000004c   Code   RO         2657    i.vTaskSetTimeOutState  tasks.o
    0x08006bdc   0x08006bdc   0x000000ac   Code   RO         2658    i.vTaskStartScheduler  tasks.o
    0x08006c88   0x08006c88   0x00000010   Code   RO         2660    i.vTaskSuspendAll   tasks.o
    0x08006c98   0x08006c98   0x000000a8   Code   RO         2661    i.vTaskSwitchContext  tasks.o
    0x08006d40   0x08006d40   0x0000002c   Code   RO         3263    i.wifi_protocol_init  mcu_api.o
    0x08006d6c   0x08006d6c   0x00000008   Code   RO         3420    i.wifi_test_result  protocol.o
    0x08006d74   0x08006d74   0x000000fc   Code   RO         3264    i.wifi_uart_service  mcu_api.o
    0x08006e70   0x08006e70   0x00000024   Code   RO         3498    i.wifi_uart_write_data  system.o
    0x08006e94   0x08006e94   0x00000044   Code   RO         3499    i.wifi_uart_write_frame  system.o
    0x08006ed8   0x08006ed8   0x0000001c   Code   RO         3500    i.with_data_rxbuff  system.o
    0x08006ef4   0x08006ef4   0x000000a0   Code   RO         3120    i.xPortStartScheduler  port.o
    0x08006f94   0x08006f94   0x00000034   Code   RO         3121    i.xPortSysTickHandler  port.o
    0x08006fc8   0x08006fc8   0x00000074   Code   RO         2408    i.xQueueGenericCreate  queue.o
    0x0800703c   0x0800703c   0x000001c8   Code   RO         2409    i.xQueueGenericReceive  queue.o
    0x08007204   0x08007204   0x000000b0   Code   RO         2410    i.xQueueGenericReset  queue.o
    0x080072b4   0x080072b4   0x000001c4   Code   RO         2411    i.xQueueGenericSend  queue.o
    0x08007478   0x08007478   0x00000110   Code   RO         2412    i.xQueueGenericSendFromISR  queue.o
    0x08007588   0x08007588   0x000000a0   Code   RO         2662    i.xTaskCheckForTimeOut  tasks.o
    0x08007628   0x08007628   0x00000060   Code   RO         2663    i.xTaskCreate       tasks.o
    0x08007688   0x08007688   0x00000020   Code   RO         2667    i.xTaskGetSchedulerState  tasks.o
    0x080076a8   0x080076a8   0x0000000c   Code   RO         2668    i.xTaskGetTickCount  tasks.o
    0x080076b4   0x080076b4   0x00000160   Code   RO         2670    i.xTaskIncrementTick  tasks.o
    0x08007814   0x08007814   0x000000d8   Code   RO         2673    i.xTaskPriorityDisinherit  tasks.o
    0x080078ec   0x080078ec   0x000000b4   Code   RO         2674    i.xTaskRemoveFromEventList  tasks.o
    0x080079a0   0x080079a0   0x00000120   Code   RO         2676    i.xTaskResumeAll    tasks.o
    0x08007ac0   0x08007ac0   0x00000074   Code   RO         2995    i.xTimerCreateTimerTask  timers.o
    0x08007b34   0x08007b34   0x000000a4   Code   RO         2996    i.xTimerGenericCommand  timers.o
    0x08007bd8   0x08007bd8   0x0000002c   Code   RO         3816    locale$$code        c_w.l(lc_numeric_c.o)
    0x08007c04   0x08007c04   0x0000002c   Code   RO         3836    locale$$code        c_w.l(lc_ctype_c.o)
    0x08007c30   0x08007c30   0x00000004   Code   RO         3747    x$fpl$printf1       fz_ws.l(printf1.o)
    0x08007c34   0x08007c34   0x00000000   Code   RO         3749    x$fpl$usenofp       fz_ws.l(usenofp.o)
    0x08007c34   0x08007c34   0x00000078   Data   RO           16    .constdata          main.o
    0x08007cac   0x08007cac   0x00000828   Data   RO          462    .constdata          oled.o
    0x080084d4   0x080084d4   0x00000046   Data   RO          647    .constdata          fpm383c.o
    0x0800851a   0x0800851a   0x00000018   Data   RO          776    .constdata          rtc.o
    0x08008532   0x08008532   0x0000000d   Data   RO          911    .constdata          rc522.o
    0x0800853f   0x0800853f   0x0000005a   Data   RO         3422    .constdata          protocol.o
    0x08008599   0x08008599   0x00000011   Data   RO         3616    .constdata          c_w.l(__printf_flags_ss_wp.o)
    0x080085aa   0x080085aa   0x00000002   PAD
    0x080085ac   0x080085ac   0x00000008   Data   RO         3687    .constdata          c_w.l(_printf_wctomb.o)
    0x080085b4   0x080085b4   0x00000028   Data   RO         3716    .constdata          c_w.l(_printf_hex_int_ll_ptr.o)
    0x080085dc   0x080085dc   0x00000094   Data   RO         3791    .constdata          c_w.l(bigflt0.o)
    0x08008670   0x08008670   0x00000020   Data   RO         3958    Region$$Table       anon$$obj.o
    0x08008690   0x08008690   0x0000001c   Data   RO         3815    locale$$data        c_w.l(lc_numeric_c.o)
    0x080086ac   0x080086ac   0x00000110   Data   RO         3835    locale$$data        c_w.l(lc_ctype_c.o)


    Execution Region ER_RW (Exec base: 0x20000000, Load base: 0x080087bc, Size: 0x000001e0, Max: 0xffffffff, ABSOLUTE, COMPRESSED[0x000000bc])

    Exec Addr    Load Addr    Size         Type   Attr      Idx    E Section Name        Object

    0x20000000   COMPRESSED   0x00000014   Data   RW           17    .data               main.o
    0x20000014   COMPRESSED   0x00000014   Data   RW          342    .data               system_stm32f10x.o
    0x20000028   COMPRESSED   0x000000c8   Data   RW          648    .data               fpm383c.o
    0x200000f0   COMPRESSED   0x00000002   Data   RW          777    .data               rtc.o
    0x200000f2   COMPRESSED   0x0000003e   Data   RW          912    .data               rc522.o
    0x20000130   COMPRESSED   0x00000004   Data   RW         1016    .data               delay.o
    0x20000134   COMPRESSED   0x00000006   Data   RW         1094    .data               usart.o
    0x2000013a   COMPRESSED   0x00000014   Data   RW         1383    .data               stm32f10x_rcc.o
    0x2000014e   COMPRESSED   0x00000002   PAD
    0x20000150   COMPRESSED   0x0000003c   Data   RW         2679    .data               tasks.o
    0x2000018c   COMPRESSED   0x00000014   Data   RW         3004    .data               timers.o
    0x200001a0   COMPRESSED   0x0000000c   Data   RW         3122    .data               port.o
    0x200001ac   COMPRESSED   0x00000018   Data   RW         3197    .data               heap_4.o
    0x200001c4   COMPRESSED   0x00000002   Data   RW         3265    .data               mcu_api.o
    0x200001c6   COMPRESSED   0x00000002   PAD
    0x200001c8   COMPRESSED   0x00000015   Data   RW         3502    .data               system.o


    Execution Region ER_ZI (Exec base: 0x200001e0, Load base: 0x08008878, Size: 0x00003d88, Max: 0xffffffff, ABSOLUTE)

    Exec Addr    Load Addr    Size         Type   Attr      Idx    E Section Name        Object

    0x200001e0        -       0x00000037   Zero   RW           15    .bss                main.o
    0x20000217        -       0x00000014   Zero   RW          646    .bss                fpm383c.o
    0x2000022b   0x08008878   0x00000001   PAD
    0x2000022c        -       0x0000000a   Zero   RW          775    .bss                rtc.o
    0x20000236        -       0x00000800   Zero   RW          858    .bss                stmflash.o
    0x20000a36        -       0x00000190   Zero   RW         1093    .bss                usart.o
    0x20000bc6   0x08008878   0x00000002   PAD
    0x20000bc8        -       0x00000040   Zero   RW         2423    .bss                queue.o
    0x20000c08        -       0x000002e4   Zero   RW         2678    .bss                tasks.o
    0x20000eec        -       0x00000028   Zero   RW         3003    .bss                timers.o
    0x20000f14        -       0x00002800   Zero   RW         3196    .bss                heap_4.o
    0x20003714        -       0x000001f1   Zero   RW         3501    .bss                system.o
    0x20003905   0x08008878   0x00000003   PAD
    0x20003908        -       0x00000060   Zero   RW         3831    .bss                c_w.l(libspace.o)
    0x20003968        -       0x00000200   Zero   RW         1171    HEAP                startup_stm32f10x_md.o
    0x20003b68        -       0x00000400   Zero   RW         1170    STACK               startup_stm32f10x_md.o


==============================================================================

Image component sizes


      Code (inc. data)   RO Data    RW Data    ZI Data      Debug   Object Name

       244         26          0          4          0       2205   delay.o
         0          0          0          0          0      10248   event_groups.o
      1828        502         70        200         20      10697   fpm383c.o
       752        176          0         24      10240       3699   heap_4.o
        44          0          0          0          0        956   iwdg.o
      1132         78          0          0          0       3982   key.o
       100          8          0          0          0        491   led.o
       148          0          0          0          0       2902   list.o
       136         44          0          0          0        755   log.o
      3120        814        120         20         55     259711   main.o
       774         72          0          2          0       6453   mcu_api.o
       172         22          0          0          0       1961   misc.o
       932         38       2088          0          0       9148   oled.o
       950        320          0         12          0       9853   port.o
       466        104         90          0          0       5930   protocol.o
      2164        238          0          0         64      14925   queue.o
      1472        112         13         62          0      10451   rc522.o
       900         36         24          2         10       5390   rtc.o
        64         26        236          0       1536        776   startup_stm32f10x_md.o
        72         10          0          0          0       2592   stm32f10x_bkp.o
       200         18          0          0          0       2012   stm32f10x_exti.o
       274         30          0          0          0       3286   stm32f10x_flash.o
       516         10          0          0          0       5453   stm32f10x_gpio.o
        20          0          0          0          0       2337   stm32f10x_it.o
        68         30          0          0          0       2362   stm32f10x_iwdg.o
        12          6          0          0          0        486   stm32f10x_pwr.o
       428         58          0         20          0       6914   stm32f10x_rcc.o
       260         48          0          0          0       4916   stm32f10x_rtc.o
       472          6          0          0          0       6595   stm32f10x_usart.o
       310         10          0          0       2048       3417   stmflash.o
         0          0          0          0          0         32   sys.o
      1230        162          0         21        497       9862   system.o
       328         28          0         20          0       1965   system_stm32f10x.o
      3406        878          0         60        740      27811   tasks.o
      1310        312          0         20         40       8139   timers.o
       328         26          0          6        400       4685   usart.o
       232         22          0          0          0       1655   usart3.o

    ----------------------------------------------------------------------
     24898       4270       2673        480      15656     455052   Object Totals
         0          0         32          0          0          0   (incl. Generated)
        34          0          0          7          6          0   (incl. Padding)

    ----------------------------------------------------------------------

      Code (inc. data)   RO Data    RW Data    ZI Data      Debug   Library Member Name

        24          4          0          0          0         84   __2printf.o
        56          6          0          0          0         88   __2snprintf.o
        90          0          0          0          0          0   __dczerorl2.o
         8          0          0          0          0         68   __main.o
       392          4         17          0          0         92   __printf_flags_ss_wp.o
        14          0          0          0          0         68   __printf_wp.o
         0          0          0          0          0          0   __rtentry.o
        12          0          0          0          0          0   __rtentry2.o
         6          0          0          0          0          0   __rtentry4.o
        52          8          0          0          0          0   __scatter.o
        28          0          0          0          0          0   __scatter_zi.o
         6          0          0          0          0          0   _printf_a.o
         6          0          0          0          0          0   _printf_c.o
        44          0          0          0          0        108   _printf_char.o
        48          6          0          0          0         96   _printf_char_common.o
        36          4          0          0          0         80   _printf_char_file.o
        40          0          0          0          0         68   _printf_charcount.o
         6          0          0          0          0          0   _printf_d.o
       120         16          0          0          0         92   _printf_dec.o
         6          0          0          0          0          0   _printf_e.o
         6          0          0          0          0          0   _printf_f.o
      1054          0          0          0          0        216   _printf_fp_dec.o
       128         16          0          0          0         84   _printf_fp_infnan.o
         6          0          0          0          0          0   _printf_g.o
       148          4         40          0          0        160   _printf_hex_int_ll_ptr.o
         6          0          0          0          0          0   _printf_i.o
       178          0          0          0          0         88   _printf_intcommon.o
        10          0          0          0          0          0   _printf_l.o
         6          0          0          0          0          0   _printf_lc.o
        10          0          0          0          0          0   _printf_ll.o
         6          0          0          0          0          0   _printf_lld.o
         6          0          0          0          0          0   _printf_lli.o
         6          0          0          0          0          0   _printf_llo.o
         6          0          0          0          0          0   _printf_llu.o
         6          0          0          0          0          0   _printf_llx.o
       124         16          0          0          0         92   _printf_longlong_dec.o
         6          0          0          0          0          0   _printf_ls.o
         6          0          0          0          0          0   _printf_n.o
         6          0          0          0          0          0   _printf_o.o
       112         10          0          0          0        124   _printf_oct_int_ll.o
         6          0          0          0          0          0   _printf_p.o
        78          0          0          0          0        108   _printf_pad.o
         0          0          0          0          0          0   _printf_percent.o
         4          0          0          0          0          0   _printf_percent_end.o
         6          0          0          0          0          0   _printf_s.o
        82          0          0          0          0         80   _printf_str.o
        36          0          0          0          0         84   _printf_truncate.o
         6          0          0          0          0          0   _printf_u.o
        44          0          0          0          0        108   _printf_wchar.o
       188          6          8          0          0         92   _printf_wctomb.o
         6          0          0          0          0          0   _printf_x.o
        16          0          0          0          0         68   _snputc.o
        10          0          0          0          0         68   _sputc.o
        64          0          0          0          0         92   _wcrtomb.o
        16          0          0          0          0         68   aeabi_memset.o
       228          4        148          0          0         96   bigflt0.o
      1936        128          0          0          0        672   btod.o
        36          4          0          0          0         76   c89vsprintf.o
        18          0          0          0          0         80   exit.o
         8          0          0          0          0         68   ferror.o
         6          0          0          0          0        152   heapauxi.o
        44         10        272          0          0         76   lc_ctype_c.o
        44         10         28          0          0         76   lc_numeric_c.o
         2          0          0          0          0          0   libinit.o
        30          0          0          0          0          0   libinit2.o
         2          0          0          0          0          0   libshutdown.o
         2          0          0          0          0          0   libshutdown2.o
         8          4          0          0         96         68   libspace.o
       138          0          0          0          0         80   lludiv10.o
        16          4          0          0          0         76   rt_ctype_table.o
         8          4          0          0          0         68   rt_locale_intlibspace.o
        68          0          0          0          0         68   rt_memclr.o
        78          0          0          0          0         80   rt_memclr_w.o
       138          0          0          0          0         68   rt_memcpy_v6.o
       100          0          0          0          0         80   rt_memcpy_w.o
         2          0          0          0          0          0   rtexit.o
        10          0          0          0          0          0   rtexit2.o
       128          0          0          0          0         68   strcmpv7m.o
        62          0          0          0          0         76   strlen.o
        22          0          0          0          0         68   strrchr.o
        74          0          0          0          0         80   sys_stackheap_outer.o
         2          0          0          0          0         68   use_no_semi.o
         2          0          0          0          0         68   use_no_semi_2.o
         4          0          0          0          0         68   printf1.o
         0          0          0          0          0          0   usenofp.o
        40          0          0          0          0         68   fpclassify.o

    ----------------------------------------------------------------------
      6662        268        515          0         96       4824   Library Totals
        14          0          2          0          0          0   (incl. Padding)

    ----------------------------------------------------------------------

      Code (inc. data)   RO Data    RW Data    ZI Data      Debug   Library Name

      6604        268        513          0         96       4688   c_w.l
         4          0          0          0          0         68   fz_ws.l
        40          0          0          0          0         68   m_ws.l

    ----------------------------------------------------------------------
      6662        268        515          0         96       4824   Library Totals

    ----------------------------------------------------------------------

==============================================================================


      Code (inc. data)   RO Data    RW Data    ZI Data      Debug   

     31560       4538       3188        480      15752     444116   Grand Totals
     31560       4538       3188        188      15752     444116   ELF Image Totals (compressed)
     31560       4538       3188        188          0          0   ROM Totals

==============================================================================

    Total RO  Size (Code + RO Data)                34748 (  33.93kB)
    Total RW  Size (RW Data + ZI Data)             16232 (  15.85kB)
    Total ROM Size (Code + RO Data + RW Data)      34936 (  34.12kB)

==============================================================================

