<html>
<body>
<pre>
<h1>礦ision Build Log</h1>
<h2>Tool Versions:</h2>
IDE-Version: μVision V5.39.0.0
Copyright (C) 2023 ARM Ltd and ARM Germany GmbH. All rights reserved.
License Information: 111 hc, 1111, LIC=65ISZ-JMVV6-FWL2N-YIXRI-U9XMC-7UGJR
 
Tool Versions:
Toolchain:       MDK-ARM Plus  Version: 5.39.0.0
Toolchain Path:  C:\Keil_v5\ARM\ARMCC\Bin
C Compiler:      Armcc.exe V5.06 update 7 (build 960)
Assembler:       Armasm.exe V5.06 update 7 (build 960)
Linker/Locator:  ArmLink.exe V5.06 update 7 (build 960)
Library Manager: ArmAr.exe V5.06 update 7 (build 960)
Hex Converter:   FromElf.exe V5.06 update 7 (build 960)
CPU DLL:         SARMCM3.DLL V5.39.0.0
Dialog DLL:      DCM.DLL V1.17.5.0
Target DLL:      STLink\ST-LINKIII-KEIL_SWO.dll V3.2.0.0
Dialog DLL:      TCM.DLL V1.56.4.0
 
<h2>Project:</h2>
d:\4.diy\门锁\FreeRTOS移植工程\USER\LED.uvprojx
Project File Date:  06/23/2024

<h2>Output:</h2>
*** Using Compiler 'V5.06 update 7 (build 960)', folder: 'C:\Keil_v5\ARM\ARMCC\Bin'
Build target 'LED'
compiling main.c...
..\SYSTEM\log\log.h(11): warning:  #1-D: last line of file ends without a newline
  #endif
main.c(72): warning:  #223-D: function "logd" declared implicitly
      LOGD("flash reset success");	
main.c(87): warning:  #223-D: function "usart3_init" declared implicitly
  	usart3_init(115200);
main.c(91): warning:  #223-D: function "logd" declared implicitly
  		LOGD("RTC ERROR!   ");	
main.c(97): warning:  #223-D: function "logd" declared implicitly
  	LOGD("init success\n");
main.c(142): warning:  #223-D: function "logd" declared implicitly
  	LOGD("led task start\r\n");
main.c(158): warning:  #223-D: function "RC522_Handel" declared implicitly
          RC522_Handel();  //射频卡处理程序
main.c(164): warning:  #223-D: function "logd" declared implicitly
  	LOGD("tuya task start\r\n");
main.c(180): warning:  #223-D: function "logd" declared implicitly
      LOGD("add key password");
main.c(175): warning:  #177-D: variable "j"  was declared but never referenced
      int i = 0,j=0;
main.c(229): warning:  #223-D: function "logd" declared implicitly
      LOGD("————注册指纹模式————");
main.c(250): warning:  #111-D: statement is unreachable
          vTaskDelay(10);
main.c(280): warning:  #223-D: function "logd" declared implicitly
      LOGD("choose user add type");
main.c(309): warning:  #223-D: function "logd" declared implicitly
      LOGD("open key password");
main.c(304): warning:  #177-D: variable "j"  was declared but never referenced
      int i = 0,j=0;
main.c(363): warning:  #223-D: function "logd" declared implicitly
                  LOGD("按键配网 SMART_CONFIG %d\r\n",set_wifimode_flag);
main.c(392): warning:  #223-D: function "logd" declared implicitly
  	LOGD("key task start");
main.c(402): warning:  #167-D: argument of type "char *" is incompatible with parameter of type "u8 *"
  			OLED_ShowString(0,0,buf,16);
main.c: 18 warnings, 0 errors
linking...
Program Size: Code=31560 RO-data=3188 RW-data=480 ZI-data=15752  
FromELF: creating hex file...
"..\OBJ\LED.axf" - 0 Error(s), 18 Warning(s).

<h2>Software Packages used:</h2>

Package Vendor: Keil
                http://www.keil.com/pack/Keil.STM32F1xx_DFP.2.4.0.pack
                Keil::STM32F1xx_DFP@2.4.0
                STMicroelectronics STM32F1 Series Device Support, Drivers and Examples

<h2>Collection of Component include folders:</h2>
  C:/Users/hc/AppData/Local/Arm/Packs/Keil/STM32F1xx_DFP/2.4.0/Device/Include

<h2>Collection of Component Files used:</h2>
Build Time Elapsed:  00:00:01
</pre>
</body>
</html>
